rung 100/s: baseline@1024B, group-commit@1024B, pipeline-only@1024B, batch-only@1024B, group-batch@1024B, group-batch-pipeline@1024B, optimized-http@1024B, optimized-binary@1024B, transport-only@1024B, baseline@64B, optimized-http@64B, optimized-binary@64B, baseline@16384B, optimized-http@16384B, optimized-binary@16384B
rung 200/s: baseline@1024B, group-commit@1024B, pipeline-only@1024B, batch-only@1024B, group-batch@1024B, group-batch-pipeline@1024B, optimized-http@1024B, optimized-binary@1024B, transport-only@1024B, baseline@64B, optimized-http@64B, optimized-binary@64B, baseline@16384B, optimized-http@16384B, optimized-binary@16384B
rung 300/s: baseline@1024B, group-commit@1024B, pipeline-only@1024B, batch-only@1024B, group-batch@1024B, group-batch-pipeline@1024B, optimized-http@1024B, optimized-binary@1024B, transport-only@1024B, baseline@64B, optimized-http@64B, optimized-binary@64B, baseline@16384B, optimized-http@16384B, optimized-binary@16384B
rung 500/s: baseline@1024B, group-commit@1024B, pipeline-only@1024B, batch-only@1024B, group-batch@1024B, group-batch-pipeline@1024B, optimized-http@1024B, optimized-binary@1024B, transport-only@1024B, baseline@64B, optimized-http@64B, optimized-binary@64B, baseline@16384B, optimized-http@16384B, optimized-binary@16384B
  pipeline-only@1024B stops at 500/s (streak=2, mean achieved ratio=0.843)
rung 750/s: baseline@1024B, group-commit@1024B, batch-only@1024B, group-batch@1024B, group-batch-pipeline@1024B, optimized-http@1024B, optimized-binary@1024B, transport-only@1024B, baseline@64B, optimized-http@64B, optimized-binary@64B, baseline@16384B, optimized-http@16384B, optimized-binary@16384B
  transport-only@1024B stops at 750/s (streak=2, mean achieved ratio=0.717)
  baseline@64B stops at 750/s (streak=2, mean achieved ratio=0.863)
  baseline@16384B stops at 750/s (streak=2, mean achieved ratio=0.802)
rung 1000/s: baseline@1024B, group-commit@1024B, batch-only@1024B, group-batch@1024B, group-batch-pipeline@1024B, optimized-http@1024B, optimized-binary@1024B, optimized-http@64B, optimized-binary@64B, optimized-http@16384B, optimized-binary@16384B
  baseline@1024B stops at 1000/s (streak=2, mean achieved ratio=0.637)
  batch-only@1024B stops at 1000/s (streak=2, mean achieved ratio=0.818)
rung 1500/s: group-commit@1024B, group-batch@1024B, group-batch-pipeline@1024B, optimized-http@1024B, optimized-binary@1024B, optimized-http@64B, optimized-binary@64B, optimized-http@16384B, optimized-binary@16384B
rung 2000/s: group-commit@1024B, group-batch@1024B, group-batch-pipeline@1024B, optimized-http@1024B, optimized-binary@1024B, optimized-http@64B, optimized-binary@64B, optimized-http@16384B, optimized-binary@16384B
rung 3000/s: group-commit@1024B, group-batch@1024B, group-batch-pipeline@1024B, optimized-http@1024B, optimized-binary@1024B, optimized-http@64B, optimized-binary@64B, optimized-http@16384B, optimized-binary@16384B
rung 4000/s: group-commit@1024B, group-batch@1024B, group-batch-pipeline@1024B, optimized-http@1024B, optimized-binary@1024B, optimized-http@64B, optimized-binary@64B, optimized-http@16384B, optimized-binary@16384B
rung 5000/s: group-commit@1024B, group-batch@1024B, group-batch-pipeline@1024B, optimized-http@1024B, optimized-binary@1024B, optimized-http@64B, optimized-binary@64B, optimized-http@16384B, optimized-binary@16384B
  optimized-http@16384B stops at 5000/s (streak=2, mean achieved ratio=0.668)
  optimized-binary@16384B stops at 5000/s (streak=2, mean achieved ratio=0.780)
rung 6000/s: group-commit@1024B, group-batch@1024B, group-batch-pipeline@1024B, optimized-http@1024B, optimized-binary@1024B, optimized-http@64B, optimized-binary@64B
rung 8000/s: group-commit@1024B, group-batch@1024B, group-batch-pipeline@1024B, optimized-http@1024B, optimized-binary@1024B, optimized-http@64B, optimized-binary@64B
rung 10000/s: group-commit@1024B, group-batch@1024B, group-batch-pipeline@1024B, optimized-http@1024B, optimized-binary@1024B, optimized-http@64B, optimized-binary@64B
  group-commit@1024B stops at 10000/s (streak=2, mean achieved ratio=0.840)
  group-batch-pipeline@1024B stops at 10000/s (streak=2, mean achieved ratio=0.866)
  optimized-http@1024B stops at 10000/s (streak=2, mean achieved ratio=0.835)
rung 12000/s: group-batch@1024B, optimized-binary@1024B, optimized-http@64B, optimized-binary@64B
rung 15000/s: group-batch@1024B, optimized-binary@1024B, optimized-http@64B, optimized-binary@64B
  group-batch@1024B stops at 15000/s (streak=2, mean achieved ratio=0.569)
  optimized-http@64B stops at 15000/s (streak=2, mean achieved ratio=0.575)
rung 20000/s: optimized-binary@1024B, optimized-binary@64B
  optimized-binary@1024B stops at 20000/s (streak=2, mean achieved ratio=0.268)
  optimized-binary@64B stops at 20000/s (streak=1, mean achieved ratio=0.000)
fraction 0.5 of each knee: baseline@1024B=250/s, group-commit@1024B=3000/s, pipeline-only@1024B=100/s, batch-only@1024B=250/s, group-batch@1024B=3000/s, group-batch-pipeline@1024B=3000/s, optimized-http@1024B=3000/s, optimized-binary@1024B=6000/s, transport-only@1024B=150/s, baseline@64B=150/s, optimized-http@64B=3000/s, optimized-binary@64B=5000/s, baseline@16384B=150/s, optimized-http@16384B=1500/s, optimized-binary@16384B=1500/s
  r87.6 transport-only 1024B disabled rep 3 disk=slow(1.674ms) transport-only rate=150/s payload=1024B | achieved=150.1/s (100.0%) | err=0.00% | p50=3.877ms p99=10.023ms p99.9=11.639ms max=17.73ms | leaderCPU=19.5% ELU=0.324 fsync/s=150 meta/s=139.7 AE/s=278.1 | genLagP99=0.053ms | STABLE
  r87.7 group-commit 1024B disabled rep 3 disk=fast(0.357ms) group-commit rate=3000/s payload=1024B | achieved=3000/s (100.0%) | err=0.00% | p50=4.619ms p99=9.263ms p99.9=13.631ms max=16.292ms | leaderCPU=79% ELU=1 fsync/s=676.5 meta/s=9.8 AE/s=711.5 | genLagP99=0.073ms | STABLE
  r87.8 baseline 64B disabled rep 3 disk=fast(0.458ms) baseline rate=150/s payload=64B | achieved=150.1/s (100.0%) | err=0.00% | p50=27.647ms p99=47.871ms p99.9=69.375ms max=74.38ms | leaderCPU=22.9% ELU=0.866 fsync/s=149.8 meta/s=79.7 AE/s=111.3 | genLagP99=0.107ms | STABLE
  r87.9 baseline 1024B disabled rep 3 disk=slow(1.852ms) baseline rate=250/s payload=1024B | achieved=250.7/s (100.3%) | err=0.00% | p50=8.575ms p99=68.607ms p99.9=78.079ms max=82.068ms | leaderCPU=38.2% ELU=0.769 fsync/s=249.9 meta/s=145.2 AE/s=240.3 | genLagP99=0.096ms | STABLE
  r87.10 optimized-http 64B disabled rep 3 disk=fast(0.376ms) optimized-http rate=3000/s payload=64B | achieved=2998.8/s (100.0%) | err=0.00% | p50=15.327ms p99=27.519ms p99.9=34.335ms max=39.163ms | leaderCPU=88.3% ELU=1 fsync/s=141.1 meta/s=9.5 AE/s=1719.9 | genLagP99=0.106ms | STABLE
  r87.11 optimized-binary 16384B disabled rep 3 disk=slow(1.835ms) optimized-binary rate=1500/s payload=16384B | achieved=1500/s (100.0%) | err=0.00% | p50=11.207ms p99=23.903ms p99.9=30.191ms max=34.609ms | leaderCPU=55.6% ELU=1 fsync/s=198.7 meta/s=9.3 AE/s=720.9 | genLagP99=0.077ms | STABLE
  r87.12 optimized-binary 64B disabled rep 3 disk=slow(1.867ms) optimized-binary rate=5000/s payload=64B | achieved=5002/s (100.0%) | err=0.00% | p50=7.507ms p99=16.895ms p99.9=21.247ms max=28.936ms | leaderCPU=61% ELU=1 fsync/s=464.8 meta/s=9.6 AE/s=1668.8 | genLagP99=0.053ms | STABLE
  r87.13 optimized-http 16384B disabled rep 3 disk=fast(0.386ms) optimized-http rate=1500/s payload=16384B | achieved=1500.2/s (100.0%) | err=0.00% | p50=19.151ms p99=31.167ms p99.9=37.919ms max=42.56ms | leaderCPU=73.8% ELU=1 fsync/s=124 meta/s=9.2 AE/s=692.5 | genLagP99=0.074ms | STABLE
  r87.14 baseline 16384B disabled rep 3 disk=slow(1.772ms) baseline rate=150/s payload=16384B | achieved=150/s (100.0%) | err=0.00% | p50=24.319ms p99=39.871ms p99.9=48.991ms max=55.583ms | leaderCPU=21.6% ELU=0.84 fsync/s=149.9 meta/s=84.7 AE/s=124.7 | genLagP99=0.079ms | STABLE
  r88.0 batch-only 1024B disabled rep 4 disk=slow(1.654ms) batch-only rate=250/s payload=1024B | achieved=250.4/s (100.2%) | err=0.00% | p50=10.143ms p99=56.991ms p99.9=74.175ms max=82.094ms | leaderCPU=34.1% ELU=0.794 fsync/s=249.8 meta/s=137.3 AE/s=222.7 | genLagP99=0.062ms | STABLE
  r88.1 pipeline-only 1024B disabled rep 4 disk=fast(0.383ms) pipeline-only rate=100/s payload=1024B | achieved=100/s (100.0%) | err=0.00% | p50=4.247ms p99=6.627ms p99.9=13.695ms max=18.353ms | leaderCPU=22.1% ELU=0.308 fsync/s=100 meta/s=100 AE/s=200 | genLagP99=0.051ms | STABLE
  r88.2 group-batch 1024B disabled rep 4 disk=fast(0.343ms) group-batch rate=3000/s payload=1024B | achieved=2998.8/s (100.0%) | err=0.00% | p50=4.035ms p99=15.815ms p99.9=19.919ms max=23.994ms | leaderCPU=73.4% ELU=1 fsync/s=730 meta/s=9.8 AE/s=729.8 | genLagP99=0.056ms | STABLE
  r88.3 group-commit 1024B disabled rep 4 disk=slow(1.854ms) group-commit rate=3000/s payload=1024B | achieved=3000/s (100.0%) | err=0.00% | p50=11.855ms p99=19.423ms p99.9=23.199ms max=27.931ms | leaderCPU=47.9% ELU=1 fsync/s=259.3 meta/s=9.3 AE/s=274.5 | genLagP99=0.045ms | STABLE
  r88.4 group-batch-pipeline 1024B disabled rep 4 disk=slow(1.781ms) group-batch-pipeline rate=3000/s payload=1024B | achieved=2999.8/s (100.0%) | err=0.00% | p50=14.391ms p99=30.767ms p99.9=42.463ms max=47.732ms | leaderCPU=74.2% ELU=1 fsync/s=158.7 meta/s=9.3 AE/s=1306.8 | genLagP99=0.056ms | STABLE
  r88.5 baseline 1024B disabled rep 4 disk=fast(0.431ms) baseline rate=250/s payload=1024B | achieved=250/s (100.0%) | err=0.00% | p50=5.783ms p99=11.111ms p99.9=14.975ms max=17.081ms | leaderCPU=42.5% ELU=0.586 fsync/s=249.9 meta/s=196.1 AE/s=364.1 | genLagP99=0.05ms | STABLE
  r88.6 optimized-http 1024B disabled rep 4 disk=fast(0.352ms) optimized-http rate=3000/s payload=1024B | achieved=2999.9/s (100.0%) | err=0.00% | p50=14.127ms p99=23.439ms p99.9=30.207ms max=33.529ms | leaderCPU=52.9% ELU=1 fsync/s=177.4 meta/s=9.3 AE/s=810 | genLagP99=0.055ms | STABLE
  r88.7 transport-only 1024B disabled rep 4 disk=slow(1.902ms) transport-only rate=150/s payload=1024B | achieved=150/s (100.0%) | err=0.00% | p50=30.367ms p99=45.887ms p99.9=50.879ms max=52.853ms | leaderCPU=17.7% ELU=0.92 fsync/s=149.9 meta/s=83.2 AE/s=106 | genLagP99=0.071ms | STABLE
  r88.8 optimized-binary 1024B disabled rep 4 disk=slow(1.721ms) optimized-binary rate=6000/s payload=1024B | achieved=6004.3/s (100.1%) | err=0.00% | p50=10.575ms p99=27.007ms p99.9=35.103ms max=38.996ms | leaderCPU=64.7% ELU=1 fsync/s=295.4 meta/s=9.4 AE/s=1051.8 | genLagP99=0.077ms | STABLE
  r89.0 group-batch 1024B disabled rep 5 disk=fast(0.417ms) group-batch rate=3000/s payload=1024B | achieved=3000.2/s (100.0%) | err=0.00% | p50=3.739ms p99=8.103ms p99.9=11.727ms max=14.729ms | leaderCPU=75.9% ELU=1 fsync/s=805.2 meta/s=9.8 AE/s=805 | genLagP99=0.061ms | STABLE
  r89.1 batch-only 1024B disabled rep 5 disk=fast(0.373ms) batch-only rate=250/s payload=1024B | achieved=250.1/s (100.0%) | err=0.00% | p50=54.655ms p99=74.367ms p99.9=81.983ms max=86.357ms | leaderCPU=18.5% ELU=1 fsync/s=249.8 meta/s=61.1 AE/s=61.1 | genLagP99=0.059ms | STABLE
  r89.2 group-batch-pipeline 1024B disabled rep 5 disk=slow(1.823ms) group-batch-pipeline rate=3000/s payload=1024B | achieved=2999.7/s (100.0%) | err=0.00% | p50=15.199ms p99=26.095ms p99.9=30.271ms max=36.081ms | leaderCPU=68.3% ELU=1 fsync/s=155.1 meta/s=9.3 AE/s=981.3 | genLagP99=0.061ms | STABLE
  r89.3 pipeline-only 1024B disabled rep 5 disk=slow(1.813ms) pipeline-only rate=100/s payload=1024B | achieved=100/s (100.0%) | err=0.00% | p50=17.295ms p99=50.303ms p99.9=54.399ms max=55.152ms | leaderCPU=20.3% ELU=0.799 fsync/s=100 meta/s=100 AE/s=200.5 | genLagP99=0.058ms | STABLE
  r89.4 optimized-http 1024B disabled rep 5 disk=slow(1.685ms) optimized-http rate=3000/s payload=1024B | achieved=2999.6/s (100.0%) | err=0.00% | p50=13.559ms p99=22.271ms p99.9=26.287ms max=29.408ms | leaderCPU=83.2% ELU=1 fsync/s=160.4 meta/s=9.6 AE/s=1740.8 | genLagP99=0.063ms | STABLE
  r89.5 group-commit 1024B disabled rep 5 disk=fast(0.386ms) group-commit rate=3000/s payload=1024B | achieved=2998.4/s (99.9%) | err=0.00% | p50=12.287ms p99=21.119ms p99.9=24.271ms max=27.977ms | leaderCPU=59.8% ELU=1 fsync/s=302 meta/s=9.4 AE/s=320.5 | genLagP99=0.067ms | STABLE
  r89.6 optimized-binary 1024B disabled rep 5 disk=slow(1.674ms) optimized-binary rate=6000/s payload=1024B | achieved=5997.6/s (100.0%) | err=0.00% | p50=3.209ms p99=10.095ms p99.9=16.687ms max=27.653ms | leaderCPU=78.2% ELU=1 fsync/s=582.8 meta/s=9.8 AE/s=2063.4 | genLagP99=0.063ms | STABLE
  r89.7 baseline 1024B disabled rep 5 disk=slow(1.707ms) baseline rate=250/s payload=1024B | achieved=250/s (100.0%) | err=0.00% | p50=61.503ms p99=85.887ms p99.9=94.015ms max=97.586ms | leaderCPU=21.8% ELU=1 fsync/s=249.8 meta/s=59.5 AE/s=59.5 | genLagP99=0.082ms | STABLE
  r89.8 transport-only 1024B disabled rep 5 disk=slow(1.719ms) transport-only rate=150/s payload=1024B | achieved=149.9/s (100.0%) | err=0.00% | p50=4.647ms p99=36.831ms p99.9=43.647ms max=46.691ms | leaderCPU=18.5% ELU=0.552 fsync/s=149.9 meta/s=116.4 AE/s=212.8 | genLagP99=0.072ms | UNSTABLE(latency grew 5.63x across the window)
fraction 0.8 of each knee: baseline@1024B=400/s, group-commit@1024B=4800/s, pipeline-only@1024B=160/s, batch-only@1024B=400/s, group-batch@1024B=4800/s, group-batch-pipeline@1024B=4800/s, optimized-http@1024B=4800/s, optimized-binary@1024B=9600/s, transport-only@1024B=240/s, baseline@64B=240/s, optimized-http@64B=4800/s, optimized-binary@64B=8000/s, baseline@16384B=240/s, optimized-http@16384B=2400/s, optimized-binary@16384B=2400/s
  r90.0 baseline 1024B disabled rep 1 disk=slow(1.704ms) baseline rate=400/s payload=1024B | achieved=401.2/s (100.3%) | err=0.00% | p50=8.327ms p99=120.959ms p99.9=136.959ms max=150.873ms | leaderCPU=35.6% ELU=0.858 fsync/s=399.6 meta/s=168.5 AE/s=260.9 | genLagP99=0.062ms | STABLE
  r90.1 group-commit 1024B disabled rep 1 disk=fast(0.379ms) group-commit rate=4800/s payload=1024B | achieved=4800/s (100.0%) | err=0.00% | p50=5.215ms p99=12.263ms p99.9=23.087ms max=30.496ms | leaderCPU=86.2% ELU=1 fsync/s=617.4 meta/s=9.8 AE/s=651.9 | genLagP99=0.052ms | STABLE
  r90.2 optimized-binary 16384B disabled rep 1 disk=fast(0.365ms) optimized-binary rate=2400/s payload=16384B | achieved=2400.4/s (100.0%) | err=0.00% | p50=14.535ms p99=31.503ms p99.9=41.471ms max=50.644ms | leaderCPU=64.2% ELU=1 fsync/s=146.3 meta/s=9.2 AE/s=525 | genLagP99=0.059ms | STABLE
  r90.3 pipeline-only 1024B disabled rep 1 disk=slow(1.812ms) pipeline-only rate=160/s payload=1024B | achieved=162.8/s (101.7%) | err=0.00% | p50=347.647ms p99=405.759ms p99.9=412.671ms max=551.456ms | leaderCPU=18.6% ELU=0.888 fsync/s=158.9 meta/s=101.2 AE/s=135.6 | genLagP99=0.061ms | STABLE
  r90.4 optimized-http 16384B disabled rep 1 disk=fast(0.369ms) optimized-http rate=2400/s payload=16384B | achieved=2399.9/s (100.0%) | err=0.00% | p50=20.159ms p99=57.951ms p99.9=83.135ms max=90.522ms | leaderCPU=103.8% ELU=1 fsync/s=104 meta/s=9.4 AE/s=1143 | genLagP99=0.062ms | STABLE
  r90.5 batch-only 1024B disabled rep 1 disk=slow(1.651ms) batch-only rate=400/s payload=1024B | achieved=399.6/s (99.9%) | err=0.00% | p50=70.911ms p99=136.319ms p99.9=158.975ms max=166.234ms | leaderCPU=16.3% ELU=1 fsync/s=399.2 meta/s=25.4 AE/s=50.8 | genLagP99=0.052ms | STABLE
  r90.6 baseline 16384B disabled rep 1 disk=fast(0.353ms) baseline rate=240/s payload=16384B | achieved=239.6/s (99.8%) | err=0.00% | p50=44.607ms p99=63.455ms p99.9=68.031ms max=70.463ms | leaderCPU=31.4% ELU=0.914 fsync/s=240 meta/s=96 AE/s=130 | genLagP99=0.053ms | UNSTABLE(latency grew 7.25x across the window)
  r90.7 group-batch 1024B disabled rep 1 disk=slow(1.657ms) group-batch rate=4800/s payload=1024B | achieved=4799.9/s (100.0%) | err=0.00% | p50=13.599ms p99=21.119ms p99.9=24.431ms max=28.098ms | leaderCPU=50.2% ELU=1 fsync/s=236.8 meta/s=9.4 AE/s=240.5 | genLagP99=0.051ms | STABLE
  r90.8 optimized-binary 64B disabled rep 1 disk=slow(1.656ms) optimized-binary rate=8000/s payload=64B | achieved=7999.1/s (100.0%) | err=0.00% | p50=2.979ms p99=19.343ms p99.9=28.415ms max=34.723ms | leaderCPU=77% ELU=0.999 fsync/s=577.1 meta/s=9.8 AE/s=1997.9 | genLagP99=0.057ms | STABLE
  r90.9 group-batch-pipeline 1024B disabled rep 1 disk=slow(1.678ms) group-batch-pipeline rate=4800/s payload=1024B | achieved=4802.2/s (100.0%) | err=0.00% | p50=18.735ms p99=26.879ms p99.9=34.079ms max=38.119ms | leaderCPU=79.5% ELU=1 fsync/s=117.3 meta/s=9.3 AE/s=1115.5 | genLagP99=0.046ms | STABLE
  r90.10 optimized-http 64B disabled rep 1 disk=fast(0.348ms) optimized-http rate=4800/s payload=64B | achieved=4800.1/s (100.0%) | err=0.00% | p50=15.279ms p99=23.775ms p99.9=27.855ms max=30.237ms | leaderCPU=64.3% ELU=1 fsync/s=156.4 meta/s=9.3 AE/s=939.7 | genLagP99=0.046ms | STABLE
  r90.11 optimized-http 1024B disabled rep 1 disk=slow(1.682ms) optimized-http rate=4800/s payload=1024B | achieved=4799.4/s (100.0%) | err=0.00% | p50=16.735ms p99=25.999ms p99.9=39.743ms max=44.355ms | leaderCPU=66.7% ELU=1 fsync/s=141.4 meta/s=9.3 AE/s=804.7 | genLagP99=0.049ms | STABLE
  r90.12 baseline 64B disabled rep 1 disk=slow(1.652ms) baseline rate=240/s payload=64B | achieved=240.4/s (100.2%) | err=0.00% | p50=10.559ms p99=47.807ms p99.9=54.175ms max=61.451ms | leaderCPU=23.5% ELU=0.755 fsync/s=239.9 meta/s=138.3 AE/s=224.6 | genLagP99=0.056ms | STABLE
  r90.13 optimized-binary 1024B disabled rep 1 disk=fast(0.365ms) optimized-binary rate=9600/s payload=1024B | achieved=9601.5/s (100.0%) | err=0.00% | p50=4.639ms p99=14.191ms p99.9=25.343ms max=30.632ms | leaderCPU=89.6% ELU=1 fsync/s=403.1 meta/s=9.7 AE/s=1372.3 | genLagP99=0.074ms | STABLE
  r90.14 transport-only 1024B disabled rep 1 disk=fast(0.329ms) transport-only rate=240/s payload=1024B | achieved=239.7/s (99.9%) | err=0.00% | p50=52.287ms p99=73.407ms p99.9=80.191ms max=87.603ms | leaderCPU=15.7% ELU=1 fsync/s=239.8 meta/s=68.2 AE/s=68.2 | genLagP99=0.056ms | STABLE
  r91.0 group-commit 1024B disabled rep 2 disk=slow(1.659ms) group-commit rate=4800/s payload=1024B | achieved=4630.9/s (96.5%) | err=0.00% | p50=17.391ms p99=1153.023ms p99.9=1220.607ms max=1233.103ms | leaderCPU=63% ELU=0.998 fsync/s=162.3 meta/s=9.2 AE/s=198 | genLagP99=25.167ms | UNSTABLE(achieved 96.5% of offered; p99 1153.023 ms; latency grew 55.4x across the window)
  r91.1 pipeline-only 1024B disabled rep 2 disk=slow(1.676ms) pipeline-only rate=160/s payload=1024B | achieved=160.2/s (100.1%) | err=0.00% | p50=371.711ms p99=418.303ms p99.9=423.935ms max=424.228ms | leaderCPU=15.1% ELU=1 fsync/s=158.7 meta/s=82.8 AE/s=84.8 | genLagP99=0.065ms | STABLE
  r91.2 baseline 1024B disabled rep 2 disk=slow(1.674ms) baseline rate=400/s payload=1024B | achieved=401.4/s (100.4%) | err=0.00% | p50=7.107ms p99=117.695ms p99.9=136.575ms max=146.365ms | leaderCPU=50.7% ELU=0.799 fsync/s=399.8 meta/s=215.9 AE/s=347.1 | genLagP99=0.04ms | STABLE
  r91.3 batch-only 1024B disabled rep 2 disk=fast(0.345ms) batch-only rate=400/s payload=1024B | achieved=398.1/s (99.5%) | err=0.00% | p50=7.143ms p99=101.759ms p99.9=111.359ms max=115.792ms | leaderCPU=50% ELU=0.766 fsync/s=400 meta/s=225.2 AE/s=370.1 | genLagP99=0.062ms | UNSTABLE(latency grew 6.69x across the window)
  r91.4 optimized-binary 16384B disabled rep 2 disk=slow(1.688ms) optimized-binary rate=2400/s payload=16384B | achieved=2399.4/s (100.0%) | err=0.00% | p50=13.015ms p99=25.727ms p99.9=30.335ms max=35.171ms | leaderCPU=62.2% ELU=1 fsync/s=170.5 meta/s=9.3 AE/s=612.9 | genLagP99=0.057ms | STABLE
  r91.5 group-batch 1024B disabled rep 2 disk=slow(1.674ms) group-batch rate=4800/s payload=1024B | achieved=4800.6/s (100.0%) | err=0.00% | p50=11.831ms p99=20.575ms p99.9=25.327ms max=28.258ms | leaderCPU=62.1% ELU=1 fsync/s=367.1 meta/s=9.5 AE/s=370.1 | genLagP99=0.049ms | STABLE
  r91.6 optimized-http 16384B disabled rep 2 disk=fast(0.37ms) optimized-http rate=2400/s payload=16384B | achieved=2397.9/s (99.9%) | err=0.00% | p50=19.791ms p99=39.839ms p99.9=73.087ms max=79.795ms | leaderCPU=101% ELU=1 fsync/s=105.7 meta/s=9.4 AE/s=1176.8 | genLagP99=0.059ms | STABLE
  r91.7 group-batch-pipeline 1024B disabled rep 2 disk=slow(1.923ms) group-batch-pipeline rate=4800/s payload=1024B | achieved=4801.6/s (100.0%) | err=0.00% | p50=18.719ms p99=27.599ms p99.9=31.087ms max=34.016ms | leaderCPU=77.8% ELU=1 fsync/s=118.9 meta/s=9.3 AE/s=1055.2 | genLagP99=0.044ms | STABLE
  r91.8 baseline 16384B disabled rep 2 disk=fast(0.357ms) baseline rate=240/s payload=16384B | achieved=239.9/s (100.0%) | err=0.00% | p50=5.883ms p99=11.183ms p99.9=35.647ms max=44.298ms | leaderCPU=50.1% ELU=0.58 fsync/s=240 meta/s=188.8 AE/s=355.9 | genLagP99=0.068ms | STABLE
  r91.9 optimized-http 1024B disabled rep 2 disk=fast(0.338ms) optimized-http rate=4800/s payload=1024B | achieved=4798.9/s (100.0%) | err=0.00% | p50=16.623ms p99=24.671ms p99.9=27.055ms max=31.298ms | leaderCPU=66.2% ELU=1 fsync/s=142.3 meta/s=9.3 AE/s=850.3 | genLagP99=0.051ms | STABLE
  r91.10 optimized-binary 64B disabled rep 2 disk=slow(1.674ms) optimized-binary rate=8000/s payload=64B | achieved=7916.4/s (99.0%) | err=0.00% | p50=11.223ms p99=223.487ms p99.9=266.751ms max=277.975ms | leaderCPU=68.7% ELU=0.996 fsync/s=231.9 meta/s=9.5 AE/s=775.5 | genLagP99=17.935ms | STABLE
  r91.11 optimized-binary 1024B disabled rep 2 disk=intermediate(0.634ms) optimized-binary rate=9600/s payload=1024B | achieved=9558.9/s (99.6%) | err=0.00% | p50=4.807ms p99=85.119ms p99.9=103.167ms max=112.837ms | leaderCPU=84.7% ELU=0.991 fsync/s=363.1 meta/s=9.7 AE/s=1222.4 | genLagP99=0.086ms | UNSTABLE(latency grew 6.84x across the window)
  r91.12 optimized-http 64B disabled rep 2 disk=slow(1.778ms) optimized-http rate=4800/s payload=64B | achieved=4797.9/s (100.0%) | err=0.00% | p50=18.927ms p99=36.351ms p99.9=43.679ms max=47.691ms | leaderCPU=69.2% ELU=1 fsync/s=124.8 meta/s=9.3 AE/s=794.3 | genLagP99=0.067ms | STABLE
  r91.13 transport-only 1024B disabled rep 2 disk=slow(1.671ms) transport-only rate=240/s payload=1024B | achieved=239.9/s (100.0%) | err=0.00% | p50=41.183ms p99=61.695ms p99.9=68.863ms max=73.082ms | leaderCPU=17.3% ELU=1 fsync/s=240 meta/s=81.3 AE/s=82.8 | genLagP99=0.085ms | STABLE
  r91.14 baseline 64B disabled rep 2 disk=slow(1.652ms) baseline rate=240/s payload=64B | achieved=240.1/s (100.0%) | err=0.00% | p50=6.519ms p99=38.399ms p99.9=52.351ms max=69.106ms | leaderCPU=45.2% ELU=0.615 fsync/s=240.1 meta/s=181.9 AE/s=331.7 | genLagP99=22.575ms | STABLE
  r92.0 pipeline-only 1024B disabled rep 3 disk=fast(0.33ms) pipeline-only rate=160/s payload=1024B | achieved=160/s (100.0%) | err=0.00% | p50=4.123ms p99=5.859ms p99.9=19.263ms max=27.408ms | leaderCPU=19.1% ELU=0.413 fsync/s=159.8 meta/s=159.9 AE/s=319.9 | genLagP99=0.045ms | STABLE
  r92.1 batch-only 1024B disabled rep 3 disk=fast(0.358ms) batch-only rate=400/s payload=1024B | achieved=398.4/s (99.6%) | err=0.00% | p50=64.383ms p99=94.079ms p99.9=103.743ms max=109.208ms | leaderCPU=17.7% ELU=0.983 fsync/s=400.1 meta/s=53.8 AE/s=76.7 | genLagP99=0.071ms | STABLE
  r92.2 group-commit 1024B disabled rep 3 disk=slow(1.704ms) group-commit rate=4800/s payload=1024B | achieved=4798.8/s (100.0%) | err=0.00% | p50=14.391ms p99=23.919ms p99.9=43.839ms max=50.578ms | leaderCPU=60% ELU=1 fsync/s=204.4 meta/s=9.4 AE/s=238.3 | genLagP99=0.051ms | STABLE
  r92.3 group-batch 1024B disabled rep 3 disk=slow(1.639ms) group-batch rate=4800/s payload=1024B | achieved=4800.3/s (100.0%) | err=0.00% | p50=4.635ms p99=10.407ms p99.9=15.215ms max=20.275ms | leaderCPU=83.7% ELU=1 fsync/s=655.6 meta/s=9.8 AE/s=654.9 | genLagP99=0.05ms | STABLE
  r92.4 baseline 1024B disabled rep 3 disk=fast(0.389ms) baseline rate=400/s payload=1024B | achieved=399.5/s (99.9%) | err=0.00% | p50=93.759ms p99=154.751ms p99.9=182.143ms max=207.214ms | leaderCPU=19.9% ELU=1 fsync/s=399.9 meta/s=41.8 AE/s=41.7 | genLagP99=0.035ms | STABLE
  r92.5 group-batch-pipeline 1024B disabled rep 3 disk=slow(1.782ms) group-batch-pipeline rate=4800/s payload=1024B | achieved=4799.4/s (100.0%) | err=0.00% | p50=17.823ms p99=26.879ms p99.9=31.343ms max=35.96ms | leaderCPU=77.1% ELU=1 fsync/s=125.8 meta/s=9.3 AE/s=1040.2 | genLagP99=0.047ms | STABLE
  r92.6 optimized-binary 16384B disabled rep 3 disk=fast(0.33ms) optimized-binary rate=2400/s payload=16384B | achieved=2398.4/s (99.9%) | err=0.00% | p50=7.191ms p99=27.055ms p99.9=44.351ms max=57.329ms | leaderCPU=68.6% ELU=1 fsync/s=429.9 meta/s=9.6 AE/s=1397.4 | genLagP99=0.058ms | STABLE
  r92.7 optimized-http 1024B disabled rep 3 disk=slow(1.817ms) optimized-http rate=4800/s payload=1024B | achieved=4799.9/s (100.0%) | err=0.00% | p50=16.335ms p99=24.191ms p99.9=27.055ms max=28.955ms | leaderCPU=76.3% ELU=1 fsync/s=136.3 meta/s=9.3 AE/s=1219.9 | genLagP99=0.051ms | STABLE
  r92.8 optimized-http 16384B disabled rep 3 disk=fast(0.341ms) optimized-http rate=2400/s payload=16384B | achieved=2399.8/s (100.0%) | err=0.00% | p50=28.575ms p99=65.503ms p99.9=96.639ms max=101.972ms | leaderCPU=95.2% ELU=1 fsync/s=76.4 meta/s=9.2 AE/s=752.3 | genLagP99=0.065ms | STABLE
  r92.9 optimized-binary 1024B disabled rep 3 disk=slow(1.897ms) optimized-binary rate=9600/s payload=1024B | achieved=9189/s (95.7%) | err=0.00% | p50=1190.911ms p99=1530.879ms p99.9=1542.143ms max=1548.604ms | leaderCPU=71.9% ELU=0.947 fsync/s=110 meta/s=9.1 AE/s=224.7 | genLagP99=0.124ms | UNSTABLE(achieved 95.7% of offered; p99 1530.879 ms)
  r92.10 baseline 16384B disabled rep 3 disk=slow(1.634ms) baseline rate=240/s payload=16384B | achieved=240/s (100.0%) | err=0.00% | p50=6.671ms p99=13.567ms p99.9=37.823ms max=47.574ms | leaderCPU=37.6% ELU=0.614 fsync/s=239.9 meta/s=179.4 AE/s=331.6 | genLagP99=0.073ms | STABLE
  r92.11 transport-only 1024B disabled rep 3 disk=fast(0.314ms) transport-only rate=240/s payload=1024B | achieved=239.5/s (99.8%) | err=0.00% | p50=38.303ms p99=107.711ms p99.9=190.847ms max=200.749ms | leaderCPU=20.3% ELU=0.952 fsync/s=239.9 meta/s=97.7 AE/s=118.1 | genLagP99=0.076ms | UNSTABLE(latency grew 3.62x across the window)
  r92.12 optimized-binary 64B disabled rep 3 disk=slow(1.703ms) optimized-binary rate=8000/s payload=64B | achieved=7997.4/s (100.0%) | err=0.00% | p50=13.047ms p99=63.423ms p99.9=71.615ms max=75.802ms | leaderCPU=62.6% ELU=0.997 fsync/s=158.4 meta/s=9.3 AE/s=518.3 | genLagP99=0.09ms | STABLE
  r92.13 baseline 64B disabled rep 3 disk=slow(1.771ms) baseline rate=240/s payload=64B | achieved=240.3/s (100.1%) | err=0.00% | p50=53.183ms p99=72.831ms p99.9=84.991ms max=93.188ms | leaderCPU=20.8% ELU=1 fsync/s=239.9 meta/s=68.3 AE/s=68.3 | genLagP99=0.055ms | STABLE
  r92.14 optimized-http 64B disabled rep 3 disk=slow(1.691ms) optimized-http rate=4800/s payload=64B | achieved=4801.6/s (100.0%) | err=0.00% | p50=18.783ms p99=55.551ms p99.9=61.663ms max=65.295ms | leaderCPU=95.6% ELU=1 fsync/s=110.5 meta/s=9.4 AE/s=1362.3 | genLagP99=0.165ms | STABLE
  r93.0 batch-only 1024B disabled rep 4 disk=fast(0.389ms) batch-only rate=400/s payload=1024B | achieved=399.9/s (100.0%) | err=0.00% | p50=8.415ms p99=15.407ms p99.9=19.279ms max=24.803ms | leaderCPU=59.5% ELU=0.85 fsync/s=399.9 meta/s=260.2 AE/s=359.6 | genLagP99=0.094ms | STABLE
  r93.1 group-batch 1024B disabled rep 4 disk=fast(0.363ms) group-batch rate=4800/s payload=1024B | achieved=4800.6/s (100.0%) | err=0.00% | p50=14.335ms p99=22.255ms p99.9=25.583ms max=29.498ms | leaderCPU=55.6% ELU=1 fsync/s=223.9 meta/s=9.3 AE/s=227.8 | genLagP99=0.048ms | STABLE
  r93.2 pipeline-only 1024B disabled rep 4 disk=slow(1.742ms) pipeline-only rate=160/s payload=1024B | achieved=162.3/s (101.4%) | err=0.00% | p50=236.543ms p99=274.431ms p99.9=278.015ms max=278.47ms | leaderCPU=19.9% ELU=0.734 fsync/s=159.3 meta/s=134.3 AE/s=213.8 | genLagP99=0.045ms | STABLE
  r93.3 group-batch-pipeline 1024B disabled rep 4 disk=fast(0.356ms) group-batch-pipeline rate=4800/s payload=1024B | achieved=4797.6/s (99.9%) | err=0.00% | p50=20.399ms p99=42.207ms p99.9=52.031ms max=58.562ms | leaderCPU=98.4% ELU=1 fsync/s=100.9 meta/s=9.4 AE/s=1397.7 | genLagP99=0.079ms | STABLE
  r93.4 group-commit 1024B disabled rep 4 disk=slow(1.8ms) group-commit rate=4800/s payload=1024B | achieved=4807.6/s (100.2%) | err=0.00% | p50=17.087ms p99=36.031ms p99.9=47.711ms max=55.57ms | leaderCPU=64.3% ELU=1 fsync/s=175.3 meta/s=9.3 AE/s=204.4 | genLagP99=0.064ms | STABLE
  r93.5 optimized-http 1024B disabled rep 4 disk=slow(1.731ms) optimized-http rate=4800/s payload=1024B | achieved=4799.9/s (100.0%) | err=0.00% | p50=18.159ms p99=25.103ms p99.9=29.951ms max=34.272ms | leaderCPU=99.1% ELU=1 fsync/s=112.9 meta/s=9.5 AE/s=1620 | genLagP99=0.057ms | STABLE
  r93.6 baseline 1024B disabled rep 4 disk=fast(0.355ms) baseline rate=400/s payload=1024B | achieved=398.1/s (99.5%) | err=0.00% | p50=144.383ms p99=303.103ms p99.9=396.799ms max=404.972ms | leaderCPU=19.3% ELU=1 fsync/s=399.9 meta/s=27.1 AE/s=27.1 | genLagP99=0.066ms | STABLE
  r93.7 optimized-binary 1024B disabled rep 4 disk=slow(1.708ms) optimized-binary rate=9600/s payload=1024B | achieved=8639.1/s (90.0%) | err=0.00% | p50=2053.119ms p99=3045.375ms p99.9=3061.759ms max=3065.643ms | leaderCPU=71.1% ELU=0.955 fsync/s=107.8 meta/s=8.9 AE/s=221.1 | genLagP99=0.205ms | UNSTABLE(achieved 90% of offered; p99 3045.375 ms; latency grew 2.49x across the window)
  r93.8 transport-only 1024B disabled rep 4 disk=slow(1.748ms) transport-only rate=240/s payload=1024B | achieved=239.7/s (99.9%) | err=0.00% | p50=40.415ms p99=62.495ms p99.9=68.415ms max=69.533ms | leaderCPU=26.9% ELU=0.881 fsync/s=240 meta/s=112.4 AE/s=158.8 | genLagP99=0.063ms | UNSTABLE(latency grew 8.25x across the window)
  r94.0 group-batch 1024B disabled rep 5 disk=slow(1.772ms) group-batch rate=4800/s payload=1024B | achieved=4799.3/s (100.0%) | err=0.00% | p50=15.447ms p99=36.799ms p99.9=89.727ms max=96.042ms | leaderCPU=59.6% ELU=1 fsync/s=204.4 meta/s=9.3 AE/s=209.5 | genLagP99=0.059ms | STABLE
  r94.1 group-batch-pipeline 1024B disabled rep 5 disk=slow(1.804ms) group-batch-pipeline rate=4800/s payload=1024B | achieved=4799.3/s (100.0%) | err=0.00% | p50=22.031ms p99=45.951ms p99.9=63.391ms max=65.834ms | leaderCPU=98% ELU=1 fsync/s=95.5 meta/s=9.3 AE/s=1218.7 | genLagP99=0.069ms | STABLE
  r94.2 batch-only 1024B disabled rep 5 disk=fast(0.476ms) batch-only rate=400/s payload=1024B | achieved=398.3/s (99.6%) | err=0.00% | p50=10.551ms p99=131.455ms p99.9=147.071ms max=152.928ms | leaderCPU=39.4% ELU=0.906 fsync/s=400.1 meta/s=161.7 AE/s=224.8 | genLagP99=0.097ms | UNSTABLE(latency grew 11x across the window)
  r94.3 optimized-http 1024B disabled rep 5 disk=slow(1.762ms) optimized-http rate=4800/s payload=1024B | achieved=4801/s (100.0%) | err=0.00% | p50=22.127ms p99=80.127ms p99.9=87.487ms max=93.48ms | leaderCPU=73.8% ELU=1 fsync/s=106.8 meta/s=9.2 AE/s=663.1 | genLagP99=0.093ms | STABLE
  r94.4 pipeline-only 1024B disabled rep 5 disk=slow(1.77ms) pipeline-only rate=160/s payload=1024B | achieved=160.9/s (100.6%) | err=0.00% | p50=270.079ms p99=447.487ms p99.9=560.639ms max=630.902ms | leaderCPU=22.1% ELU=1 fsync/s=158.6 meta/s=103.4 AE/s=107.8 | genLagP99=0.076ms | STABLE
  r94.5 optimized-binary 1024B disabled rep 5 disk=slow(1.797ms) optimized-binary rate=9600/s payload=1024B | achieved=9030.4/s (94.1%) | err=0.00% | p50=1018.367ms p99=1715.199ms p99.9=1730.559ms max=1737.719ms | leaderCPU=73.8% ELU=0.951 fsync/s=110.6 meta/s=9.1 AE/s=225.6 | genLagP99=0.15ms | UNSTABLE(achieved 94.1% of offered; p99 1715.199 ms; latency grew 2.73x across the window)
  r94.6 group-commit 1024B disabled rep 5 disk=slow(1.745ms) group-commit rate=4800/s payload=1024B | achieved=4803.3/s (100.1%) | err=0.00% | p50=7.719ms p99=23.007ms p99.9=30.767ms max=34.525ms | leaderCPU=84.4% ELU=1 fsync/s=407.9 meta/s=9.7 AE/s=448.8 | genLagP99=0.061ms | STABLE
  r94.7 transport-only 1024B disabled rep 5 disk=fast(0.345ms) transport-only rate=240/s payload=1024B | achieved=239.5/s (99.8%) | err=0.00% | p50=4.411ms p99=46.527ms p99.9=56.031ms max=64.298ms | leaderCPU=34.2% ELU=0.567 fsync/s=240 meta/s=208.3 AE/s=382.6 | genLagP99=0.065ms | STABLE
  r94.8 baseline 1024B disabled rep 5 disk=slow(1.829ms) baseline rate=400/s payload=1024B | achieved=396.9/s (99.2%) | err=0.00% | p50=186.623ms p99=284.671ms p99.9=370.687ms max=378.859ms | leaderCPU=18.5% ELU=1 fsync/s=399.6 meta/s=23.6 AE/s=23.6 | genLagP99=0.055ms | STABLE
baseline 64B: knee=300/s maxStable=299.467/s p99@knee=99.583ms
baseline 1024B: knee=500/s maxStable=501.62/s p99@knee=1768.447ms
baseline 16384B: knee=300/s maxStable=300.367/s p99@knee=117.311ms
batch-only 1024B: knee=500/s maxStable=502.06/s p99@knee=973.311ms
group-batch 1024B: knee=6000/s maxStable=6000.22/s p99@knee=20.943ms
group-batch-pipeline 1024B: knee=6000/s maxStable=6000.04/s p99@knee=31.087ms
group-commit 1024B: knee=6000/s maxStable=5999.02/s p99@knee=28.911ms
optimized-binary 64B: knee=10000/s maxStable=9995.1/s p99@knee=40.639ms
optimized-binary 1024B: knee=12000/s maxStable=10600.02/s p99@knee=9625.599ms
optimized-binary 16384B: knee=3000/s maxStable=3002.7/s p99@knee=43.487ms
optimized-http 64B: knee=6000/s maxStable=6000.067/s p99@knee=25.135ms
optimized-http 1024B: knee=6000/s maxStable=6000.64/s p99@knee=27.951ms
optimized-http 16384B: knee=3000/s maxStable=3012.633/s p99@knee=170.879ms
pipeline-only 1024B: knee=200/s maxStable=199.62/s p99@knee=498.943ms
transport-only 1024B: knee=300/s maxStable=299.9/s p99@knee=99.263ms
