rung 100/s: baseline@1024B, group-commit@1024B, pipeline-only@1024B, batch-only@1024B, group-batch@1024B, group-batch-pipeline@1024B, optimized-http@1024B, optimized-binary@1024B, transport-only@1024B, baseline@64B, optimized-http@64B, optimized-binary@64B, baseline@16384B, optimized-http@16384B, optimized-binary@16384B
rung 200/s: baseline@1024B, group-commit@1024B, pipeline-only@1024B, batch-only@1024B, group-batch@1024B, group-batch-pipeline@1024B, optimized-http@1024B, optimized-binary@1024B, transport-only@1024B, baseline@64B, optimized-http@64B, optimized-binary@64B, baseline@16384B, optimized-http@16384B, optimized-binary@16384B
rung 300/s: baseline@1024B, group-commit@1024B, pipeline-only@1024B, batch-only@1024B, group-batch@1024B, group-batch-pipeline@1024B, optimized-http@1024B, optimized-binary@1024B, transport-only@1024B, baseline@64B, optimized-http@64B, optimized-binary@64B, baseline@16384B, optimized-http@16384B, optimized-binary@16384B
rung 500/s: baseline@1024B, group-commit@1024B, pipeline-only@1024B, batch-only@1024B, group-batch@1024B, group-batch-pipeline@1024B, optimized-http@1024B, optimized-binary@1024B, transport-only@1024B, baseline@64B, optimized-http@64B, optimized-binary@64B, baseline@16384B, optimized-http@16384B, optimized-binary@16384B
  pipeline-only@1024B stops at 500/s (streak=2, mean achieved ratio=0.843)
rung 750/s: baseline@1024B, group-commit@1024B, batch-only@1024B, group-batch@1024B, group-batch-pipeline@1024B, optimized-http@1024B, optimized-binary@1024B, transport-only@1024B, baseline@64B, optimized-http@64B, optimized-binary@64B, baseline@16384B, optimized-http@16384B, optimized-binary@16384B
  transport-only@1024B stops at 750/s (streak=2, mean achieved ratio=0.717)
  baseline@64B stops at 750/s (streak=2, mean achieved ratio=0.863)
  baseline@16384B stops at 750/s (streak=2, mean achieved ratio=0.802)
rung 1000/s: baseline@1024B, group-commit@1024B, batch-only@1024B, group-batch@1024B, group-batch-pipeline@1024B, optimized-http@1024B, optimized-binary@1024B, optimized-http@64B, optimized-binary@64B, optimized-http@16384B, optimized-binary@16384B
  baseline@1024B stops at 1000/s (streak=2, mean achieved ratio=0.637)
  batch-only@1024B stops at 1000/s (streak=2, mean achieved ratio=0.818)
rung 1500/s: group-commit@1024B, group-batch@1024B, group-batch-pipeline@1024B, optimized-http@1024B, optimized-binary@1024B, optimized-http@64B, optimized-binary@64B, optimized-http@16384B, optimized-binary@16384B
rung 2000/s: group-commit@1024B, group-batch@1024B, group-batch-pipeline@1024B, optimized-http@1024B, optimized-binary@1024B, optimized-http@64B, optimized-binary@64B, optimized-http@16384B, optimized-binary@16384B
rung 3000/s: group-commit@1024B, group-batch@1024B, group-batch-pipeline@1024B, optimized-http@1024B, optimized-binary@1024B, optimized-http@64B, optimized-binary@64B, optimized-http@16384B, optimized-binary@16384B
rung 4000/s: group-commit@1024B, group-batch@1024B, group-batch-pipeline@1024B, optimized-http@1024B, optimized-binary@1024B, optimized-http@64B, optimized-binary@64B, optimized-http@16384B, optimized-binary@16384B
  r47.1 optimized-binary 64B disabled rep 3 disk=slow(1.863ms) optimized-binary rate=4000/s payload=64B | achieved=4001.2/s (100.0%) | err=0.00% | p50=2.503ms p99=14.431ms p99.9=17.007ms max=21.385ms | leaderCPU=58.4% ELU=1 fsync/s=673.3 meta/s=9.7 AE/s=2061.9 | genLagP99=0.048ms | STABLE
  r47.2 optimized-binary 16384B disabled rep 3 disk=fast(0.346ms) optimized-binary rate=4000/s payload=16384B | achieved=4038.4/s (101.0%) | err=0.00% | p50=196.095ms p99=559.615ms p99.9=572.927ms max=584.322ms | leaderCPU=94.9% ELU=0.954 fsync/s=93.5 meta/s=8.8 AE/s=302.1 | genLagP99=0.138ms | STABLE
  r47.3 optimized-http 64B disabled rep 3 disk=slow(1.928ms) optimized-http rate=4000/s payload=64B | achieved=4000.1/s (100.0%) | err=0.00% | p50=13.815ms p99=23.407ms p99.9=28.847ms max=32.884ms | leaderCPU=69.6% ELU=1 fsync/s=168.7 meta/s=9.4 AE/s=1367.2 | genLagP99=0.052ms | STABLE
  r47.4 group-commit 1024B disabled rep 3 disk=fast(0.336ms) group-commit rate=4000/s payload=1024B | achieved=4000/s (100.0%) | err=0.00% | p50=4.615ms p99=8.207ms p99.9=12.951ms max=16.332ms | leaderCPU=78.7% ELU=1 fsync/s=671.2 meta/s=9.8 AE/s=731.7 | genLagP99=0.047ms | STABLE
  r47.5 optimized-binary 1024B disabled rep 3 disk=fast(0.354ms) optimized-binary rate=4000/s payload=1024B | achieved=3999.7/s (100.0%) | err=0.00% | p50=9.231ms p99=17.199ms p99.9=20.671ms max=24.214ms | leaderCPU=43.5% ELU=1 fsync/s=257.3 meta/s=9.3 AE/s=935.4 | genLagP99=0.046ms | STABLE
  r47.6 group-batch 1024B disabled rep 3 disk=slow(1.97ms) group-batch rate=4000/s payload=1024B | achieved=4002.9/s (100.1%) | err=0.00% | p50=12.359ms p99=19.359ms p99.9=23.055ms max=29.079ms | leaderCPU=49.4% ELU=1 fsync/s=293.6 meta/s=9.3 AE/s=298.6 | genLagP99=0.045ms | STABLE
  r47.7 optimized-http 1024B disabled rep 3 disk=fast(0.347ms) optimized-http rate=4000/s payload=1024B | achieved=3999.8/s (100.0%) | err=0.00% | p50=14.327ms p99=21.503ms p99.9=27.087ms max=30.004ms | leaderCPU=83.5% ELU=1 fsync/s=147.8 meta/s=9.5 AE/s=1864.8 | genLagP99=0.052ms | STABLE
  r47.8 group-batch-pipeline 1024B disabled rep 3 disk=slow(1.921ms) group-batch-pipeline rate=4000/s payload=1024B | achieved=4001.2/s (100.0%) | err=0.00% | p50=16.263ms p99=24.335ms p99.9=27.647ms max=30.79ms | leaderCPU=72.2% ELU=1 fsync/s=141.6 meta/s=9.3 AE/s=1109 | genLagP99=0.059ms | STABLE
  r48.0 group-batch 1024B disabled rep 4 disk=slow(2.012ms) group-batch rate=4000/s payload=1024B | achieved=4002.7/s (100.1%) | err=0.00% | p50=11.823ms p99=20.991ms p99.9=25.519ms max=31.901ms | leaderCPU=52.6% ELU=1 fsync/s=361.6 meta/s=9.4 AE/s=365.1 | genLagP99=0.048ms | STABLE
  r48.1 group-commit 1024B disabled rep 4 disk=fast(0.37ms) group-commit rate=4000/s payload=1024B | achieved=4000.7/s (100.0%) | err=0.00% | p50=4.503ms p99=7.807ms p99.9=12.303ms max=17.034ms | leaderCPU=81.1% ELU=1 fsync/s=686.4 meta/s=9.8 AE/s=747.5 | genLagP99=0.049ms | STABLE
  r48.2 group-batch-pipeline 1024B disabled rep 4 disk=fast(0.351ms) group-batch-pipeline rate=4000/s payload=1024B | achieved=3999.2/s (100.0%) | err=0.00% | p50=16.399ms p99=25.455ms p99.9=28.959ms max=32.287ms | leaderCPU=57.1% ELU=1 fsync/s=146.8 meta/s=9.3 AE/s=780.1 | genLagP99=0.051ms | STABLE
  r48.3 optimized-binary 1024B disabled rep 4 disk=slow(2.013ms) optimized-binary rate=4000/s payload=1024B | achieved=4001.5/s (100.0%) | err=0.00% | p50=7.543ms p99=15.639ms p99.9=17.823ms max=20.065ms | leaderCPU=52.5% ELU=1 fsync/s=537.7 meta/s=9.6 AE/s=1868.7 | genLagP99=0.046ms | STABLE
  r48.4 optimized-http 1024B disabled rep 4 disk=fast(0.337ms) optimized-http rate=4000/s payload=1024B | achieved=3999.8/s (100.0%) | err=0.00% | p50=13.719ms p99=20.655ms p99.9=24.831ms max=29.792ms | leaderCPU=89.2% ELU=1 fsync/s=153.4 meta/s=9.5 AE/s=1939.8 | genLagP99=0.053ms | STABLE
  r49.0 group-batch-pipeline 1024B disabled rep 5 disk=slow(2.037ms) group-batch-pipeline rate=4000/s payload=1024B | achieved=4000.6/s (100.0%) | err=0.00% | p50=15.279ms p99=23.023ms p99.9=25.855ms max=29.963ms | leaderCPU=78.3% ELU=1 fsync/s=146.5 meta/s=9.4 AE/s=1334.7 | genLagP99=0.056ms | STABLE
  r49.1 group-batch 1024B disabled rep 5 disk=fast(0.337ms) group-batch rate=4000/s payload=1024B | achieved=3999.8/s (100.0%) | err=0.00% | p50=3.719ms p99=7.307ms p99.9=12.111ms max=15.708ms | leaderCPU=77.1% ELU=1 fsync/s=833.4 meta/s=9.8 AE/s=834.3 | genLagP99=0.05ms | STABLE
  r49.2 optimized-http 1024B disabled rep 5 disk=fast(0.336ms) optimized-http rate=4000/s payload=1024B | achieved=3999.3/s (100.0%) | err=0.00% | p50=14.567ms p99=22.511ms p99.9=26.143ms max=32.014ms | leaderCPU=52.6% ELU=1 fsync/s=168.5 meta/s=9.3 AE/s=792 | genLagP99=0.053ms | STABLE
  r49.3 group-commit 1024B disabled rep 5 disk=slow(1.867ms) group-commit rate=4000/s payload=1024B | achieved=4001.8/s (100.0%) | err=0.00% | p50=11.103ms p99=19.535ms p99.9=22.239ms max=30.893ms | leaderCPU=63.1% ELU=1 fsync/s=402.1 meta/s=9.6 AE/s=433.6 | genLagP99=0.049ms | STABLE
  r49.4 optimized-binary 1024B disabled rep 5 disk=fast(0.343ms) optimized-binary rate=4000/s payload=1024B | achieved=3998.9/s (100.0%) | err=0.00% | p50=7.599ms p99=16.927ms p99.9=20.271ms max=24.409ms | leaderCPU=52.3% ELU=1 fsync/s=535.5 meta/s=9.6 AE/s=1765.3 | genLagP99=0.05ms | STABLE
rung 5000/s: group-commit@1024B, group-batch@1024B, group-batch-pipeline@1024B, optimized-http@1024B, optimized-binary@1024B, optimized-http@64B, optimized-binary@64B, optimized-http@16384B, optimized-binary@16384B
  r50.0 group-batch 1024B disabled rep 1 disk=slow(1.774ms) group-batch rate=5000/s payload=1024B | achieved=4997.5/s (100.0%) | err=0.00% | p50=13.927ms p99=22.031ms p99.9=25.727ms max=29.607ms | leaderCPU=48.9% ELU=1 fsync/s=229.5 meta/s=9.3 AE/s=232.6 | genLagP99=0.049ms | STABLE
  r50.1 group-commit 1024B disabled rep 1 disk=slow(1.719ms) group-commit rate=5000/s payload=1024B | achieved=5001.9/s (100.0%) | err=0.00% | p50=6.559ms p99=21.471ms p99.9=25.903ms max=28.577ms | leaderCPU=71.3% ELU=1 fsync/s=421.9 meta/s=9.6 AE/s=471.9 | genLagP99=0.053ms | STABLE
  r50.2 group-batch-pipeline 1024B disabled rep 1 disk=fast(0.355ms) group-batch-pipeline rate=5000/s payload=1024B | achieved=4999.4/s (100.0%) | err=0.00% | p50=18.591ms p99=26.031ms p99.9=32.223ms max=35.052ms | leaderCPU=94.6% ELU=1 fsync/s=110 meta/s=9.5 AE/s=1649.5 | genLagP99=0.056ms | STABLE
  r50.3 optimized-binary 16384B disabled rep 1 disk=fast(0.368ms) optimized-binary rate=5000/s payload=16384B | achieved=3717.5/s (74.4%) | err=2.89% | p50=5488.639ms p99=9134.079ms p99.9=9256.959ms max=9292.685ms | leaderCPU=81.5% ELU=0.933 fsync/s=58 meta/s=8.6 AE/s=198.1 | genLagP99=0.152ms | UNSTABLE(achieved 74.4% of offered; error rate 2.89%; p99 9134.079 ms; latency grew 3.01x across the window)
  r50.4 optimized-http 1024B disabled rep 1 disk=slow(1.77ms) optimized-http rate=5000/s payload=1024B | achieved=5000.3/s (100.0%) | err=0.00% | p50=16.431ms p99=22.991ms p99.9=27.503ms max=29.165ms | leaderCPU=98.6% ELU=1 fsync/s=124.7 meta/s=9.5 AE/s=1854.3 | genLagP99=0.053ms | STABLE
  r50.5 optimized-http 16384B disabled rep 1 disk=fast(0.346ms) optimized-http rate=5000/s payload=16384B | achieved=3315.5/s (66.3%) | err=19.70% | p50=7876.607ms p99=10002.431ms p99.9=10018.815ms max=10031.973ms | leaderCPU=89.9% ELU=1 fsync/s=66.9 meta/s=8.8 AE/s=195.7 | genLagP99=0.122ms | UNSTABLE(achieved 66.3% of offered; error rate 19.7%; p99 10002.431 ms; latency grew 2.51x across the window)
  r50.6 optimized-binary 1024B disabled rep 1 disk=slow(1.89ms) optimized-binary rate=5000/s payload=1024B | achieved=5003.1/s (100.1%) | err=0.00% | p50=2.447ms p99=15.671ms p99.9=21.967ms max=31.344ms | leaderCPU=69.8% ELU=1 fsync/s=730.7 meta/s=9.8 AE/s=2476.8 | genLagP99=0.055ms | STABLE
  r50.7 optimized-binary 64B disabled rep 1 disk=fast(0.333ms) optimized-binary rate=5000/s payload=64B | achieved=5000.2/s (100.0%) | err=0.00% | p50=9.279ms p99=16.879ms p99.9=21.599ms max=30.109ms | leaderCPU=43.1% ELU=1 fsync/s=245.4 meta/s=9.3 AE/s=879.1 | genLagP99=0.045ms | STABLE
  r50.8 optimized-http 64B disabled rep 1 disk=slow(1.914ms) optimized-http rate=5000/s payload=64B | achieved=4999.6/s (100.0%) | err=0.00% | p50=15.415ms p99=22.607ms p99.9=31.631ms max=39.543ms | leaderCPU=82.4% ELU=1 fsync/s=146.6 meta/s=9.4 AE/s=1418.4 | genLagP99=0.055ms | STABLE
  r51.0 group-batch-pipeline 1024B disabled rep 2 disk=fast(0.336ms) group-batch-pipeline rate=5000/s payload=1024B | achieved=5000.1/s (100.0%) | err=0.00% | p50=18.767ms p99=28.319ms p99.9=54.271ms max=78.155ms | leaderCPU=94.1% ELU=1 fsync/s=109.7 meta/s=9.5 AE/s=1565.9 | genLagP99=0.081ms | STABLE
  r51.1 group-batch 1024B disabled rep 2 disk=slow(1.906ms) group-batch rate=5000/s payload=1024B | achieved=4998.3/s (100.0%) | err=0.00% | p50=13.415ms p99=20.719ms p99.9=23.279ms max=25.814ms | leaderCPU=55.2% ELU=1 fsync/s=239.1 meta/s=9.3 AE/s=242.2 | genLagP99=0.051ms | STABLE
  r51.2 optimized-http 1024B disabled rep 2 disk=fast(0.344ms) optimized-http rate=5000/s payload=1024B | achieved=4999.4/s (100.0%) | err=0.00% | p50=16.279ms p99=22.751ms p99.9=28.223ms max=30.717ms | leaderCPU=96.8% ELU=1 fsync/s=127 meta/s=9.6 AE/s=1837.3 | genLagP99=0.055ms | STABLE
  r51.3 group-commit 1024B disabled rep 2 disk=slow(2.051ms) group-commit rate=5000/s payload=1024B | achieved=4999.4/s (100.0%) | err=0.00% | p50=14.879ms p99=23.615ms p99.9=28.783ms max=35.431ms | leaderCPU=55.3% ELU=1 fsync/s=198.4 meta/s=9.3 AE/s=232.1 | genLagP99=0.05ms | STABLE
  r51.4 optimized-binary 1024B disabled rep 2 disk=slow(1.775ms) optimized-binary rate=5000/s payload=1024B | achieved=4998.6/s (100.0%) | err=0.00% | p50=2.679ms p99=17.839ms p99.9=23.519ms max=26.966ms | leaderCPU=63.6% ELU=1 fsync/s=628.1 meta/s=9.7 AE/s=2255.7 | genLagP99=0.054ms | STABLE
  r51.5 optimized-binary 16384B disabled rep 2 disk=slow(1.841ms) optimized-binary rate=5000/s payload=16384B | achieved=3898.8/s (78.0%) | err=3.13% | p50=5263.359ms p99=7634.943ms p99.9=7741.439ms max=7761.918ms | leaderCPU=92.9% ELU=0.93 fsync/s=61.3 meta/s=8.6 AE/s=205.3 | genLagP99=0.157ms | UNSTABLE(achieved 78% of offered; error rate 3.13%; p99 7634.943 ms; latency grew 2.23x across the window)
  r51.6 optimized-http 64B disabled rep 2 disk=fast(0.34ms) optimized-http rate=5000/s payload=64B | achieved=5002.4/s (100.0%) | err=0.00% | p50=15.583ms p99=24.799ms p99.9=29.263ms max=33.217ms | leaderCPU=58.3% ELU=1 fsync/s=157.8 meta/s=9.3 AE/s=811.4 | genLagP99=0.048ms | STABLE
  r51.7 optimized-http 16384B disabled rep 2 disk=slow(1.817ms) optimized-http rate=5000/s payload=16384B | achieved=3430.6/s (68.6%) | err=7.72% | p50=7938.047ms p99=10002.431ms p99.9=10010.623ms max=10025.738ms | leaderCPU=91.8% ELU=1 fsync/s=69.4 meta/s=8.8 AE/s=209.8 | genLagP99=0.129ms | UNSTABLE(achieved 68.6% of offered; error rate 7.72%; p99 10002.431 ms; latency grew 2.28x across the window)
  r51.8 optimized-binary 64B disabled rep 2 disk=fast(0.34ms) optimized-binary rate=5000/s payload=64B | achieved=4997.1/s (99.9%) | err=0.00% | p50=7.623ms p99=15.239ms p99.9=18.063ms max=23.288ms | leaderCPU=52.5% ELU=1 fsync/s=486.5 meta/s=9.6 AE/s=1635 | genLagP99=0.048ms | STABLE
  r52.0 optimized-http 1024B disabled rep 3 disk=slow(1.691ms) optimized-http rate=5000/s payload=1024B | achieved=4999.8/s (100.0%) | err=0.00% | p50=16.303ms p99=24.863ms p99.9=29.551ms max=33.258ms | leaderCPU=63.6% ELU=1 fsync/s=145.6 meta/s=9.3 AE/s=861.2 | genLagP99=0.053ms | STABLE
  r52.1 group-batch-pipeline 1024B disabled rep 3 disk=slow(1.799ms) group-batch-pipeline rate=5000/s payload=1024B | achieved=5000.4/s (100.0%) | err=0.00% | p50=18.479ms p99=27.359ms p99.9=30.239ms max=33.878ms | leaderCPU=66.8% ELU=1 fsync/s=125.6 meta/s=9.2 AE/s=766.2 | genLagP99=0.052ms | STABLE
  r52.2 optimized-binary 1024B disabled rep 3 disk=slow(1.663ms) optimized-binary rate=5000/s payload=1024B | achieved=5001.2/s (100.0%) | err=0.00% | p50=2.913ms p99=15.407ms p99.9=23.279ms max=34.251ms | leaderCPU=66.4% ELU=1 fsync/s=578.3 meta/s=9.7 AE/s=2090.8 | genLagP99=0.053ms | STABLE
  r52.3 group-batch 1024B disabled rep 3 disk=slow(1.645ms) group-batch rate=5000/s payload=1024B | achieved=4999.3/s (100.0%) | err=0.00% | p50=13.287ms p99=20.639ms p99.9=24.447ms max=28.676ms | leaderCPU=54.6% ELU=1 fsync/s=240.3 meta/s=9.4 AE/s=242.8 | genLagP99=0.05ms | STABLE
  r52.4 optimized-http 64B disabled rep 3 disk=slow(1.733ms) optimized-http rate=5000/s payload=64B | achieved=4998.9/s (100.0%) | err=0.00% | p50=15.199ms p99=22.831ms p99.9=27.887ms max=31.871ms | leaderCPU=89.1% ELU=1 fsync/s=139.1 meta/s=9.6 AE/s=1816.9 | genLagP99=0.049ms | STABLE
  r52.5 group-commit 1024B disabled rep 3 disk=slow(1.837ms) group-commit rate=5000/s payload=1024B | achieved=5001.6/s (100.0%) | err=0.00% | p50=14.751ms p99=22.847ms p99.9=27.551ms max=31.144ms | leaderCPU=59.8% ELU=1 fsync/s=198.1 meta/s=9.3 AE/s=234.6 | genLagP99=0.051ms | STABLE
  r52.6 optimized-binary 64B disabled rep 3 disk=slow(1.67ms) optimized-binary rate=5000/s payload=64B | achieved=5000.3/s (100.0%) | err=0.00% | p50=8.943ms p99=15.895ms p99.9=18.767ms max=22.19ms | leaderCPU=40.5% ELU=1 fsync/s=261.6 meta/s=9.4 AE/s=904.4 | genLagP99=0.052ms | STABLE
  r52.7 optimized-binary 16384B disabled rep 3 disk=slow(1.684ms) optimized-binary rate=5000/s payload=16384B | achieved=4077.6/s (81.6%) | err=3.13% | p50=4022.271ms p99=7438.335ms p99.9=7536.639ms max=7574.625ms | leaderCPU=93.9% ELU=0.9 fsync/s=64.1 meta/s=8.7 AE/s=216.9 | genLagP99=0.156ms | UNSTABLE(achieved 81.6% of offered; error rate 3.13%; p99 7438.335 ms; latency grew 2.62x across the window)
  r52.8 optimized-http 16384B disabled rep 3 disk=slow(1.8ms) optimized-http rate=5000/s payload=16384B | achieved=3276.9/s (65.5%) | err=27.63% | p50=8560.639ms p99=10002.431ms p99.9=10018.815ms max=10030.494ms | leaderCPU=88.1% ELU=1 fsync/s=66.8 meta/s=8.7 AE/s=197.9 | genLagP99=0.124ms | UNSTABLE(achieved 65.5% of offered; error rate 27.63%; p99 10002.431 ms; latency grew 2.27x across the window)
  r53.0 optimized-http 1024B disabled rep 4 disk=slow(1.934ms) optimized-http rate=5000/s payload=1024B | achieved=5000.5/s (100.0%) | err=0.00% | p50=16.375ms p99=25.391ms p99.9=41.407ms max=47.049ms | leaderCPU=79.1% ELU=1 fsync/s=134.1 meta/s=9.4 AE/s=1300.6 | genLagP99=0.053ms | STABLE
  r53.1 optimized-binary 1024B disabled rep 4 disk=fast(0.352ms) optimized-binary rate=5000/s payload=1024B | achieved=4998.3/s (100.0%) | err=0.00% | p50=3.195ms p99=15.375ms p99.9=17.999ms max=21.053ms | leaderCPU=59.1% ELU=1 fsync/s=591.1 meta/s=9.7 AE/s=1813.5 | genLagP99=0.048ms | STABLE
  r53.2 group-batch-pipeline 1024B disabled rep 4 disk=slow(1.737ms) group-batch-pipeline rate=5000/s payload=1024B | achieved=4999.5/s (100.0%) | err=0.00% | p50=18.319ms p99=27.487ms p99.9=32.239ms max=36.358ms | leaderCPU=77.3% ELU=1 fsync/s=120.4 meta/s=9.3 AE/s=1056.2 | genLagP99=0.055ms | STABLE
  r53.3 group-commit 1024B disabled rep 4 disk=fast(0.354ms) group-commit rate=5000/s payload=1024B | achieved=5000.1/s (100.0%) | err=0.00% | p50=4.943ms p99=12.335ms p99.9=28.015ms max=41.255ms | leaderCPU=81.9% ELU=1 fsync/s=645.9 meta/s=9.8 AE/s=689.8 | genLagP99=0.129ms | STABLE
  r53.4 group-batch 1024B disabled rep 4 disk=fast(0.353ms) group-batch rate=5000/s payload=1024B | achieved=4999.3/s (100.0%) | err=0.00% | p50=13.103ms p99=20.767ms p99.9=24.447ms max=28.848ms | leaderCPU=55.4% ELU=1 fsync/s=289.8 meta/s=9.4 AE/s=293.3 | genLagP99=0.05ms | STABLE
  r54.0 optimized-binary 1024B disabled rep 5 disk=slow(1.728ms) optimized-binary rate=5000/s payload=1024B | achieved=5000.2/s (100.0%) | err=0.00% | p50=2.613ms p99=15.759ms p99.9=21.583ms max=26.462ms | leaderCPU=62.8% ELU=1 fsync/s=652.8 meta/s=9.7 AE/s=2346.3 | genLagP99=0.049ms | STABLE
  r54.1 group-commit 1024B disabled rep 5 disk=slow(1.84ms) group-commit rate=5000/s payload=1024B | achieved=5000.6/s (100.0%) | err=0.00% | p50=14.983ms p99=22.767ms p99.9=26.575ms max=30.424ms | leaderCPU=55.2% ELU=1 fsync/s=194.4 meta/s=9.3 AE/s=232.3 | genLagP99=0.047ms | STABLE
  r54.2 optimized-http 1024B disabled rep 5 disk=slow(1.659ms) optimized-http rate=5000/s payload=1024B | achieved=4997.1/s (99.9%) | err=0.00% | p50=16.895ms p99=25.519ms p99.9=29.903ms max=34.694ms | leaderCPU=62.7% ELU=1 fsync/s=140.3 meta/s=9.3 AE/s=801.1 | genLagP99=0.051ms | STABLE
  r54.3 group-batch 1024B disabled rep 5 disk=slow(1.705ms) group-batch rate=5000/s payload=1024B | achieved=5000.4/s (100.0%) | err=0.00% | p50=4.311ms p99=8.231ms p99.9=12.695ms max=16.822ms | leaderCPU=79.4% ELU=1 fsync/s=731.6 meta/s=9.8 AE/s=732.7 | genLagP99=0.047ms | STABLE
  r54.4 group-batch-pipeline 1024B disabled rep 5 disk=fast(0.357ms) group-batch-pipeline rate=5000/s payload=1024B | achieved=5001/s (100.0%) | err=0.00% | p50=18.175ms p99=27.407ms p99.9=30.191ms max=32.891ms | leaderCPU=63.5% ELU=1 fsync/s=127.3 meta/s=9.3 AE/s=776 | genLagP99=0.053ms | STABLE
  optimized-http@16384B stops at 5000/s (streak=2, mean achieved ratio=0.668)
  optimized-binary@16384B stops at 5000/s (streak=2, mean achieved ratio=0.780)
rung 6000/s: group-commit@1024B, group-batch@1024B, group-batch-pipeline@1024B, optimized-http@1024B, optimized-binary@1024B, optimized-http@64B, optimized-binary@64B
  r55.0 optimized-http 1024B disabled rep 1 disk=slow(1.834ms) optimized-http rate=6000/s payload=1024B | achieved=6001.1/s (100.0%) | err=0.00% | p50=18.911ms p99=28.431ms p99.9=34.879ms max=38.998ms | leaderCPU=80.3% ELU=1 fsync/s=120.6 meta/s=9.3 AE/s=1013.6 | genLagP99=0.068ms | STABLE
  r55.1 group-batch-pipeline 1024B disabled rep 1 disk=fast(0.349ms) group-batch-pipeline rate=6000/s payload=1024B | achieved=5998.7/s (100.0%) | err=0.00% | p50=20.159ms p99=31.087ms p99.9=36.575ms max=40.793ms | leaderCPU=99.9% ELU=1 fsync/s=105.8 meta/s=9.5 AE/s=1440.3 | genLagP99=0.069ms | STABLE
  r55.2 optimized-binary 1024B disabled rep 1 disk=fast(0.355ms) optimized-binary rate=6000/s payload=1024B | achieved=6002.9/s (100.0%) | err=0.00% | p50=10.727ms p99=18.847ms p99.9=23.215ms max=30.555ms | leaderCPU=48% ELU=1 fsync/s=210.4 meta/s=9.3 AE/s=759.8 | genLagP99=0.05ms | STABLE
  r55.3 group-batch 1024B disabled rep 1 disk=slow(1.9ms) group-batch rate=6000/s payload=1024B | achieved=5998.6/s (100.0%) | err=0.00% | p50=14.479ms p99=23.167ms p99.9=28.383ms max=32.186ms | leaderCPU=62% ELU=1 fsync/s=220.4 meta/s=9.3 AE/s=224.3 | genLagP99=0.049ms | STABLE
  r55.4 optimized-http 64B disabled rep 1 disk=slow(1.662ms) optimized-http rate=6000/s payload=64B | achieved=6001.8/s (100.0%) | err=0.00% | p50=17.167ms p99=24.783ms p99.9=28.911ms max=31.21ms | leaderCPU=89.4% ELU=1 fsync/s=122.7 meta/s=9.4 AE/s=1631 | genLagP99=0.06ms | STABLE
  r55.5 group-commit 1024B disabled rep 1 disk=fast(0.341ms) group-commit rate=6000/s payload=1024B | achieved=5999.4/s (100.0%) | err=0.00% | p50=5.719ms p99=9.135ms p99.9=15.815ms max=23.632ms | leaderCPU=85.7% ELU=0.999 fsync/s=562.6 meta/s=9.8 AE/s=610.3 | genLagP99=0.062ms | STABLE
  r55.6 optimized-binary 64B disabled rep 1 disk=fast(0.332ms) optimized-binary rate=6000/s payload=64B | achieved=6001.9/s (100.0%) | err=0.00% | p50=9.551ms p99=17.167ms p99.9=20.431ms max=26.644ms | leaderCPU=46.2% ELU=1 fsync/s=244.6 meta/s=9.3 AE/s=879.8 | genLagP99=0.053ms | STABLE
  r56.0 group-commit 1024B disabled rep 2 disk=slow(1.847ms) group-commit rate=6000/s payload=1024B | achieved=6000.6/s (100.0%) | err=0.00% | p50=18.047ms p99=28.191ms p99.9=31.247ms max=33.538ms | leaderCPU=63.3% ELU=1 fsync/s=168 meta/s=9.3 AE/s=203.4 | genLagP99=0.059ms | STABLE
  r56.1 group-batch 1024B disabled rep 2 disk=slow(1.647ms) group-batch rate=6000/s payload=1024B | achieved=5999.3/s (100.0%) | err=0.00% | p50=4.799ms p99=9.223ms p99.9=14.047ms max=18.709ms | leaderCPU=80.6% ELU=1 fsync/s=660.5 meta/s=9.8 AE/s=661.6 | genLagP99=0.056ms | STABLE
  r56.2 optimized-binary 64B disabled rep 2 disk=fast(0.352ms) optimized-binary rate=6000/s payload=64B | achieved=5999/s (100.0%) | err=0.00% | p50=9.599ms p99=17.199ms p99.9=23.407ms max=29.846ms | leaderCPU=48.8% ELU=1 fsync/s=239.1 meta/s=9.3 AE/s=851.5 | genLagP99=0.055ms | STABLE
  r56.3 group-batch-pipeline 1024B disabled rep 2 disk=slow(1.819ms) group-batch-pipeline rate=6000/s payload=1024B | achieved=5999.6/s (100.0%) | err=0.00% | p50=20.415ms p99=31.599ms p99.9=39.775ms max=45.802ms | leaderCPU=82% ELU=1 fsync/s=113.3 meta/s=9.3 AE/s=884.8 | genLagP99=0.076ms | STABLE
  r56.4 optimized-http 64B disabled rep 2 disk=fast(0.346ms) optimized-http rate=6000/s payload=64B | achieved=5999.5/s (100.0%) | err=0.00% | p50=16.623ms p99=25.183ms p99.9=28.063ms max=30.613ms | leaderCPU=94% ELU=1 fsync/s=125.7 meta/s=9.5 AE/s=1689.9 | genLagP99=0.059ms | STABLE
  r56.5 optimized-http 1024B disabled rep 2 disk=slow(1.879ms) optimized-http rate=6000/s payload=1024B | achieved=6000.8/s (100.0%) | err=0.00% | p50=18.927ms p99=28.207ms p99.9=31.503ms max=35.879ms | leaderCPU=67.7% ELU=1 fsync/s=127.2 meta/s=9.2 AE/s=689 | genLagP99=0.065ms | STABLE
  r56.6 optimized-binary 1024B disabled rep 2 disk=slow(1.708ms) optimized-binary rate=6000/s payload=1024B | achieved=5999.1/s (100.0%) | err=0.00% | p50=10.487ms p99=18.703ms p99.9=21.791ms max=24.89ms | leaderCPU=48.2% ELU=1 fsync/s=215.7 meta/s=9.3 AE/s=786.1 | genLagP99=0.053ms | STABLE
  r57.0 group-batch 1024B disabled rep 3 disk=slow(1.889ms) group-batch rate=6000/s payload=1024B | achieved=6002/s (100.0%) | err=0.00% | p50=13.927ms p99=21.743ms p99.9=25.695ms max=30.023ms | leaderCPU=62.6% ELU=1 fsync/s=259.8 meta/s=9.4 AE/s=262.8 | genLagP99=0.05ms | STABLE
  r57.1 group-batch-pipeline 1024B disabled rep 3 disk=fast(0.352ms) group-batch-pipeline rate=6000/s payload=1024B | achieved=6002/s (100.0%) | err=0.00% | p50=20.303ms p99=33.567ms p99.9=42.559ms max=44.769ms | leaderCPU=102% ELU=1 fsync/s=104.5 meta/s=9.4 AE/s=1406 | genLagP99=0.08ms | STABLE
  r57.2 group-commit 1024B disabled rep 3 disk=slow(1.932ms) group-commit rate=6000/s payload=1024B | achieved=6000.4/s (100.0%) | err=0.00% | p50=18.943ms p99=31.903ms p99.9=40.063ms max=46.604ms | leaderCPU=66% ELU=1 fsync/s=167.6 meta/s=9.3 AE/s=199.9 | genLagP99=0.068ms | STABLE
  r57.3 optimized-http 1024B disabled rep 3 disk=slow(1.692ms) optimized-http rate=6000/s payload=1024B | achieved=5999.8/s (100.0%) | err=0.00% | p50=17.487ms p99=25.839ms p99.9=28.655ms max=32.563ms | leaderCPU=87.2% ELU=1 fsync/s=123.4 meta/s=9.4 AE/s=1317.8 | genLagP99=0.071ms | STABLE
  r57.4 optimized-binary 64B disabled rep 3 disk=fast(0.346ms) optimized-binary rate=6000/s payload=64B | achieved=5998.9/s (100.0%) | err=0.00% | p50=3.275ms p99=15.199ms p99.9=17.615ms max=20.444ms | leaderCPU=59.7% ELU=1 fsync/s=550.2 meta/s=9.7 AE/s=1955.7 | genLagP99=0.049ms | STABLE
  r57.5 optimized-binary 1024B disabled rep 3 disk=slow(2.099ms) optimized-binary rate=6000/s payload=1024B | achieved=5999.4/s (100.0%) | err=0.00% | p50=9.711ms p99=17.791ms p99.9=21.887ms max=26.317ms | leaderCPU=56.7% ELU=1 fsync/s=332.3 meta/s=9.5 AE/s=1198.2 | genLagP99=0.053ms | STABLE
  r57.6 optimized-http 64B disabled rep 3 disk=slow(1.74ms) optimized-http rate=6000/s payload=64B | achieved=5998.9/s (100.0%) | err=0.00% | p50=16.863ms p99=25.823ms p99.9=34.335ms max=38.892ms | leaderCPU=74.6% ELU=1 fsync/s=132.8 meta/s=9.4 AE/s=1226 | genLagP99=0.058ms | STABLE
  r58.0 group-batch 1024B disabled rep 4 disk=fast(0.344ms) group-batch rate=6000/s payload=1024B | achieved=6001/s (100.0%) | err=0.00% | p50=4.863ms p99=9.047ms p99.9=14.287ms max=18.001ms | leaderCPU=81.4% ELU=1 fsync/s=658.2 meta/s=9.8 AE/s=659.7 | genLagP99=0.052ms | STABLE
  r58.1 group-commit 1024B disabled rep 4 disk=fast(0.369ms) group-commit rate=6000/s payload=1024B | achieved=5995.6/s (99.9%) | err=0.00% | p50=17.343ms p99=28.159ms p99.9=33.503ms max=37.38ms | leaderCPU=62.6% ELU=1 fsync/s=212 meta/s=9.3 AE/s=250.2 | genLagP99=0.057ms | STABLE
  r58.2 group-batch-pipeline 1024B disabled rep 4 disk=slow(1.674ms) group-batch-pipeline rate=6000/s payload=1024B | achieved=5998.3/s (100.0%) | err=0.00% | p50=20.991ms p99=31.407ms p99.9=39.007ms max=42.313ms | leaderCPU=72.5% ELU=1 fsync/s=116.6 meta/s=9.2 AE/s=621.8 | genLagP99=0.073ms | STABLE
  r58.3 optimized-binary 1024B disabled rep 4 disk=slow(1.67ms) optimized-binary rate=6000/s payload=1024B | achieved=5998.4/s (100.0%) | err=0.00% | p50=2.931ms p99=16.303ms p99.9=20.319ms max=27.055ms | leaderCPU=66% ELU=1 fsync/s=575 meta/s=9.7 AE/s=2068.5 | genLagP99=0.054ms | STABLE
  r58.4 optimized-http 1024B disabled rep 4 disk=slow(1.688ms) optimized-http rate=6000/s payload=1024B | achieved=6001.1/s (100.0%) | err=0.00% | p50=19.487ms p99=28.063ms p99.9=32.735ms max=35.584ms | leaderCPU=71.1% ELU=1 fsync/s=124.3 meta/s=9.2 AE/s=674.3 | genLagP99=0.062ms | STABLE
  r59.0 group-batch-pipeline 1024B disabled rep 5 disk=slow(1.727ms) group-batch-pipeline rate=6000/s payload=1024B | achieved=6001.6/s (100.0%) | err=0.00% | p50=21.167ms p99=29.663ms p99.9=33.247ms max=37.408ms | leaderCPU=92.9% ELU=1 fsync/s=107.3 meta/s=9.3 AE/s=1181 | genLagP99=0.075ms | STABLE
  r59.1 group-batch 1024B disabled rep 5 disk=fast(0.318ms) group-batch rate=6000/s payload=1024B | achieved=6000.2/s (100.0%) | err=0.00% | p50=4.719ms p99=9.175ms p99.9=14.391ms max=18.98ms | leaderCPU=82.3% ELU=1 fsync/s=680 meta/s=9.8 AE/s=680.4 | genLagP99=0.049ms | STABLE
  r59.2 optimized-http 1024B disabled rep 5 disk=fast(0.336ms) optimized-http rate=6000/s payload=1024B | achieved=6000.4/s (100.0%) | err=0.00% | p50=19.119ms p99=28.511ms p99.9=34.623ms max=38.208ms | leaderCPU=68.9% ELU=1 fsync/s=125.4 meta/s=9.2 AE/s=674 | genLagP99=0.061ms | STABLE
  r59.3 group-commit 1024B disabled rep 5 disk=slow(1.89ms) group-commit rate=6000/s payload=1024B | achieved=5999.1/s (100.0%) | err=0.00% | p50=17.807ms p99=27.775ms p99.9=31.247ms max=34.507ms | leaderCPU=64.4% ELU=1 fsync/s=172.5 meta/s=9.3 AE/s=204.8 | genLagP99=0.072ms | STABLE
  r59.4 optimized-binary 1024B disabled rep 5 disk=slow(1.805ms) optimized-binary rate=6000/s payload=1024B | achieved=6001.3/s (100.0%) | err=0.00% | p50=3.003ms p99=16.735ms p99.9=19.967ms max=24.625ms | leaderCPU=67.1% ELU=1 fsync/s=546.5 meta/s=9.7 AE/s=1889 | genLagP99=0.055ms | STABLE
rung 8000/s: group-commit@1024B, group-batch@1024B, group-batch-pipeline@1024B, optimized-http@1024B, optimized-binary@1024B, optimized-http@64B, optimized-binary@64B
  r60.0 optimized-binary 1024B disabled rep 1 disk=fast(0.343ms) optimized-binary rate=8000/s payload=1024B | achieved=8001.1/s (100.0%) | err=0.00% | p50=12.439ms p99=24.319ms p99.9=31.599ms max=35.985ms | leaderCPU=60.6% ELU=0.999 fsync/s=162.8 meta/s=9.3 AE/s=550.6 | genLagP99=0.071ms | STABLE
  r60.1 optimized-http 64B disabled rep 1 disk=slow(1.7ms) optimized-http rate=8000/s payload=64B | achieved=7540.1/s (94.3%) | err=0.00% | p50=1273.855ms p99=1663.999ms p99.9=1672.191ms max=1678.22ms | leaderCPU=66.6% ELU=1 fsync/s=147.6 meta/s=9.3 AE/s=460.2 | genLagP99=0.114ms | UNSTABLE(achieved 94.3% of offered; p99 1663.999 ms; latency grew 2.25x across the window)
  r60.2 optimized-http 1024B disabled rep 1 disk=slow(1.888ms) optimized-http rate=8000/s payload=1024B | achieved=7456.2/s (93.2%) | err=0.00% | p50=2242.559ms p99=3049.471ms p99.9=3067.903ms max=3079.672ms | leaderCPU=75.7% ELU=0.999 fsync/s=144.5 meta/s=9.3 AE/s=443.1 | genLagP99=0.115ms | UNSTABLE(achieved 93.2% of offered; p99 3049.471 ms)
  r60.3 optimized-binary 64B disabled rep 1 disk=fast(0.357ms) optimized-binary rate=8000/s payload=64B | achieved=7997.1/s (100.0%) | err=0.00% | p50=2.925ms p99=16.231ms p99.9=20.047ms max=22.862ms | leaderCPU=73.3% ELU=1 fsync/s=592.3 meta/s=9.8 AE/s=2067.9 | genLagP99=0.052ms | STABLE
  r60.4 group-batch-pipeline 1024B disabled rep 1 disk=slow(1.944ms) group-batch-pipeline rate=8000/s payload=1024B | achieved=6795.6/s (84.9%) | err=0.00% | p50=2945.023ms p99=4452.351ms p99.9=4476.927ms max=4481.539ms | leaderCPU=74.7% ELU=1 fsync/s=131.8 meta/s=9.2 AE/s=397.6 | genLagP99=0.109ms | UNSTABLE(achieved 84.9% of offered; p99 4452.351 ms; latency grew 2.67x across the window)
  r60.5 group-commit 1024B disabled rep 1 disk=slow(1.803ms) group-commit rate=8000/s payload=1024B | achieved=6511/s (81.4%) | err=0.00% | p50=4059.135ms p99=5177.343ms p99.9=5230.591ms max=5237.361ms | leaderCPU=71.6% ELU=0.99 fsync/s=106.7 meta/s=9.1 AE/s=200.8 | genLagP99=0.179ms | UNSTABLE(achieved 81.4% of offered; p99 5177.343 ms; latency grew 2.7x across the window)
  r60.6 group-batch 1024B disabled rep 1 disk=slow(1.669ms) group-batch rate=8000/s payload=1024B | achieved=8179.1/s (102.2%) | err=0.00% | p50=7.351ms p99=310.527ms p99.9=363.007ms max=373.535ms | leaderCPU=85.9% ELU=0.999 fsync/s=439 meta/s=9.8 AE/s=450.3 | genLagP99=0.067ms | STABLE
  r61.0 optimized-http 64B disabled rep 2 disk=fast(0.331ms) optimized-http rate=8000/s payload=64B | achieved=7997.9/s (100.0%) | err=0.00% | p50=18.479ms p99=34.783ms p99.9=40.223ms max=42.355ms | leaderCPU=98.6% ELU=1 fsync/s=138.3 meta/s=9.5 AE/s=1477 | genLagP99=0.086ms | STABLE
  r61.1 optimized-binary 64B disabled rep 2 disk=fast(0.329ms) optimized-binary rate=8000/s payload=64B | achieved=7999.1/s (100.0%) | err=0.00% | p50=11.375ms p99=20.751ms p99.9=27.183ms max=31.497ms | leaderCPU=52.9% ELU=0.999 fsync/s=184.3 meta/s=9.2 AE/s=632.9 | genLagP99=0.063ms | STABLE
  r61.2 optimized-binary 1024B disabled rep 2 disk=slow(1.853ms) optimized-binary rate=8000/s payload=1024B | achieved=8001/s (100.0%) | err=0.00% | p50=10.319ms p99=20.079ms p99.9=23.727ms max=27.005ms | leaderCPU=69.6% ELU=1 fsync/s=327.8 meta/s=9.5 AE/s=1156.2 | genLagP99=0.071ms | STABLE
  r61.3 group-commit 1024B disabled rep 2 disk=fast(0.36ms) group-commit rate=8000/s payload=1024B | achieved=7999.6/s (100.0%) | err=0.00% | p50=8.463ms p99=16.591ms p99.9=24.527ms max=29.512ms | leaderCPU=90.8% ELU=1 fsync/s=353.4 meta/s=9.8 AE/s=428.6 | genLagP99=0.063ms | STABLE
  r61.4 optimized-http 1024B disabled rep 2 disk=fast(0.34ms) optimized-http rate=8000/s payload=1024B | achieved=8001.3/s (100.0%) | err=0.00% | p50=19.967ms p99=36.767ms p99.9=41.279ms max=44.56ms | leaderCPU=99.5% ELU=1 fsync/s=143.3 meta/s=9.6 AE/s=1152.8 | genLagP99=0.087ms | STABLE
  r61.5 group-batch 1024B disabled rep 2 disk=fast(0.334ms) group-batch rate=8000/s payload=1024B | achieved=6337.1/s (79.2%) | err=0.00% | p50=2344.959ms p99=5660.671ms p99.9=5685.247ms max=5692.455ms | leaderCPU=57.2% ELU=0.793 fsync/s=130.3 meta/s=8.8 AE/s=168.6 | genLagP99=0.103ms | UNSTABLE(achieved 79.2% of offered; p99 5660.671 ms; latency grew 471.94x across the window)
  r61.6 group-batch-pipeline 1024B disabled rep 2 disk=slow(1.694ms) group-batch-pipeline rate=8000/s payload=1024B | achieved=8393/s (104.9%) | err=0.00% | p50=885.247ms p99=1902.591ms p99.9=1924.095ms max=1931.161ms | leaderCPU=85.8% ELU=0.999 fsync/s=161.4 meta/s=9.5 AE/s=594.3 | genLagP99=0.118ms | UNSTABLE(p99 1902.591 ms)
  r62.0 optimized-binary 64B disabled rep 3 disk=fast(0.338ms) optimized-binary rate=8000/s payload=64B | achieved=7997.1/s (100.0%) | err=0.00% | p50=3.091ms p99=18.831ms p99.9=28.703ms max=36.175ms | leaderCPU=72.7% ELU=0.999 fsync/s=537.1 meta/s=9.7 AE/s=1882.1 | genLagP99=0.059ms | STABLE
  r62.1 group-commit 1024B disabled rep 3 disk=slow(1.687ms) group-commit rate=8000/s payload=1024B | achieved=6974.9/s (87.2%) | err=0.00% | p50=2365.439ms p99=3665.919ms p99.9=3717.119ms max=3731.202ms | leaderCPU=67.2% ELU=0.999 fsync/s=117.3 meta/s=9.3 AE/s=215.2 | genLagP99=0.112ms | UNSTABLE(achieved 87.2% of offered; p99 3665.919 ms; latency grew 3.16x across the window)
  r62.2 optimized-http 64B disabled rep 3 disk=slow(1.88ms) optimized-http rate=8000/s payload=64B | achieved=7499.1/s (93.7%) | err=0.00% | p50=1283.071ms p99=1831.935ms p99.9=1841.151ms max=1848.034ms | leaderCPU=65.7% ELU=0.999 fsync/s=146 meta/s=9.2 AE/s=452.5 | genLagP99=0.106ms | UNSTABLE(achieved 93.7% of offered; p99 1831.935 ms; latency grew 2.48x across the window)
  r62.3 group-batch 1024B disabled rep 3 disk=slow(1.681ms) group-batch rate=8000/s payload=1024B | achieved=8419.7/s (105.2%) | err=0.00% | p50=536.575ms p99=2142.207ms p99.9=2150.399ms max=2157.451ms | leaderCPU=81% ELU=0.938 fsync/s=267 meta/s=9.4 AE/s=310.6 | genLagP99=0.106ms | UNSTABLE(p99 2142.207 ms)
  r62.4 optimized-binary 1024B disabled rep 3 disk=fast(0.333ms) optimized-binary rate=8000/s payload=1024B | achieved=7997.8/s (100.0%) | err=0.00% | p50=3.927ms p99=25.215ms p99.9=33.823ms max=38.271ms | leaderCPU=75% ELU=0.999 fsync/s=426.2 meta/s=9.6 AE/s=1475.3 | genLagP99=0.065ms | STABLE
  r62.5 group-batch-pipeline 1024B disabled rep 3 disk=slow(1.822ms) group-batch-pipeline rate=8000/s payload=1024B | achieved=7027.9/s (87.8%) | err=0.00% | p50=2785.279ms p99=3592.191ms p99.9=3610.623ms max=3619.453ms | leaderCPU=69.1% ELU=0.999 fsync/s=136.3 meta/s=9.2 AE/s=409.3 | genLagP99=0.109ms | UNSTABLE(achieved 87.8% of offered; p99 3592.191 ms; latency grew 2.07x across the window)
  r62.6 optimized-http 1024B disabled rep 3 disk=fast(0.348ms) optimized-http rate=8000/s payload=1024B | achieved=7280.9/s (91.0%) | err=0.00% | p50=939.519ms p99=1910.783ms p99.9=1930.239ms max=1937.606ms | leaderCPU=71.5% ELU=1 fsync/s=140 meta/s=9.3 AE/s=530.4 | genLagP99=0.102ms | UNSTABLE(achieved 91% of offered; p99 1910.783 ms; latency grew 72.15x across the window)
  r63.0 optimized-http 1024B disabled rep 4 disk=slow(1.794ms) optimized-http rate=8000/s payload=1024B | achieved=7373.5/s (92.2%) | err=0.00% | p50=1746.943ms p99=2441.215ms p99.9=2449.407ms max=2454.529ms | leaderCPU=70.2% ELU=1 fsync/s=144.4 meta/s=9.3 AE/s=437.3 | genLagP99=0.114ms | UNSTABLE(achieved 92.2% of offered; p99 2441.215 ms; latency grew 2.14x across the window)
  r63.1 optimized-binary 1024B disabled rep 4 disk=slow(1.675ms) optimized-binary rate=8000/s payload=1024B | achieved=7996.9/s (100.0%) | err=0.00% | p50=3.539ms p99=20.607ms p99.9=25.311ms max=30.494ms | leaderCPU=76.9% ELU=0.999 fsync/s=488 meta/s=9.7 AE/s=1679 | genLagP99=0.06ms | STABLE
  r63.2 group-batch-pipeline 1024B disabled rep 4 disk=slow(1.884ms) group-batch-pipeline rate=8000/s payload=1024B | achieved=6796.1/s (85.0%) | err=0.00% | p50=3133.439ms p99=4321.279ms p99.9=4333.567ms max=4339.431ms | leaderCPU=67.6% ELU=1 fsync/s=132.3 meta/s=9.2 AE/s=406.9 | genLagP99=0.111ms | UNSTABLE(achieved 85% of offered; p99 4321.279 ms; latency grew 2.71x across the window)
  r63.3 group-commit 1024B disabled rep 4 disk=slow(1.733ms) group-commit rate=8000/s payload=1024B | achieved=7795.8/s (97.4%) | err=0.00% | p50=519.935ms p99=1290.239ms p99.9=1301.503ms max=1305.366ms | leaderCPU=78.3% ELU=0.999 fsync/s=154.2 meta/s=9.4 AE/s=261.6 | genLagP99=0.111ms | UNSTABLE(achieved 97.4% of offered; p99 1290.239 ms; latency grew 2.49x across the window)
  r63.4 group-batch 1024B disabled rep 4 disk=slow(1.748ms) group-batch rate=8000/s payload=1024B | achieved=6192.6/s (77.4%) | err=0.00% | p50=5238.783ms p99=7409.663ms p99.9=7569.407ms max=7576.179ms | leaderCPU=51.7% ELU=0.772 fsync/s=99.7 meta/s=8.7 AE/s=140.8 | genLagP99=0.138ms | UNSTABLE(achieved 77.4% of offered; p99 7409.663 ms; latency grew 2.35x across the window)
  r64.0 optimized-binary 1024B disabled rep 5 disk=slow(1.73ms) optimized-binary rate=8000/s payload=1024B | achieved=8006.1/s (100.1%) | err=0.00% | p50=3.265ms p99=18.959ms p99.9=31.007ms max=38.569ms | leaderCPU=79.5% ELU=0.999 fsync/s=549.3 meta/s=9.8 AE/s=1847.2 | genLagP99=0.06ms | STABLE
  r64.1 group-commit 1024B disabled rep 5 disk=fast(0.364ms) group-commit rate=8000/s payload=1024B | achieved=7246.5/s (90.6%) | err=0.00% | p50=1471.487ms p99=2379.775ms p99.9=2394.111ms max=2401.161ms | leaderCPU=70.4% ELU=0.996 fsync/s=119.8 meta/s=9.3 AE/s=224.3 | genLagP99=0.111ms | UNSTABLE(achieved 90.6% of offered; p99 2379.775 ms; latency grew 3.46x across the window)
  r64.2 optimized-http 1024B disabled rep 5 disk=slow(1.837ms) optimized-http rate=8000/s payload=1024B | achieved=7947.1/s (99.3%) | err=0.00% | p50=1781.759ms p99=2582.527ms p99.9=2609.151ms max=2622.802ms | leaderCPU=73.1% ELU=0.999 fsync/s=157.3 meta/s=9.3 AE/s=464.9 | genLagP99=0.112ms | UNSTABLE(p99 2582.527 ms)
  r64.3 group-batch 1024B disabled rep 5 disk=fast(0.333ms) group-batch rate=8000/s payload=1024B | achieved=8000/s (100.0%) | err=0.00% | p50=6.975ms p99=13.687ms p99.9=24.751ms max=30.258ms | leaderCPU=88.6% ELU=1 fsync/s=472.6 meta/s=9.7 AE/s=476 | genLagP99=0.06ms | STABLE
