rung 100/s: baseline@1024B, group-commit@1024B, pipeline-only@1024B, batch-only@1024B, group-batch@1024B, group-batch-pipeline@1024B, optimized-http@1024B, optimized-binary@1024B, transport-only@1024B, baseline@64B, optimized-http@64B, optimized-binary@64B, baseline@16384B, optimized-http@16384B, optimized-binary@16384B
rung 200/s: baseline@1024B, group-commit@1024B, pipeline-only@1024B, batch-only@1024B, group-batch@1024B, group-batch-pipeline@1024B, optimized-http@1024B, optimized-binary@1024B, transport-only@1024B, baseline@64B, optimized-http@64B, optimized-binary@64B, baseline@16384B, optimized-http@16384B, optimized-binary@16384B
rung 300/s: baseline@1024B, group-commit@1024B, pipeline-only@1024B, batch-only@1024B, group-batch@1024B, group-batch-pipeline@1024B, optimized-http@1024B, optimized-binary@1024B, transport-only@1024B, baseline@64B, optimized-http@64B, optimized-binary@64B, baseline@16384B, optimized-http@16384B, optimized-binary@16384B
rung 500/s: baseline@1024B, group-commit@1024B, pipeline-only@1024B, batch-only@1024B, group-batch@1024B, group-batch-pipeline@1024B, optimized-http@1024B, optimized-binary@1024B, transport-only@1024B, baseline@64B, optimized-http@64B, optimized-binary@64B, baseline@16384B, optimized-http@16384B, optimized-binary@16384B
  pipeline-only@1024B stops at 500/s (streak=2, mean achieved ratio=0.843)
rung 750/s: baseline@1024B, group-commit@1024B, batch-only@1024B, group-batch@1024B, group-batch-pipeline@1024B, optimized-http@1024B, optimized-binary@1024B, transport-only@1024B, baseline@64B, optimized-http@64B, optimized-binary@64B, baseline@16384B, optimized-http@16384B, optimized-binary@16384B
  transport-only@1024B stops at 750/s (streak=2, mean achieved ratio=0.717)
  baseline@64B stops at 750/s (streak=2, mean achieved ratio=0.863)
  baseline@16384B stops at 750/s (streak=2, mean achieved ratio=0.802)
rung 1000/s: baseline@1024B, group-commit@1024B, batch-only@1024B, group-batch@1024B, group-batch-pipeline@1024B, optimized-http@1024B, optimized-binary@1024B, optimized-http@64B, optimized-binary@64B, optimized-http@16384B, optimized-binary@16384B
  baseline@1024B stops at 1000/s (streak=2, mean achieved ratio=0.637)
  batch-only@1024B stops at 1000/s (streak=2, mean achieved ratio=0.818)
rung 1500/s: group-commit@1024B, group-batch@1024B, group-batch-pipeline@1024B, optimized-http@1024B, optimized-binary@1024B, optimized-http@64B, optimized-binary@64B, optimized-http@16384B, optimized-binary@16384B
  r31.1 optimized-binary 16384B disabled rep 2 disk=fast(0.334ms) optimized-binary rate=1500/s payload=16384B | achieved=1499.6/s (100.0%) | err=0.00% | p50=6.963ms p99=17.583ms p99.9=21.871ms max=26.582ms | leaderCPU=57% ELU=1 fsync/s=567.9 meta/s=9.6 AE/s=1538.2 | genLagP99=0.051ms | STABLE
  r31.2 group-batch 1024B disabled rep 2 disk=slow(1.711ms) group-batch rate=1500/s payload=1024B | achieved=1500.4/s (100.0%) | err=0.00% | p50=2.923ms p99=15.943ms p99.9=19.567ms max=26.279ms | leaderCPU=59.1% ELU=1 fsync/s=831 meta/s=9.8 AE/s=832.4 | genLagP99=0.046ms | STABLE
  r31.3 optimized-http 16384B disabled rep 2 disk=fast(0.336ms) optimized-http rate=1500/s payload=16384B | achieved=1500.3/s (100.0%) | err=0.00% | p50=16.927ms p99=30.719ms p99.9=47.903ms max=53.751ms | leaderCPU=68.9% ELU=1 fsync/s=141.1 meta/s=9.2 AE/s=713.4 | genLagP99=0.047ms | STABLE
  r31.4 group-batch-pipeline 1024B disabled rep 2 disk=slow(1.685ms) group-batch-pipeline rate=1500/s payload=1024B | achieved=1500.3/s (100.0%) | err=0.00% | p50=11.519ms p99=19.471ms p99.9=21.903ms max=26.222ms | leaderCPU=56.6% ELU=1 fsync/s=277.3 meta/s=9.4 AE/s=1222.8 | genLagP99=0.042ms | STABLE
  r31.5 optimized-binary 64B disabled rep 2 disk=fast(0.334ms) optimized-binary rate=1500/s payload=64B | achieved=1500/s (100.0%) | err=0.00% | p50=6.971ms p99=13.303ms p99.9=15.199ms max=16.709ms | leaderCPU=34.2% ELU=0.99 fsync/s=629.9 meta/s=9.6 AE/s=1490.6 | genLagP99=0.03ms | STABLE
  r31.6 optimized-http 1024B disabled rep 2 disk=fast(0.309ms) optimized-http rate=1500/s payload=1024B | achieved=1499.3/s (100.0%) | err=0.00% | p50=4.727ms p99=18.175ms p99.9=21.951ms max=25.239ms | leaderCPU=74.1% ELU=0.999 fsync/s=424.7 meta/s=9.7 AE/s=1909.7 | genLagP99=0.047ms | STABLE
  r31.7 optimized-http 64B disabled rep 2 disk=slow(1.659ms) optimized-http rate=1500/s payload=64B | achieved=1500.1/s (100.0%) | err=0.00% | p50=9.911ms p99=19.007ms p99.9=22.591ms max=25.795ms | leaderCPU=53.9% ELU=1 fsync/s=308.4 meta/s=9.4 AE/s=1273.4 | genLagP99=0.04ms | STABLE
  r31.8 optimized-binary 1024B disabled rep 2 disk=slow(1.835ms) optimized-binary rate=1500/s payload=1024B | achieved=1499.8/s (100.0%) | err=0.00% | p50=8.199ms p99=15.303ms p99.9=25.119ms max=37.967ms | leaderCPU=33.5% ELU=0.999 fsync/s=525.6 meta/s=9.5 AE/s=1343.3 | genLagP99=0.044ms | STABLE
  r32.0 group-batch 1024B disabled rep 3 disk=slow(1.727ms) group-batch rate=1500/s payload=1024B | achieved=1500.2/s (100.0%) | err=0.00% | p50=8.591ms p99=17.103ms p99.9=20.239ms max=23.91ms | leaderCPU=45% ELU=1 fsync/s=522.2 meta/s=9.6 AE/s=524.3 | genLagP99=0.054ms | STABLE
  r32.1 group-commit 1024B disabled rep 3 disk=slow(1.882ms) group-commit rate=1500/s payload=1024B | achieved=1500.7/s (100.0%) | err=0.00% | p50=8.711ms p99=14.967ms p99.9=17.727ms max=20.8ms | leaderCPU=49.1% ELU=1 fsync/s=585.6 meta/s=9.6 AE/s=564.3 | genLagP99=0.035ms | STABLE
  r32.2 group-batch-pipeline 1024B disabled rep 3 disk=fast(0.333ms) group-batch-pipeline rate=1500/s payload=1024B | achieved=1500.2/s (100.0%) | err=0.00% | p50=6.255ms p99=17.743ms p99.9=20.559ms max=22.283ms | leaderCPU=77.5% ELU=1 fsync/s=333.4 meta/s=9.7 AE/s=1997.8 | genLagP99=0.057ms | STABLE
  r32.3 optimized-binary 16384B disabled rep 3 disk=slow(1.936ms) optimized-binary rate=1500/s payload=16384B | achieved=1500.2/s (100.0%) | err=0.00% | p50=9.399ms p99=19.023ms p99.9=23.999ms max=29.5ms | leaderCPU=45.2% ELU=1 fsync/s=235.1 meta/s=9.3 AE/s=855.8 | genLagP99=0.04ms | STABLE
  r32.4 optimized-http 1024B disabled rep 3 disk=slow(1.653ms) optimized-http rate=1500/s payload=1024B | achieved=1500/s (100.0%) | err=0.00% | p50=4.587ms p99=17.151ms p99.9=20.335ms max=25.6ms | leaderCPU=74.3% ELU=1 fsync/s=431.6 meta/s=9.7 AE/s=1946.3 | genLagP99=0.04ms | STABLE
  r32.5 optimized-http 16384B disabled rep 3 disk=slow(1.834ms) optimized-http rate=1500/s payload=16384B | achieved=1501.2/s (100.1%) | err=0.00% | p50=17.967ms p99=31.071ms p99.9=40.543ms max=46.009ms | leaderCPU=68.5% ELU=1 fsync/s=131.4 meta/s=9.2 AE/s=699 | genLagP99=0.055ms | STABLE
  r32.6 optimized-binary 1024B disabled rep 3 disk=slow(1.734ms) optimized-binary rate=1500/s payload=1024B | achieved=1500.3/s (100.0%) | err=0.00% | p50=2.355ms p99=13.735ms p99.9=17.391ms max=22.856ms | leaderCPU=45.7% ELU=0.998 fsync/s=858.4 meta/s=9.7 AE/s=2001.2 | genLagP99=0.048ms | STABLE
  r32.7 optimized-binary 64B disabled rep 3 disk=slow(1.692ms) optimized-binary rate=1500/s payload=64B | achieved=1500.5/s (100.0%) | err=0.00% | p50=5.399ms p99=13.559ms p99.9=19.519ms max=23.971ms | leaderCPU=36.8% ELU=0.995 fsync/s=772.5 meta/s=9.7 AE/s=1772.9 | genLagP99=0.03ms | STABLE
  r32.8 optimized-http 64B disabled rep 3 disk=fast(0.319ms) optimized-http rate=1500/s payload=64B | achieved=1500/s (100.0%) | err=0.00% | p50=9.887ms p99=16.895ms p99.9=19.839ms max=23.458ms | leaderCPU=44.6% ELU=1 fsync/s=259.4 meta/s=9.4 AE/s=952.5 | genLagP99=0.041ms | STABLE
  r33.0 optimized-http 1024B disabled rep 4 disk=slow(1.67ms) optimized-http rate=1500/s payload=1024B | achieved=1500.2/s (100.0%) | err=0.00% | p50=8.351ms p99=17.231ms p99.9=19.855ms max=24.077ms | leaderCPU=62.2% ELU=1 fsync/s=363.6 meta/s=9.6 AE/s=1590 | genLagP99=0.038ms | STABLE
  r33.1 optimized-binary 1024B disabled rep 4 disk=fast(0.307ms) optimized-binary rate=1500/s payload=1024B | achieved=1499.8/s (100.0%) | err=0.00% | p50=8.671ms p99=14.903ms p99.9=17.471ms max=21.638ms | leaderCPU=31.1% ELU=1 fsync/s=285.9 meta/s=9.4 AE/s=902.9 | genLagP99=0.045ms | STABLE
  r33.2 group-batch-pipeline 1024B disabled rep 4 disk=slow(1.85ms) group-batch-pipeline rate=1500/s payload=1024B | achieved=1500.3/s (100.0%) | err=0.00% | p50=8.063ms p99=18.591ms p99.9=25.167ms max=33.156ms | leaderCPU=70.4% ELU=1 fsync/s=316.9 meta/s=9.6 AE/s=1611.8 | genLagP99=0.049ms | STABLE
  r33.3 group-commit 1024B disabled rep 4 disk=fast(0.301ms) group-commit rate=1500/s payload=1024B | achieved=1500.1/s (100.0%) | err=0.00% | p50=9.959ms p99=16.447ms p99.9=19.471ms max=21.742ms | leaderCPU=38.1% ELU=1 fsync/s=304.1 meta/s=9.5 AE/s=315.8 | genLagP99=0.043ms | STABLE
  r33.4 group-batch 1024B disabled rep 4 disk=slow(1.696ms) group-batch rate=1500/s payload=1024B | achieved=1499.3/s (100.0%) | err=0.00% | p50=2.787ms p99=13.159ms p99.9=16.007ms max=18.99ms | leaderCPU=67.4% ELU=1 fsync/s=982.8 meta/s=9.8 AE/s=985.5 | genLagP99=0.054ms | STABLE
  r34.0 optimized-binary 1024B disabled rep 5 disk=slow(1.714ms) optimized-binary rate=1500/s payload=1024B | achieved=1500.1/s (100.0%) | err=0.00% | p50=8.599ms p99=15.447ms p99.9=17.567ms max=20.74ms | leaderCPU=27.2% ELU=1 fsync/s=287.1 meta/s=9.4 AE/s=903.6 | genLagP99=0.033ms | STABLE
  r34.1 group-commit 1024B disabled rep 5 disk=slow(1.677ms) group-commit rate=1500/s payload=1024B | achieved=1500.5/s (100.0%) | err=0.00% | p50=9.431ms p99=17.119ms p99.9=22.095ms max=26.362ms | leaderCPU=43.3% ELU=1 fsync/s=451.3 meta/s=9.6 AE/s=447.1 | genLagP99=0.041ms | STABLE
  r34.2 optimized-http 1024B disabled rep 5 disk=fast(0.318ms) optimized-http rate=1500/s payload=1024B | achieved=1499.5/s (100.0%) | err=0.00% | p50=5.203ms p99=17.743ms p99.9=20.863ms max=24.513ms | leaderCPU=70.6% ELU=1 fsync/s=397.9 meta/s=9.7 AE/s=1828.2 | genLagP99=0.045ms | STABLE
  r34.3 group-batch 1024B disabled rep 5 disk=slow(1.695ms) group-batch rate=1500/s payload=1024B | achieved=1499.9/s (100.0%) | err=0.00% | p50=10.175ms p99=16.959ms p99.9=19.551ms max=21.432ms | leaderCPU=35.5% ELU=1 fsync/s=298.6 meta/s=9.4 AE/s=299.9 | genLagP99=0.039ms | STABLE
  r34.4 group-batch-pipeline 1024B disabled rep 5 disk=slow(1.638ms) group-batch-pipeline rate=1500/s payload=1024B | achieved=1500.4/s (100.0%) | err=0.00% | p50=9.919ms p99=18.303ms p99.9=21.983ms max=25.227ms | leaderCPU=57.7% ELU=1 fsync/s=313.9 meta/s=9.5 AE/s=1379.5 | genLagP99=0.031ms | STABLE
rung 2000/s: group-commit@1024B, group-batch@1024B, group-batch-pipeline@1024B, optimized-http@1024B, optimized-binary@1024B, optimized-http@64B, optimized-binary@64B, optimized-http@16384B, optimized-binary@16384B
  r35.0 optimized-binary 1024B disabled rep 1 disk=fast(0.301ms) optimized-binary rate=2000/s payload=1024B | achieved=1999/s (100.0%) | err=0.00% | p50=6.731ms p99=14.719ms p99.9=17.135ms max=22.832ms | leaderCPU=40.5% ELU=1 fsync/s=710.6 meta/s=9.6 AE/s=1922.2 | genLagP99=0.041ms | STABLE
  r35.1 optimized-http 1024B disabled rep 1 disk=slow(1.976ms) optimized-http rate=2000/s payload=1024B | achieved=2001/s (100.0%) | err=0.00% | p50=10.079ms p99=18.303ms p99.9=21.519ms max=26.347ms | leaderCPU=63% ELU=1 fsync/s=296.5 meta/s=9.5 AE/s=1474 | genLagP99=0.033ms | STABLE
  r35.2 optimized-http 64B disabled rep 1 disk=fast(0.3ms) optimized-http rate=2000/s payload=64B | achieved=1999.8/s (100.0%) | err=0.00% | p50=7.695ms p99=16.399ms p99.9=19.679ms max=24.788ms | leaderCPU=71.8% ELU=1 fsync/s=291.3 meta/s=9.7 AE/s=2149.4 | genLagP99=0.042ms | STABLE
  r35.3 group-batch-pipeline 1024B disabled rep 1 disk=slow(1.73ms) group-batch-pipeline rate=2000/s payload=1024B | achieved=2000.3/s (100.0%) | err=0.00% | p50=12.919ms p99=20.383ms p99.9=23.583ms max=28.863ms | leaderCPU=46.5% ELU=1 fsync/s=195.1 meta/s=9.3 AE/s=821.1 | genLagP99=0.035ms | STABLE
  r35.4 optimized-binary 64B disabled rep 1 disk=slow(1.662ms) optimized-binary rate=2000/s payload=64B | achieved=2000.8/s (100.0%) | err=0.00% | p50=2.131ms p99=13.375ms p99.9=16.671ms max=20.992ms | leaderCPU=44.3% ELU=1 fsync/s=858.2 meta/s=9.7 AE/s=2256.1 | genLagP99=0.039ms | STABLE
  r35.5 group-batch 1024B disabled rep 1 disk=fast(0.341ms) group-batch rate=2000/s payload=1024B | achieved=1999.5/s (100.0%) | err=0.00% | p50=9.847ms p99=16.671ms p99.9=19.935ms max=22.944ms | leaderCPU=39.1% ELU=1 fsync/s=357.8 meta/s=9.5 AE/s=360.1 | genLagP99=0.037ms | STABLE
  r35.6 optimized-http 16384B disabled rep 1 disk=slow(1.634ms) optimized-http rate=2000/s payload=16384B | achieved=2000.9/s (100.0%) | err=0.00% | p50=21.663ms p99=48.639ms p99.9=86.463ms max=93.513ms | leaderCPU=77% ELU=1 fsync/s=107 meta/s=9.2 AE/s=647.6 | genLagP99=0.045ms | STABLE
  r35.7 group-commit 1024B disabled rep 1 disk=slow(1.736ms) group-commit rate=2000/s payload=1024B | achieved=2000.5/s (100.0%) | err=0.00% | p50=9.487ms p99=16.183ms p99.9=18.751ms max=22.01ms | leaderCPU=51.7% ELU=1 fsync/s=490.4 meta/s=9.7 AE/s=505.4 | genLagP99=0.025ms | STABLE
  r35.8 optimized-binary 16384B disabled rep 1 disk=fast(0.298ms) optimized-binary rate=2000/s payload=16384B | achieved=1999.7/s (100.0%) | err=0.00% | p50=7.395ms p99=21.055ms p99.9=25.615ms max=31.042ms | leaderCPU=66.9% ELU=1 fsync/s=492.6 meta/s=9.6 AE/s=1544.3 | genLagP99=0.046ms | STABLE
  r36.0 group-commit 1024B disabled rep 2 disk=slow(1.706ms) group-commit rate=2000/s payload=1024B | achieved=1999.9/s (100.0%) | err=0.00% | p50=9.471ms p99=16.527ms p99.9=19.823ms max=23.198ms | leaderCPU=51.7% ELU=1 fsync/s=500.7 meta/s=9.6 AE/s=515.9 | genLagP99=0.031ms | STABLE
  r36.1 group-batch 1024B disabled rep 2 disk=slow(1.889ms) group-batch rate=2000/s payload=1024B | achieved=2000.5/s (100.0%) | err=0.00% | p50=9.071ms p99=16.719ms p99.9=20.879ms max=26.702ms | leaderCPU=47.4% ELU=1 fsync/s=492.1 meta/s=9.6 AE/s=494.3 | genLagP99=0.033ms | STABLE
  r36.2 optimized-binary 16384B disabled rep 2 disk=fast(0.325ms) optimized-binary rate=2000/s payload=16384B | achieved=1999.4/s (100.0%) | err=0.00% | p50=6.983ms p99=19.231ms p99.9=24.703ms max=28.475ms | leaderCPU=61.9% ELU=1 fsync/s=494.4 meta/s=9.6 AE/s=1558.3 | genLagP99=0.05ms | STABLE
  r36.3 group-batch-pipeline 1024B disabled rep 2 disk=slow(1.872ms) group-batch-pipeline rate=2000/s payload=1024B | achieved=2000.5/s (100.0%) | err=0.00% | p50=12.975ms p99=21.615ms p99.9=52.767ms max=70.037ms | leaderCPU=60.9% ELU=1 fsync/s=188.1 meta/s=9.3 AE/s=1053.3 | genLagP99=0.046ms | STABLE
  r36.4 optimized-http 16384B disabled rep 2 disk=slow(1.717ms) optimized-http rate=2000/s payload=16384B | achieved=1998.8/s (99.9%) | err=0.00% | p50=22.991ms p99=57.759ms p99.9=99.967ms max=109.089ms | leaderCPU=77% ELU=1 fsync/s=100.7 meta/s=9.1 AE/s=634.9 | genLagP99=0.059ms | STABLE
  r36.5 optimized-http 1024B disabled rep 2 disk=slow(1.809ms) optimized-http rate=2000/s payload=1024B | achieved=2000.3/s (100.0%) | err=0.00% | p50=10.855ms p99=18.879ms p99.9=25.119ms max=29.782ms | leaderCPU=77.2% ELU=1 fsync/s=212.9 meta/s=9.5 AE/s=1823.9 | genLagP99=0.046ms | STABLE
  r36.6 optimized-binary 64B disabled rep 2 disk=fast(0.336ms) optimized-binary rate=2000/s payload=64B | achieved=1999.5/s (100.0%) | err=0.00% | p50=8.343ms p99=16.151ms p99.9=31.407ms max=45.247ms | leaderCPU=30% ELU=1 fsync/s=288.6 meta/s=9.4 AE/s=903 | genLagP99=0.041ms | STABLE
  r36.7 optimized-binary 1024B disabled rep 2 disk=slow(1.928ms) optimized-binary rate=2000/s payload=1024B | achieved=2000.6/s (100.0%) | err=0.00% | p50=7.443ms p99=14.863ms p99.9=17.199ms max=19.445ms | leaderCPU=40.5% ELU=1 fsync/s=616.8 meta/s=9.6 AE/s=1719.8 | genLagP99=0.047ms | STABLE
  r36.8 optimized-http 64B disabled rep 2 disk=fast(0.315ms) optimized-http rate=2000/s payload=64B | achieved=1999.5/s (100.0%) | err=0.00% | p50=10.447ms p99=20.463ms p99.9=25.279ms max=28.851ms | leaderCPU=72.3% ELU=1 fsync/s=227.8 meta/s=9.6 AE/s=1879.3 | genLagP99=0.054ms | STABLE
  r37.0 group-batch 1024B disabled rep 3 disk=slow(1.881ms) group-batch rate=2000/s payload=1024B | achieved=2000.5/s (100.0%) | err=0.00% | p50=8.975ms p99=16.831ms p99.9=21.039ms max=25.695ms | leaderCPU=52.1% ELU=1 fsync/s=511.7 meta/s=9.6 AE/s=513.8 | genLagP99=0.041ms | STABLE
  r37.1 group-batch-pipeline 1024B disabled rep 3 disk=fast(0.312ms) group-batch-pipeline rate=2000/s payload=1024B | achieved=1999.6/s (100.0%) | err=0.00% | p50=6.103ms p99=17.311ms p99.9=28.719ms max=40.183ms | leaderCPU=80.7% ELU=1 fsync/s=355.3 meta/s=9.7 AE/s=1860.3 | genLagP99=0.041ms | STABLE
  r37.2 group-commit 1024B disabled rep 3 disk=slow(1.933ms) group-commit rate=2000/s payload=1024B | achieved=2000.7/s (100.0%) | err=0.00% | p50=10.479ms p99=17.519ms p99.9=20.127ms max=31.597ms | leaderCPU=41.7% ELU=1 fsync/s=332.9 meta/s=9.4 AE/s=347 | genLagP99=0.038ms | STABLE
  r37.3 optimized-http 1024B disabled rep 3 disk=fast(0.356ms) optimized-http rate=2000/s payload=1024B | achieved=2000.3/s (100.0%) | err=0.00% | p50=9.423ms p99=19.087ms p99.9=23.599ms max=27.267ms | leaderCPU=78.6% ELU=1 fsync/s=236.4 meta/s=9.6 AE/s=1995.3 | genLagP99=0.046ms | STABLE
  r37.4 optimized-binary 16384B disabled rep 3 disk=slow(1.849ms) optimized-binary rate=2000/s payload=16384B | achieved=2000.8/s (100.0%) | err=0.00% | p50=7.947ms p99=21.711ms p99.9=28.255ms max=35.015ms | leaderCPU=63.6% ELU=1 fsync/s=484.9 meta/s=9.5 AE/s=1517 | genLagP99=0.042ms | STABLE
  r37.5 optimized-binary 1024B disabled rep 3 disk=fast(0.317ms) optimized-binary rate=2000/s payload=1024B | achieved=1998.8/s (99.9%) | err=0.00% | p50=2.277ms p99=15.095ms p99.9=18.863ms max=27.796ms | leaderCPU=46% ELU=1 fsync/s=784.8 meta/s=9.7 AE/s=2111.7 | genLagP99=0.049ms | STABLE
  r37.6 optimized-http 16384B disabled rep 3 disk=slow(1.916ms) optimized-http rate=2000/s payload=16384B | achieved=2000.2/s (100.0%) | err=0.00% | p50=20.207ms p99=34.175ms p99.9=68.287ms max=77.031ms | leaderCPU=81.2% ELU=1 fsync/s=113.8 meta/s=9.2 AE/s=789.5 | genLagP99=0.051ms | STABLE
  r37.7 optimized-http 64B disabled rep 3 disk=slow(1.665ms) optimized-http rate=2000/s payload=64B | achieved=2000.2/s (100.0%) | err=0.00% | p50=9.231ms p99=17.663ms p99.9=22.879ms max=31.12ms | leaderCPU=75.7% ELU=1 fsync/s=240.3 meta/s=9.6 AE/s=2094.3 | genLagP99=0.04ms | STABLE
  r37.8 optimized-binary 64B disabled rep 3 disk=fast(0.318ms) optimized-binary rate=2000/s payload=64B | achieved=1999.4/s (100.0%) | err=0.00% | p50=8.191ms p99=14.639ms p99.9=16.831ms max=18.959ms | leaderCPU=32.9% ELU=1 fsync/s=289.3 meta/s=9.4 AE/s=906.7 | genLagP99=0.048ms | STABLE
  r38.0 group-batch 1024B disabled rep 4 disk=slow(1.68ms) group-batch rate=2000/s payload=1024B | achieved=2000.7/s (100.0%) | err=0.00% | p50=9.383ms p99=16.735ms p99.9=19.983ms max=123.439ms | leaderCPU=45.6% ELU=0.999 fsync/s=459.9 meta/s=9.6 AE/s=466.4 | genLagP99=0.035ms | STABLE
  r38.1 group-commit 1024B disabled rep 4 disk=fast(0.284ms) group-commit rate=2000/s payload=1024B | achieved=1999.1/s (100.0%) | err=0.00% | p50=3.167ms p99=15.191ms p99.9=22.831ms max=29.302ms | leaderCPU=68.2% ELU=1 fsync/s=829.4 meta/s=9.8 AE/s=853.4 | genLagP99=0.024ms | STABLE
  r38.2 group-batch-pipeline 1024B disabled rep 4 disk=slow(1.816ms) group-batch-pipeline rate=2000/s payload=1024B | achieved=2000.5/s (100.0%) | err=0.00% | p50=12.751ms p99=19.695ms p99.9=21.871ms max=24.206ms | leaderCPU=46.3% ELU=1 fsync/s=195.8 meta/s=9.3 AE/s=828.8 | genLagP99=0.028ms | STABLE
  r38.3 optimized-binary 1024B disabled rep 4 disk=slow(1.627ms) optimized-binary rate=2000/s payload=1024B | achieved=1999.1/s (100.0%) | err=0.00% | p50=8.543ms p99=15.591ms p99.9=18.191ms max=22.858ms | leaderCPU=33.1% ELU=1 fsync/s=362.4 meta/s=9.4 AE/s=1112.9 | genLagP99=0.049ms | STABLE
  r38.4 optimized-http 1024B disabled rep 4 disk=slow(1.681ms) optimized-http rate=2000/s payload=1024B | achieved=2000.3/s (100.0%) | err=0.00% | p50=11.679ms p99=20.207ms p99.9=23.983ms max=32.228ms | leaderCPU=65.5% ELU=1 fsync/s=208.2 meta/s=9.4 AE/s=1403.9 | genLagP99=0.044ms | STABLE
  r39.0 group-batch-pipeline 1024B disabled rep 5 disk=fast(0.356ms) group-batch-pipeline rate=2000/s payload=1024B | achieved=2000/s (100.0%) | err=0.00% | p50=12.839ms p99=19.343ms p99.9=23.471ms max=28.252ms | leaderCPU=49.5% ELU=1 fsync/s=195.1 meta/s=9.3 AE/s=881.8 | genLagP99=0.039ms | STABLE
  r39.1 group-batch 1024B disabled rep 5 disk=slow(1.894ms) group-batch rate=2000/s payload=1024B | achieved=2001.8/s (100.1%) | err=0.00% | p50=9.559ms p99=16.543ms p99.9=19.055ms max=21.192ms | leaderCPU=44.9% ELU=1 fsync/s=426.1 meta/s=9.6 AE/s=427.4 | genLagP99=0.031ms | STABLE
  r39.2 optimized-http 1024B disabled rep 5 disk=fast(0.357ms) optimized-http rate=2000/s payload=1024B | achieved=1999.7/s (100.0%) | err=0.00% | p50=10.671ms p99=19.535ms p99.9=22.687ms max=24.637ms | leaderCPU=69.1% ELU=1 fsync/s=217 meta/s=9.5 AE/s=1800.7 | genLagP99=0.036ms | STABLE
  r39.3 group-commit 1024B disabled rep 5 disk=slow(1.876ms) group-commit rate=2000/s payload=1024B | achieved=2000.6/s (100.0%) | err=0.00% | p50=9.255ms p99=18.143ms p99.9=23.535ms max=28.451ms | leaderCPU=50.9% ELU=1 fsync/s=531.3 meta/s=9.6 AE/s=544.4 | genLagP99=0.037ms | STABLE
  r39.4 optimized-binary 1024B disabled rep 5 disk=fast(0.348ms) optimized-binary rate=2000/s payload=1024B | achieved=1999.2/s (100.0%) | err=0.00% | p50=2.345ms p99=14.903ms p99.9=17.359ms max=19.126ms | leaderCPU=45.3% ELU=1 fsync/s=768.6 meta/s=9.7 AE/s=2075.6 | genLagP99=0.051ms | STABLE
rung 3000/s: group-commit@1024B, group-batch@1024B, group-batch-pipeline@1024B, optimized-http@1024B, optimized-binary@1024B, optimized-http@64B, optimized-binary@64B, optimized-http@16384B, optimized-binary@16384B
  r40.0 optimized-binary 1024B disabled rep 1 disk=slow(1.904ms) optimized-binary rate=3000/s payload=1024B | achieved=3000/s (100.0%) | err=0.00% | p50=8.655ms p99=15.511ms p99.9=19.135ms max=24.753ms | leaderCPU=41.5% ELU=1 fsync/s=383.8 meta/s=9.4 AE/s=1243 | genLagP99=0.034ms | STABLE
  r40.1 optimized-http 64B disabled rep 1 disk=slow(1.697ms) optimized-http rate=3000/s payload=64B | achieved=3000.5/s (100.0%) | err=0.00% | p50=11.655ms p99=20.479ms p99.9=25.807ms max=28.801ms | leaderCPU=85% ELU=1 fsync/s=183.3 meta/s=9.6 AE/s=2066.3 | genLagP99=0.046ms | STABLE
  r40.2 optimized-http 1024B disabled rep 1 disk=fast(0.345ms) optimized-http rate=3000/s payload=1024B | achieved=2999.7/s (100.0%) | err=0.00% | p50=13.351ms p99=21.343ms p99.9=27.295ms max=34.452ms | leaderCPU=50.9% ELU=1 fsync/s=186.9 meta/s=9.3 AE/s=841.5 | genLagP99=0.04ms | STABLE
  r40.3 optimized-binary 64B disabled rep 1 disk=slow(1.83ms) optimized-binary rate=3000/s payload=64B | achieved=3000.3/s (100.0%) | err=0.00% | p50=5.179ms p99=13.623ms p99.9=16.103ms max=19.443ms | leaderCPU=56.3% ELU=1 fsync/s=527.5 meta/s=9.6 AE/s=1708 | genLagP99=0.053ms | STABLE
  r40.4 group-batch-pipeline 1024B disabled rep 1 disk=fast(0.366ms) group-batch-pipeline rate=3000/s payload=1024B | achieved=3001/s (100.0%) | err=0.00% | p50=13.623ms p99=21.551ms p99.9=26.015ms max=30.499ms | leaderCPU=54.6% ELU=1 fsync/s=182.6 meta/s=9.3 AE/s=862.6 | genLagP99=0.034ms | STABLE
  r40.5 optimized-http 16384B disabled rep 1 disk=slow(1.907ms) optimized-http rate=3000/s payload=16384B | achieved=3040.1/s (101.3%) | err=0.00% | p50=39.903ms p99=235.391ms p99.9=268.287ms max=281.003ms | leaderCPU=93.5% ELU=1 fsync/s=63.9 meta/s=8.9 AE/s=456.1 | genLagP99=0.081ms | STABLE
  r40.6 group-batch 1024B disabled rep 1 disk=fast(0.347ms) group-batch rate=3000/s payload=1024B | achieved=3000.8/s (100.0%) | err=0.00% | p50=11.487ms p99=17.935ms p99.9=21.215ms max=25.418ms | leaderCPU=39.1% ELU=1 fsync/s=272.4 meta/s=9.4 AE/s=277.1 | genLagP99=0.032ms | STABLE
  r40.7 optimized-binary 16384B disabled rep 1 disk=slow(1.739ms) optimized-binary rate=3000/s payload=16384B | achieved=3005.2/s (100.2%) | err=0.00% | p50=15.295ms p99=48.959ms p99.9=60.671ms max=66.885ms | leaderCPU=77.6% ELU=1 fsync/s=224.6 meta/s=9.3 AE/s=752 | genLagP99=0.062ms | STABLE
  r40.8 group-commit 1024B disabled rep 1 disk=fast(0.333ms) group-commit rate=3000/s payload=1024B | achieved=3001.1/s (100.0%) | err=0.00% | p50=11.343ms p99=18.367ms p99.9=21.599ms max=24.974ms | leaderCPU=45.3% ELU=1 fsync/s=273.3 meta/s=9.4 AE/s=289.4 | genLagP99=0.036ms | STABLE
  r41.0 optimized-http 64B disabled rep 2 disk=slow(1.664ms) optimized-http rate=3000/s payload=64B | achieved=3000.5/s (100.0%) | err=0.00% | p50=12.071ms p99=19.119ms p99.9=22.751ms max=25.865ms | leaderCPU=80.3% ELU=1 fsync/s=180.6 meta/s=9.6 AE/s=2005.5 | genLagP99=0.04ms | STABLE
  r41.1 optimized-binary 64B disabled rep 2 disk=slow(1.652ms) optimized-binary rate=3000/s payload=64B | achieved=3000.4/s (100.0%) | err=0.00% | p50=8.495ms p99=14.927ms p99.9=17.487ms max=21.216ms | leaderCPU=35.5% ELU=1 fsync/s=288 meta/s=9.4 AE/s=917 | genLagP99=0.032ms | STABLE
  r41.2 optimized-binary 1024B disabled rep 2 disk=slow(1.68ms) optimized-binary rate=3000/s payload=1024B | achieved=3000.6/s (100.0%) | err=0.00% | p50=7.663ms p99=15.471ms p99.9=17.903ms max=20.446ms | leaderCPU=46.1% ELU=1 fsync/s=532.5 meta/s=9.6 AE/s=1716.8 | genLagP99=0.039ms | STABLE
  r41.3 optimized-http 16384B disabled rep 2 disk=fast(0.353ms) optimized-http rate=3000/s payload=16384B | achieved=2998.9/s (100.0%) | err=0.00% | p50=45.759ms p99=96.831ms p99.9=120.255ms max=128ms | leaderCPU=87.3% ELU=1 fsync/s=59 meta/s=8.8 AE/s=296.3 | genLagP99=0.085ms | STABLE
  r41.4 optimized-http 1024B disabled rep 2 disk=slow(1.704ms) optimized-http rate=3000/s payload=1024B | achieved=2999.3/s (100.0%) | err=0.00% | p50=13.279ms p99=21.215ms p99.9=26.879ms max=32.682ms | leaderCPU=52.5% ELU=1 fsync/s=187.8 meta/s=9.3 AE/s=834.1 | genLagP99=0.039ms | STABLE
  r41.5 optimized-binary 16384B disabled rep 2 disk=slow(1.807ms) optimized-binary rate=3000/s payload=16384B | achieved=3001.9/s (100.1%) | err=0.00% | p50=12.375ms p99=33.119ms p99.9=41.855ms max=47.681ms | leaderCPU=75.2% ELU=1 fsync/s=270.6 meta/s=9.4 AE/s=899.8 | genLagP99=0.047ms | STABLE
  r41.6 group-batch-pipeline 1024B disabled rep 2 disk=slow(1.715ms) group-batch-pipeline rate=3000/s payload=1024B | achieved=3000.8/s (100.0%) | err=0.00% | p50=13.871ms p99=24.095ms p99.9=32.319ms max=37.586ms | leaderCPU=56.2% ELU=1 fsync/s=178 meta/s=9.3 AE/s=819.8 | genLagP99=0.037ms | STABLE
  r41.7 group-commit 1024B disabled rep 2 disk=slow(1.727ms) group-commit rate=3000/s payload=1024B | achieved=3001.2/s (100.0%) | err=0.00% | p50=4.555ms p99=16.335ms p99.9=19.311ms max=21.899ms | leaderCPU=62.8% ELU=1 fsync/s=582 meta/s=9.7 AE/s=609.5 | genLagP99=0.033ms | STABLE
  r41.8 group-batch 1024B disabled rep 2 disk=fast(0.351ms) group-batch rate=3000/s payload=1024B | achieved=3000.4/s (100.0%) | err=0.00% | p50=3.341ms p99=6.635ms p99.9=10.591ms max=13.555ms | leaderCPU=73.7% ELU=1 fsync/s=920.1 meta/s=9.9 AE/s=921 | genLagP99=0.042ms | STABLE
  r42.0 optimized-binary 64B disabled rep 3 disk=slow(1.728ms) optimized-binary rate=3000/s payload=64B | achieved=2998.8/s (100.0%) | err=0.00% | p50=8.655ms p99=15.751ms p99.9=20.335ms max=27.289ms | leaderCPU=33.4% ELU=1 fsync/s=283.6 meta/s=9.4 AE/s=903.4 | genLagP99=0.04ms | STABLE
  r42.1 optimized-http 16384B disabled rep 3 disk=slow(1.651ms) optimized-http rate=3000/s payload=16384B | achieved=2998.9/s (100.0%) | err=0.00% | p50=30.255ms p99=74.303ms p99.9=93.311ms max=98.762ms | leaderCPU=104.6% ELU=1 fsync/s=71.3 meta/s=9.2 AE/s=737 | genLagP99=0.059ms | STABLE
  r42.2 optimized-http 64B disabled rep 3 disk=fast(0.335ms) optimized-http rate=3000/s payload=64B | achieved=2999.7/s (100.0%) | err=0.00% | p50=13.015ms p99=20.303ms p99.9=24.319ms max=28.356ms | leaderCPU=48.6% ELU=1 fsync/s=193.7 meta/s=9.3 AE/s=843.6 | genLagP99=0.036ms | STABLE
  r42.3 optimized-binary 16384B disabled rep 3 disk=slow(1.784ms) optimized-binary rate=3000/s payload=16384B | achieved=3001/s (100.0%) | err=0.00% | p50=18.127ms p99=42.495ms p99.9=54.143ms max=65.466ms | leaderCPU=72.3% ELU=1 fsync/s=115.8 meta/s=9.1 AE/s=405.6 | genLagP99=0.068ms | STABLE
  r42.4 optimized-binary 1024B disabled rep 3 disk=slow(1.673ms) optimized-binary rate=3000/s payload=1024B | achieved=2999.7/s (100.0%) | err=0.00% | p50=2.293ms p99=14.095ms p99.9=17.727ms max=27.121ms | leaderCPU=57% ELU=1 fsync/s=773 meta/s=9.8 AE/s=2432.1 | genLagP99=0.048ms | STABLE
  r42.5 group-commit 1024B disabled rep 3 disk=slow(1.816ms) group-commit rate=3000/s payload=1024B | achieved=3002.4/s (100.1%) | err=0.00% | p50=11.735ms p99=19.551ms p99.9=23.343ms max=26.692ms | leaderCPU=44.1% ELU=1 fsync/s=264.6 meta/s=9.4 AE/s=278.6 | genLagP99=0.052ms | STABLE
  r42.6 optimized-http 1024B disabled rep 3 disk=slow(1.718ms) optimized-http rate=3000/s payload=1024B | achieved=2999.7/s (100.0%) | err=0.00% | p50=13.527ms p99=21.647ms p99.9=24.847ms max=27.817ms | leaderCPU=54.9% ELU=1 fsync/s=186.4 meta/s=9.3 AE/s=846 | genLagP99=0.054ms | STABLE
  r42.7 group-batch 1024B disabled rep 3 disk=slow(1.835ms) group-batch rate=3000/s payload=1024B | achieved=3001.7/s (100.1%) | err=0.00% | p50=9.639ms p99=17.087ms p99.9=20.015ms max=24.472ms | leaderCPU=51.9% ELU=1 fsync/s=487.1 meta/s=9.6 AE/s=490.4 | genLagP99=0.053ms | STABLE
  r42.8 group-batch-pipeline 1024B disabled rep 3 disk=fast(0.343ms) group-batch-pipeline rate=3000/s payload=1024B | achieved=3000.1/s (100.0%) | err=0.00% | p50=13.647ms p99=21.343ms p99.9=34.495ms max=44.055ms | leaderCPU=80.5% ELU=1 fsync/s=162.6 meta/s=9.5 AE/s=1648.3 | genLagP99=0.055ms | STABLE
  r43.0 optimized-http 1024B disabled rep 4 disk=slow(1.691ms) optimized-http rate=3000/s payload=1024B | achieved=3000.7/s (100.0%) | err=0.00% | p50=13.431ms p99=20.687ms p99.9=23.151ms max=25.453ms | leaderCPU=54.2% ELU=1 fsync/s=186.2 meta/s=9.3 AE/s=838.5 | genLagP99=0.053ms | STABLE
  r43.1 optimized-binary 1024B disabled rep 4 disk=slow(1.663ms) optimized-binary rate=3000/s payload=1024B | achieved=2999.9/s (100.0%) | err=0.00% | p50=8.935ms p99=15.935ms p99.9=18.239ms max=22.599ms | leaderCPU=39.6% ELU=1 fsync/s=277.6 meta/s=9.3 AE/s=919.5 | genLagP99=0.052ms | STABLE
  r43.2 group-batch-pipeline 1024B disabled rep 4 disk=slow(1.931ms) group-batch-pipeline rate=3000/s payload=1024B | achieved=3000.8/s (100.0%) | err=0.00% | p50=13.175ms p99=20.399ms p99.9=22.911ms max=25.3ms | leaderCPU=76.2% ELU=1 fsync/s=173.1 meta/s=9.4 AE/s=1478.5 | genLagP99=0.053ms | STABLE
  r43.3 group-commit 1024B disabled rep 4 disk=fast(0.348ms) group-commit rate=3000/s payload=1024B | achieved=2998.6/s (100.0%) | err=0.00% | p50=11.335ms p99=18.111ms p99.9=22.575ms max=26.897ms | leaderCPU=45.8% ELU=1 fsync/s=285.1 meta/s=9.5 AE/s=307.1 | genLagP99=0.056ms | STABLE
  r43.4 group-batch 1024B disabled rep 4 disk=slow(1.669ms) group-batch rate=3000/s payload=1024B | achieved=3000/s (100.0%) | err=0.00% | p50=3.365ms p99=6.467ms p99.9=9.735ms max=16.571ms | leaderCPU=74.6% ELU=1 fsync/s=892 meta/s=9.8 AE/s=894.5 | genLagP99=0.052ms | STABLE
  r44.0 optimized-binary 1024B disabled rep 5 disk=fast(0.346ms) optimized-binary rate=3000/s payload=1024B | achieved=3000/s (100.0%) | err=0.00% | p50=9.119ms p99=17.167ms p99.9=23.775ms max=32.053ms | leaderCPU=33.6% ELU=1 fsync/s=270.8 meta/s=9.3 AE/s=886.4 | genLagP99=0.047ms | STABLE
  r44.1 group-commit 1024B disabled rep 5 disk=slow(1.957ms) group-commit rate=3000/s payload=1024B | achieved=3001.6/s (100.1%) | err=0.00% | p50=9.927ms p99=17.535ms p99.9=22.415ms max=27.918ms | leaderCPU=58.1% ELU=1 fsync/s=448.7 meta/s=9.6 AE/s=477.9 | genLagP99=0.055ms | STABLE
  r44.2 optimized-http 1024B disabled rep 5 disk=fast(0.34ms) optimized-http rate=3000/s payload=1024B | achieved=2999.8/s (100.0%) | err=0.00% | p50=12.719ms p99=19.791ms p99.9=22.623ms max=27.388ms | leaderCPU=73.3% ELU=1 fsync/s=177.1 meta/s=9.4 AE/s=1709.8 | genLagP99=0.054ms | STABLE
  r44.3 group-batch 1024B disabled rep 5 disk=slow(1.945ms) group-batch rate=3000/s payload=1024B | achieved=3000.7/s (100.0%) | err=0.00% | p50=11.071ms p99=17.311ms p99.9=21.359ms max=26.74ms | leaderCPU=45.6% ELU=1 fsync/s=331.8 meta/s=9.4 AE/s=336.3 | genLagP99=0.052ms | STABLE
  r44.4 group-batch-pipeline 1024B disabled rep 5 disk=fast(0.366ms) group-batch-pipeline rate=3000/s payload=1024B | achieved=3000.5/s (100.0%) | err=0.00% | p50=13.975ms p99=20.879ms p99.9=25.695ms max=28.987ms | leaderCPU=81.2% ELU=1 fsync/s=156.9 meta/s=9.4 AE/s=1726 | genLagP99=0.053ms | STABLE
rung 4000/s: group-commit@1024B, group-batch@1024B, group-batch-pipeline@1024B, optimized-http@1024B, optimized-binary@1024B, optimized-http@64B, optimized-binary@64B, optimized-http@16384B, optimized-binary@16384B
  r45.0 optimized-http 64B disabled rep 1 disk=slow(1.697ms) optimized-http rate=4000/s payload=64B | achieved=4000.3/s (100.0%) | err=0.00% | p50=13.623ms p99=21.807ms p99.9=26.207ms max=29.094ms | leaderCPU=55.9% ELU=1 fsync/s=182.1 meta/s=9.3 AE/s=862.3 | genLagP99=0.053ms | STABLE
  r45.1 optimized-binary 1024B disabled rep 1 disk=slow(1.84ms) optimized-binary rate=4000/s payload=1024B | achieved=4001.2/s (100.0%) | err=0.00% | p50=2.813ms p99=14.383ms p99.9=16.991ms max=24.355ms | leaderCPU=55.1% ELU=1 fsync/s=631 meta/s=9.7 AE/s=1993.7 | genLagP99=0.053ms | STABLE
  r45.2 optimized-binary 64B disabled rep 1 disk=fast(0.377ms) optimized-binary rate=4000/s payload=64B | achieved=4000.8/s (100.0%) | err=0.00% | p50=7.695ms p99=15.759ms p99.9=19.455ms max=22.683ms | leaderCPU=46.9% ELU=1 fsync/s=466.9 meta/s=9.6 AE/s=1581.5 | genLagP99=0.058ms | STABLE
  r45.3 optimized-http 1024B disabled rep 1 disk=fast(0.357ms) optimized-http rate=4000/s payload=1024B | achieved=4000.3/s (100.0%) | err=0.00% | p50=14.303ms p99=21.663ms p99.9=26.831ms max=32.386ms | leaderCPU=81.4% ELU=1 fsync/s=154.3 meta/s=9.5 AE/s=1619.1 | genLagP99=0.064ms | STABLE
  r45.4 optimized-http 16384B disabled rep 1 disk=slow(1.707ms) optimized-http rate=4000/s payload=16384B | achieved=3216.8/s (80.4%) | err=0.00% | p50=4186.111ms p99=6246.399ms p99.9=6295.551ms max=6311.662ms | leaderCPU=86.6% ELU=1 fsync/s=64.7 meta/s=8.8 AE/s=190.3 | genLagP99=0.126ms | UNSTABLE(achieved 80.4% of offered; p99 6246.399 ms; latency grew 2.42x across the window)
  r45.5 group-batch-pipeline 1024B disabled rep 1 disk=slow(1.692ms) group-batch-pipeline rate=4000/s payload=1024B | achieved=3999.9/s (100.0%) | err=0.00% | p50=16.719ms p99=23.679ms p99.9=30.575ms max=33.743ms | leaderCPU=88.4% ELU=1 fsync/s=126.6 meta/s=9.5 AE/s=1647.7 | genLagP99=0.052ms | STABLE
  r45.6 optimized-binary 16384B disabled rep 1 disk=fast(0.343ms) optimized-binary rate=4000/s payload=16384B | achieved=3711.7/s (92.8%) | err=0.00% | p50=1547.263ms p99=2504.703ms p99.9=2541.567ms max=2552.626ms | leaderCPU=83.3% ELU=0.943 fsync/s=60 meta/s=8.7 AE/s=198.8 | genLagP99=0.146ms | UNSTABLE(achieved 92.8% of offered; p99 2504.703 ms; latency grew 2.19x across the window)
  r45.7 group-batch 1024B disabled rep 1 disk=slow(1.741ms) group-batch rate=4000/s payload=1024B | achieved=4001.1/s (100.0%) | err=0.00% | p50=10.839ms p99=18.767ms p99.9=21.487ms max=24.59ms | leaderCPU=52% ELU=1 fsync/s=423.4 meta/s=9.5 AE/s=427.2 | genLagP99=0.054ms | STABLE
  r45.8 group-commit 1024B disabled rep 1 disk=slow(1.852ms) group-commit rate=4000/s payload=1024B | achieved=4001.8/s (100.0%) | err=0.00% | p50=11.967ms p99=19.087ms p99.9=21.919ms max=23.843ms | leaderCPU=57.8% ELU=1 fsync/s=317.4 meta/s=9.5 AE/s=350.4 | genLagP99=0.046ms | STABLE
  r46.0 optimized-binary 64B disabled rep 2 disk=fast(0.348ms) optimized-binary rate=4000/s payload=64B | achieved=3999.1/s (100.0%) | err=0.00% | p50=2.681ms p99=16.295ms p99.9=20.047ms max=25.875ms | leaderCPU=52.5% ELU=1 fsync/s=636 meta/s=9.7 AE/s=2193.3 | genLagP99=0.051ms | STABLE
  r46.1 optimized-http 64B disabled rep 2 disk=slow(2.044ms) optimized-http rate=4000/s payload=64B | achieved=4000.7/s (100.0%) | err=0.00% | p50=13.247ms p99=20.207ms p99.9=22.895ms max=26.693ms | leaderCPU=75.7% ELU=1 fsync/s=170.5 meta/s=9.4 AE/s=1614.2 | genLagP99=0.052ms | STABLE
  r46.2 optimized-http 16384B disabled rep 2 disk=fast(0.333ms) optimized-http rate=4000/s payload=16384B | achieved=3714.3/s (92.9%) | err=0.00% | p50=1595.391ms p99=2785.279ms p99.9=2867.199ms max=2882.572ms | leaderCPU=99.6% ELU=1 fsync/s=75.3 meta/s=9.1 AE/s=228.6 | genLagP99=0.125ms | UNSTABLE(achieved 92.9% of offered; p99 2785.279 ms; latency grew 2.11x across the window)
  r46.3 optimized-binary 1024B disabled rep 2 disk=slow(1.681ms) optimized-binary rate=4000/s payload=1024B | achieved=3999.9/s (100.0%) | err=0.00% | p50=9.471ms p99=17.967ms p99.9=22.319ms max=27.606ms | leaderCPU=39.5% ELU=1 fsync/s=245.9 meta/s=9.3 AE/s=888.8 | genLagP99=0.051ms | STABLE
  r46.4 optimized-binary 16384B disabled rep 2 disk=slow(1.95ms) optimized-binary rate=4000/s payload=16384B | achieved=3791.6/s (94.8%) | err=0.00% | p50=2015.231ms p99=2129.919ms p99.9=2150.399ms max=2158.037ms | leaderCPU=86.4% ELU=0.917 fsync/s=59.7 meta/s=8.6 AE/s=207.4 | genLagP99=0.146ms | UNSTABLE(achieved 94.8% of offered; p99 2129.919 ms)
  r46.5 optimized-http 1024B disabled rep 2 disk=fast(0.369ms) optimized-http rate=4000/s payload=1024B | achieved=4000.3/s (100.0%) | err=0.00% | p50=15.047ms p99=21.711ms p99.9=25.039ms max=27.788ms | leaderCPU=77.7% ELU=1 fsync/s=145.1 meta/s=9.4 AE/s=1655.3 | genLagP99=0.054ms | STABLE
  r46.6 group-commit 1024B disabled rep 2 disk=slow(1.729ms) group-commit rate=4000/s payload=1024B | achieved=4001.6/s (100.0%) | err=0.00% | p50=10.887ms p99=19.823ms p99.9=23.471ms max=29.124ms | leaderCPU=63.3% ELU=1 fsync/s=412.4 meta/s=9.5 AE/s=446.8 | genLagP99=0.048ms | STABLE
  r46.7 group-batch-pipeline 1024B disabled rep 2 disk=fast(0.362ms) group-batch-pipeline rate=4000/s payload=1024B | achieved=4000.5/s (100.0%) | err=0.00% | p50=16.575ms p99=24.879ms p99.9=28.047ms max=33.565ms | leaderCPU=59.3% ELU=1 fsync/s=145.1 meta/s=9.3 AE/s=776 | genLagP99=0.056ms | STABLE
  r46.8 group-batch 1024B disabled rep 2 disk=slow(1.794ms) group-batch rate=4000/s payload=1024B | achieved=4000.9/s (100.0%) | err=0.00% | p50=11.119ms p99=19.263ms p99.9=22.415ms max=26.722ms | leaderCPU=54.2% ELU=1 fsync/s=402.3 meta/s=9.4 AE/s=405.2 | genLagP99=0.062ms | STABLE
  r47.0 optimized-http 16384B disabled rep 3 disk=fast(0.352ms) optimized-http rate=4000/s payload=16384B | achieved=3621.2/s (90.5%) | err=0.00% | p50=2013.183ms p99=3604.479ms p99.9=3655.679ms max=3674.425ms | leaderCPU=99.2% ELU=1 fsync/s=74.3 meta/s=9 AE/s=229.1 | genLagP99=0.129ms | UNSTABLE(achieved 90.5% of offered; p99 3604.479 ms; latency grew 2.29x across the window)
