rung 100/s: baseline@1024B, group-commit@1024B, pipeline-only@1024B, batch-only@1024B, group-batch@1024B, group-batch-pipeline@1024B, optimized-http@1024B, optimized-binary@1024B, transport-only@1024B, baseline@64B, optimized-http@64B, optimized-binary@64B, baseline@16384B, optimized-http@16384B, optimized-binary@16384B
rung 200/s: baseline@1024B, group-commit@1024B, pipeline-only@1024B, batch-only@1024B, group-batch@1024B, group-batch-pipeline@1024B, optimized-http@1024B, optimized-binary@1024B, transport-only@1024B, baseline@64B, optimized-http@64B, optimized-binary@64B, baseline@16384B, optimized-http@16384B, optimized-binary@16384B
rung 300/s: baseline@1024B, group-commit@1024B, pipeline-only@1024B, batch-only@1024B, group-batch@1024B, group-batch-pipeline@1024B, optimized-http@1024B, optimized-binary@1024B, transport-only@1024B, baseline@64B, optimized-http@64B, optimized-binary@64B, baseline@16384B, optimized-http@16384B, optimized-binary@16384B
rung 500/s: baseline@1024B, group-commit@1024B, pipeline-only@1024B, batch-only@1024B, group-batch@1024B, group-batch-pipeline@1024B, optimized-http@1024B, optimized-binary@1024B, transport-only@1024B, baseline@64B, optimized-http@64B, optimized-binary@64B, baseline@16384B, optimized-http@16384B, optimized-binary@16384B
  pipeline-only@1024B stops at 500/s (streak=2, mean achieved ratio=0.843)
rung 750/s: baseline@1024B, group-commit@1024B, batch-only@1024B, group-batch@1024B, group-batch-pipeline@1024B, optimized-http@1024B, optimized-binary@1024B, transport-only@1024B, baseline@64B, optimized-http@64B, optimized-binary@64B, baseline@16384B, optimized-http@16384B, optimized-binary@16384B
  transport-only@1024B stops at 750/s (streak=2, mean achieved ratio=0.717)
  baseline@64B stops at 750/s (streak=2, mean achieved ratio=0.863)
  baseline@16384B stops at 750/s (streak=2, mean achieved ratio=0.802)
rung 1000/s: baseline@1024B, group-commit@1024B, batch-only@1024B, group-batch@1024B, group-batch-pipeline@1024B, optimized-http@1024B, optimized-binary@1024B, optimized-http@64B, optimized-binary@64B, optimized-http@16384B, optimized-binary@16384B
  baseline@1024B stops at 1000/s (streak=2, mean achieved ratio=0.637)
  batch-only@1024B stops at 1000/s (streak=2, mean achieved ratio=0.818)
rung 1500/s: group-commit@1024B, group-batch@1024B, group-batch-pipeline@1024B, optimized-http@1024B, optimized-binary@1024B, optimized-http@64B, optimized-binary@64B, optimized-http@16384B, optimized-binary@16384B
rung 2000/s: group-commit@1024B, group-batch@1024B, group-batch-pipeline@1024B, optimized-http@1024B, optimized-binary@1024B, optimized-http@64B, optimized-binary@64B, optimized-http@16384B, optimized-binary@16384B
rung 3000/s: group-commit@1024B, group-batch@1024B, group-batch-pipeline@1024B, optimized-http@1024B, optimized-binary@1024B, optimized-http@64B, optimized-binary@64B, optimized-http@16384B, optimized-binary@16384B
rung 4000/s: group-commit@1024B, group-batch@1024B, group-batch-pipeline@1024B, optimized-http@1024B, optimized-binary@1024B, optimized-http@64B, optimized-binary@64B, optimized-http@16384B, optimized-binary@16384B
rung 5000/s: group-commit@1024B, group-batch@1024B, group-batch-pipeline@1024B, optimized-http@1024B, optimized-binary@1024B, optimized-http@64B, optimized-binary@64B, optimized-http@16384B, optimized-binary@16384B
  optimized-http@16384B stops at 5000/s (streak=2, mean achieved ratio=0.668)
  optimized-binary@16384B stops at 5000/s (streak=2, mean achieved ratio=0.780)
rung 6000/s: group-commit@1024B, group-batch@1024B, group-batch-pipeline@1024B, optimized-http@1024B, optimized-binary@1024B, optimized-http@64B, optimized-binary@64B
rung 8000/s: group-commit@1024B, group-batch@1024B, group-batch-pipeline@1024B, optimized-http@1024B, optimized-binary@1024B, optimized-http@64B, optimized-binary@64B
  r64.4 group-batch-pipeline 1024B disabled rep 5 disk=fast(0.3ms) group-batch-pipeline rate=8000/s payload=1024B | achieved=8002.6/s (100.0%) | err=0.00% | p50=19.343ms p99=32.687ms p99.9=35.583ms max=38.668ms | leaderCPU=99.7% ELU=1 fsync/s=142.6 meta/s=9.5 AE/s=1199.3 | genLagP99=0.065ms | STABLE
rung 10000/s: group-commit@1024B, group-batch@1024B, group-batch-pipeline@1024B, optimized-http@1024B, optimized-binary@1024B, optimized-http@64B, optimized-binary@64B
  r65.0 optimized-binary 64B disabled rep 1 disk=fast(0.31ms) optimized-binary rate=10000/s payload=64B | achieved=9997.1/s (100.0%) | err=0.00% | p50=16.559ms p99=44.799ms p99.9=50.367ms max=55.82ms | leaderCPU=65.7% ELU=0.977 fsync/s=150.1 meta/s=9.2 AE/s=392.1 | genLagP99=0.101ms | STABLE
  r65.1 optimized-http 64B disabled rep 1 disk=slow(1.683ms) optimized-http rate=10000/s payload=64B | achieved=7934.4/s (79.3%) | err=0.00% | p50=4816.895ms p99=7454.719ms p99.9=7479.295ms max=7485.323ms | leaderCPU=65.6% ELU=1 fsync/s=152.9 meta/s=9.3 AE/s=455.9 | genLagP99=0.123ms | UNSTABLE(achieved 79.3% of offered; p99 7454.719 ms; latency grew 2.47x across the window)
  r65.2 group-commit 1024B disabled rep 1 disk=slow(1.796ms) group-commit rate=10000/s payload=1024B | achieved=7331.5/s (73.3%) | err=0.00% | p50=5447.679ms p99=9068.543ms p99.9=9117.695ms max=9129.042ms | leaderCPU=69% ELU=0.982 fsync/s=127.7 meta/s=9.3 AE/s=226.7 | genLagP99=0.219ms | UNSTABLE(achieved 73.3% of offered; p99 9068.543 ms; latency grew 3.31x across the window)
  r65.3 optimized-binary 1024B disabled rep 1 disk=slow(1.68ms) optimized-binary rate=10000/s payload=1024B | achieved=10039.2/s (100.4%) | err=0.00% | p50=19.679ms p99=78.783ms p99.9=88.447ms max=94.774ms | leaderCPU=72.6% ELU=0.973 fsync/s=267.3 meta/s=9.3 AE/s=824.8 | genLagP99=0.082ms | STABLE
  r65.4 group-batch 1024B disabled rep 1 disk=fast(0.318ms) group-batch rate=10000/s payload=1024B | achieved=10015.5/s (100.2%) | err=0.00% | p50=10.135ms p99=52.895ms p99.9=56.447ms max=60.088ms | leaderCPU=93.2% ELU=0.999 fsync/s=308.9 meta/s=9.7 AE/s=336.9 | genLagP99=0.084ms | STABLE
  r65.5 optimized-http 1024B disabled rep 1 disk=fast(0.312ms) optimized-http rate=10000/s payload=1024B | achieved=10000.9/s (100.0%) | err=0.00% | p50=22.191ms p99=90.815ms p99.9=97.599ms max=103.276ms | leaderCPU=95% ELU=0.998 fsync/s=193.6 meta/s=9.6 AE/s=749.6 | genLagP99=0.089ms | STABLE
  r65.6 group-batch-pipeline 1024B disabled rep 1 disk=fast(0.325ms) group-batch-pipeline rate=10000/s payload=1024B | achieved=7079.4/s (70.8%) | err=0.00% | p50=5451.775ms p99=9650.175ms p99.9=9732.095ms max=9749.378ms | leaderCPU=68.8% ELU=0.999 fsync/s=136.9 meta/s=9.3 AE/s=401.5 | genLagP99=0.142ms | UNSTABLE(achieved 70.8% of offered; p99 9650.175 ms; latency grew 3.79x across the window)
  r66.0 group-commit 1024B disabled rep 2 disk=slow(1.929ms) group-commit rate=10000/s payload=1024B | achieved=7475.4/s (74.8%) | err=0.00% | p50=5505.023ms p99=6602.751ms p99.9=6623.231ms max=6631.538ms | leaderCPU=73.5% ELU=0.996 fsync/s=127.6 meta/s=9.3 AE/s=231.6 | genLagP99=0.186ms | UNSTABLE(achieved 74.8% of offered; p99 6602.751 ms; latency grew 2.08x across the window)
  r66.1 optimized-binary 64B disabled rep 2 disk=fast(0.319ms) optimized-binary rate=10000/s payload=64B | achieved=9999.3/s (100.0%) | err=0.00% | p50=13.719ms p99=35.583ms p99.9=45.919ms max=50.819ms | leaderCPU=63% ELU=0.99 fsync/s=167.5 meta/s=9.3 AE/s=476.8 | genLagP99=0.069ms | STABLE
  r66.2 group-batch 1024B disabled rep 2 disk=slow(1.675ms) group-batch rate=10000/s payload=1024B | achieved=10333/s (103.3%) | err=0.00% | p50=11.367ms p99=750.591ms p99.9=756.735ms max=760.106ms | leaderCPU=91.6% ELU=0.999 fsync/s=304.9 meta/s=9.6 AE/s=334.1 | genLagP99=0.107ms | STABLE
  r66.3 optimized-http 64B disabled rep 2 disk=fast(0.315ms) optimized-http rate=10000/s payload=64B | achieved=9992.3/s (99.9%) | err=0.00% | p50=17.199ms p99=34.847ms p99.9=37.631ms max=40.59ms | leaderCPU=96.9% ELU=1 fsync/s=182.3 meta/s=9.7 AE/s=1224.2 | genLagP99=0.069ms | STABLE
  r66.4 group-batch-pipeline 1024B disabled rep 2 disk=fast(0.318ms) group-batch-pipeline rate=10000/s payload=1024B | achieved=8253.5/s (82.5%) | err=0.00% | p50=934.399ms p99=4857.855ms p99.9=4923.391ms max=4942.952ms | leaderCPU=77.7% ELU=0.999 fsync/s=162.7 meta/s=9.4 AE/s=473.3 | genLagP99=0.098ms | UNSTABLE(achieved 82.5% of offered; p99 4857.855 ms; latency grew 14.44x across the window)
  r66.5 optimized-binary 1024B disabled rep 2 disk=slow(1.639ms) optimized-binary rate=10000/s payload=1024B | achieved=10092.4/s (100.9%) | err=0.00% | p50=4.155ms p99=196.735ms p99.9=207.999ms max=214.612ms | leaderCPU=82.7% ELU=0.987 fsync/s=406.3 meta/s=9.6 AE/s=1371.1 | genLagP99=0.074ms | STABLE
  r66.6 optimized-http 1024B disabled rep 2 disk=fast(0.333ms) optimized-http rate=10000/s payload=1024B | achieved=7747/s (77.5%) | err=0.00% | p50=2576.383ms p99=5754.879ms p99.9=5808.127ms max=5817.208ms | leaderCPU=72.8% ELU=0.999 fsync/s=149.9 meta/s=9.3 AE/s=470.3 | genLagP99=0.095ms | UNSTABLE(achieved 77.5% of offered; p99 5754.879 ms; latency grew 165.74x across the window)
  r67.0 group-batch 1024B disabled rep 3 disk=slow(1.658ms) group-batch rate=10000/s payload=1024B | achieved=10050.2/s (100.5%) | err=0.00% | p50=9.031ms p99=73.855ms p99.9=97.343ms max=106.361ms | leaderCPU=91.8% ELU=0.999 fsync/s=361.5 meta/s=9.7 AE/s=375.5 | genLagP99=0.05ms | STABLE
  r67.1 group-commit 1024B disabled rep 3 disk=fast(0.294ms) group-commit rate=10000/s payload=1024B | achieved=10126.5/s (101.3%) | err=0.00% | p50=39.999ms p99=282.879ms p99.9=287.999ms max=290.698ms | leaderCPU=94.5% ELU=0.999 fsync/s=182.6 meta/s=9.7 AE/s=316.9 | genLagP99=0.104ms | STABLE
  r67.2 group-batch-pipeline 1024B disabled rep 3 disk=fast(0.311ms) group-batch-pipeline rate=10000/s payload=1024B | achieved=10031.8/s (100.3%) | err=0.00% | p50=21.743ms p99=102.847ms p99.9=119.999ms max=127.749ms | leaderCPU=96.9% ELU=0.998 fsync/s=196.3 meta/s=9.7 AE/s=638.6 | genLagP99=0.085ms | STABLE
  r67.3 optimized-binary 64B disabled rep 3 disk=fast(0.302ms) optimized-binary rate=10000/s payload=64B | achieved=9988.9/s (99.9%) | err=0.00% | p50=3.637ms p99=25.231ms p99.9=32.623ms max=43.001ms | leaderCPU=84.5% ELU=0.998 fsync/s=486.9 meta/s=9.7 AE/s=1632.3 | genLagP99=0.06ms | STABLE
  r67.4 optimized-http 1024B disabled rep 3 disk=slow(1.785ms) optimized-http rate=10000/s payload=1024B | achieved=6974.3/s (69.7%) | err=9.92% | p50=7114.751ms p99=10002.431ms p99.9=10018.815ms max=10032.466ms | leaderCPU=66.7% ELU=1 fsync/s=136.3 meta/s=9.2 AE/s=421.7 | genLagP99=0.241ms | UNSTABLE(achieved 69.7% of offered; error rate 9.92%; p99 10002.431 ms; latency grew 2.59x across the window)
  r67.5 optimized-http 64B disabled rep 3 disk=slow(1.66ms) optimized-http rate=10000/s payload=64B | achieved=10323.9/s (103.2%) | err=0.00% | p50=21.599ms p99=544.767ms p99.9=575.999ms max=584.511ms | leaderCPU=96.8% ELU=0.999 fsync/s=191.9 meta/s=9.7 AE/s=1035.9 | genLagP99=0.093ms | STABLE
  r67.6 optimized-binary 1024B disabled rep 3 disk=fast(0.324ms) optimized-binary rate=10000/s payload=1024B | achieved=10000.5/s (100.0%) | err=0.00% | p50=4.479ms p99=14.647ms p99.9=21.135ms max=30.045ms | leaderCPU=83.5% ELU=1 fsync/s=414 meta/s=9.8 AE/s=1399 | genLagP99=0.066ms | STABLE
  r68.0 group-batch 1024B disabled rep 4 disk=slow(1.64ms) group-batch rate=10000/s payload=1024B | achieved=6689.6/s (66.9%) | err=26.02% | p50=7806.975ms p99=10002.431ms p99.9=10018.815ms max=10031.048ms | leaderCPU=54.9% ELU=0.811 fsync/s=110.5 meta/s=8.9 AE/s=155.2 | genLagP99=0.269ms | UNSTABLE(achieved 66.9% of offered; error rate 26.02%; p99 10002.431 ms; latency grew 2.61x across the window)
  r68.1 group-commit 1024B disabled rep 4 disk=slow(1.708ms) group-commit rate=10000/s payload=1024B | achieved=6910.8/s (69.1%) | err=0.00% | p50=7553.023ms p99=7970.815ms p99.9=7983.103ms max=7992.937ms | leaderCPU=77.8% ELU=0.998 fsync/s=121.8 meta/s=9.3 AE/s=214.1 | genLagP99=0.445ms | UNSTABLE(achieved 69.1% of offered; p99 7970.815 ms; latency grew 2.24x across the window)
  r68.2 group-batch-pipeline 1024B disabled rep 4 disk=fast(0.334ms) group-batch-pipeline rate=10000/s payload=1024B | achieved=9859/s (98.6%) | err=0.00% | p50=1163.263ms p99=1300.479ms p99.9=1308.671ms max=1314.307ms | leaderCPU=96% ELU=0.997 fsync/s=195.6 meta/s=9.6 AE/s=509.4 | genLagP99=0.15ms | UNSTABLE(p99 1300.479 ms)
  r68.3 optimized-binary 1024B disabled rep 4 disk=fast(0.31ms) optimized-binary rate=10000/s payload=1024B | achieved=10000.3/s (100.0%) | err=0.00% | p50=4.187ms p99=21.311ms p99.9=33.119ms max=36.315ms | leaderCPU=88.3% ELU=0.999 fsync/s=440.1 meta/s=9.8 AE/s=1501.5 | genLagP99=0.066ms | STABLE
  r68.4 optimized-http 1024B disabled rep 4 disk=fast(0.331ms) optimized-http rate=10000/s payload=1024B | achieved=7035.5/s (70.4%) | err=0.00% | p50=5677.055ms p99=9109.503ms p99.9=9175.039ms max=9187.376ms | leaderCPU=68.2% ELU=0.999 fsync/s=137.6 meta/s=9.2 AE/s=424.7 | genLagP99=0.603ms | UNSTABLE(achieved 70.4% of offered; p99 9109.503 ms; latency grew 3.8x across the window)
  r69.0 group-batch-pipeline 1024B disabled rep 5 disk=slow(1.777ms) group-batch-pipeline rate=10000/s payload=1024B | achieved=8100.2/s (81.0%) | err=0.00% | p50=5328.895ms p99=5611.519ms p99.9=5627.903ms max=5630.823ms | leaderCPU=78.6% ELU=0.998 fsync/s=158.8 meta/s=9.4 AE/s=450.2 | genLagP99=0.225ms | UNSTABLE(achieved 81% of offered; p99 5611.519 ms)
  r69.1 group-batch 1024B disabled rep 5 disk=fast(0.32ms) group-batch rate=10000/s payload=1024B | achieved=10000.3/s (100.0%) | err=0.00% | p50=8.687ms p99=30.639ms p99.9=40.223ms max=44.074ms | leaderCPU=91.7% ELU=0.999 fsync/s=376.4 meta/s=9.7 AE/s=383.1 | genLagP99=0.041ms | STABLE
  r69.2 optimized-http 1024B disabled rep 5 disk=fast(0.293ms) optimized-http rate=10000/s payload=1024B | achieved=9994.4/s (99.9%) | err=0.00% | p50=21.391ms p99=85.311ms p99.9=91.327ms max=95.858ms | leaderCPU=96.7% ELU=0.999 fsync/s=193.3 meta/s=9.7 AE/s=747.1 | genLagP99=0.091ms | STABLE
  r69.3 group-commit 1024B disabled rep 5 disk=fast(0.321ms) group-commit rate=10000/s payload=1024B | achieved=10132.3/s (101.3%) | err=0.00% | p50=232.447ms p99=318.975ms p99.9=326.911ms max=332.001ms | leaderCPU=97.2% ELU=0.999 fsync/s=159.9 meta/s=9.6 AE/s=316.1 | genLagP99=0.12ms | STABLE
  r69.4 optimized-binary 1024B disabled rep 5 disk=fast(0.313ms) optimized-binary rate=10000/s payload=1024B | achieved=9988.8/s (99.9%) | err=0.00% | p50=4.295ms p99=16.215ms p99.9=32.655ms max=39.948ms | leaderCPU=85.3% ELU=1 fsync/s=431.9 meta/s=9.8 AE/s=1481 | genLagP99=0.054ms | STABLE
  group-commit@1024B stops at 10000/s (streak=2, mean achieved ratio=0.840)
  group-batch-pipeline@1024B stops at 10000/s (streak=2, mean achieved ratio=0.866)
  optimized-http@1024B stops at 10000/s (streak=2, mean achieved ratio=0.835)
rung 12000/s: group-batch@1024B, optimized-binary@1024B, optimized-http@64B, optimized-binary@64B
  r70.0 optimized-http 64B disabled rep 1 disk=slow(1.687ms) optimized-http rate=12000/s payload=64B | achieved=7683.7/s (64.0%) | err=37.50% | p50=8716.287ms p99=10002.431ms p99.9=10027.007ms max=10032.97ms | leaderCPU=64% ELU=1 fsync/s=149.8 meta/s=9.3 AE/s=474.9 | genLagP99=0.305ms | UNSTABLE(achieved 64% of offered; error rate 37.5%; p99 10002.431 ms; latency grew 2.42x across the window)
  r70.1 optimized-binary 64B disabled rep 1 disk=slow(1.658ms) optimized-binary rate=12000/s payload=64B | achieved=12365.5/s (103.0%) | err=0.00% | p50=331.775ms p99=1147.903ms p99.9=1172.479ms max=1182.94ms | leaderCPU=82.8% ELU=0.974 fsync/s=293.4 meta/s=9.4 AE/s=872.8 | genLagP99=0.138ms | UNSTABLE(p99 1147.903 ms)
  r70.2 optimized-binary 1024B disabled rep 1 disk=fast(0.332ms) optimized-binary rate=12000/s payload=1024B | achieved=12000.5/s (100.0%) | err=0.00% | p50=6.467ms p99=26.479ms p99.9=39.839ms max=45.458ms | leaderCPU=102.6% ELU=0.999 fsync/s=300.2 meta/s=9.7 AE/s=985.4 | genLagP99=0.092ms | STABLE
  r70.3 group-batch 1024B disabled rep 1 disk=fast(0.324ms) group-batch rate=12000/s payload=1024B | achieved=10449.5/s (87.1%) | err=0.00% | p50=2361.343ms p99=3446.783ms p99.9=3450.879ms max=3453.347ms | leaderCPU=90.8% ELU=0.948 fsync/s=191.5 meta/s=9.4 AE/s=251.8 | genLagP99=0.225ms | UNSTABLE(achieved 87.1% of offered; p99 3446.783 ms; latency grew 3.29x across the window)
  r71.0 optimized-binary 64B disabled rep 2 disk=fast(0.317ms) optimized-binary rate=12000/s payload=64B | achieved=11999/s (100.0%) | err=0.00% | p50=4.119ms p99=38.207ms p99.9=98.815ms max=110.751ms | leaderCPU=87.7% ELU=0.999 fsync/s=449.3 meta/s=9.8 AE/s=1493.7 | genLagP99=2.411ms | STABLE
  r71.1 group-batch 1024B disabled rep 2 disk=fast(0.33ms) group-batch rate=12000/s payload=1024B | achieved=8058.1/s (67.2%) | err=18.55% | p50=4988.927ms p99=10002.431ms p99.9=10027.007ms max=10033.261ms | leaderCPU=68.2% ELU=0.876 fsync/s=138.6 meta/s=9 AE/s=196.1 | genLagP99=0.242ms | UNSTABLE(achieved 67.2% of offered; error rate 18.55%; p99 10002.431 ms; latency grew 11.61x across the window)
  r71.2 optimized-http 64B disabled rep 2 disk=slow(1.799ms) optimized-http rate=12000/s payload=64B | achieved=10069/s (83.9%) | err=0.00% | p50=5337.087ms p99=6246.399ms p99.9=6344.703ms max=6348.879ms | leaderCPU=82.9% ELU=0.998 fsync/s=192.5 meta/s=9.5 AE/s=515.8 | genLagP99=0.317ms | UNSTABLE(achieved 83.9% of offered; p99 6246.399 ms)
  r71.3 optimized-binary 1024B disabled rep 2 disk=slow(1.958ms) optimized-binary rate=12000/s payload=1024B | achieved=9881.7/s (82.3%) | err=0.00% | p50=3403.775ms p99=5152.767ms p99.9=5177.343ms max=5188.216ms | leaderCPU=68.6% ELU=0.951 fsync/s=121.8 meta/s=9.2 AE/s=249.4 | genLagP99=0.216ms | UNSTABLE(achieved 82.3% of offered; p99 5152.767 ms; latency grew 2.89x across the window)
  r72.0 group-batch 1024B disabled rep 3 disk=fast(0.322ms) group-batch rate=12000/s payload=1024B | achieved=11145/s (92.9%) | err=0.00% | p50=1646.591ms p99=2430.975ms p99.9=2435.071ms max=2437.764ms | leaderCPU=94.9% ELU=0.981 fsync/s=194.6 meta/s=9.6 AE/s=266.3 | genLagP99=0.15ms | UNSTABLE(achieved 92.9% of offered; p99 2430.975 ms; latency grew 2.07x across the window)
  r72.1 optimized-binary 1024B disabled rep 3 disk=fast(0.346ms) optimized-binary rate=12000/s payload=1024B | achieved=11998/s (100.0%) | err=0.00% | p50=6.323ms p99=110.079ms p99.9=147.327ms max=157.121ms | leaderCPU=90% ELU=0.998 fsync/s=314.6 meta/s=9.7 AE/s=1003.5 | genLagP99=1.622ms | STABLE
  r72.2 optimized-binary 64B disabled rep 3 disk=fast(0.328ms) optimized-binary rate=12000/s payload=64B | achieved=11244/s (93.7%) | err=0.00% | p50=642.559ms p99=1293.311ms p99.9=1299.455ms max=1302.324ms | leaderCPU=69.1% ELU=0.939 fsync/s=157.9 meta/s=9.3 AE/s=387.6 | genLagP99=0.11ms | UNSTABLE(achieved 93.7% of offered; p99 1293.311 ms; latency grew 200.97x across the window)
  r72.3 optimized-http 64B disabled rep 3 disk=slow(1.678ms) optimized-http rate=12000/s payload=64B | achieved=7736.6/s (64.5%) | err=36.18% | p50=8585.215ms p99=10002.431ms p99.9=10027.007ms max=10033.773ms | leaderCPU=61.2% ELU=0.999 fsync/s=151.4 meta/s=9.3 AE/s=466.6 | genLagP99=0.262ms | UNSTABLE(achieved 64.5% of offered; error rate 36.18%; p99 10002.431 ms; latency grew 2.3x across the window)
  r73.0 optimized-binary 1024B disabled rep 4 disk=slow(1.645ms) optimized-binary rate=12000/s payload=1024B | achieved=7050.1/s (58.8%) | err=0.00% | p50=8904.703ms p99=9650.175ms p99.9=9673.897ms max=9673.897ms | leaderCPU=97.9% ELU=0.997 fsync/s=113 meta/s=5.1 AE/s=267.3 | genLagP99=50.207ms | UNSTABLE(achieved 58.8% of offered; p99 9650.175 ms)
  r73.1 group-batch 1024B disabled rep 4 disk=fast(0.305ms) group-batch rate=12000/s payload=1024B | achieved=10670.8/s (88.9%) | err=0.00% | p50=2344.959ms p99=3350.527ms p99.9=4829.183ms max=5076.715ms | leaderCPU=97.5% ELU=0.999 fsync/s=184.2 meta/s=9.5 AE/s=267.4 | genLagP99=0.179ms | UNSTABLE(achieved 88.9% of offered; p99 3350.527 ms; latency grew 2.99x across the window)
  r74.0 group-batch 1024B disabled rep 5 disk=fast(0.307ms) group-batch rate=12000/s payload=1024B | achieved=11437.5/s (95.3%) | err=0.00% | p50=805.887ms p99=1371.135ms p99.9=1386.495ms max=1392.025ms | leaderCPU=93.3% ELU=0.976 fsync/s=198.7 meta/s=9.6 AE/s=275.1 | genLagP99=0.137ms | UNSTABLE(achieved 95.3% of offered; p99 1371.135 ms; latency grew 2.73x across the window)
  r74.1 optimized-binary 1024B disabled rep 5 disk=fast(0.289ms) optimized-binary rate=12000/s payload=1024B | achieved=12069.8/s (100.6%) | err=0.00% | p50=5.371ms p99=119.935ms p99.9=138.751ms max=148.874ms | leaderCPU=89.3% ELU=0.998 fsync/s=353 meta/s=9.8 AE/s=1147 | genLagP99=0.446ms | STABLE
rung 15000/s: group-batch@1024B, optimized-binary@1024B, optimized-http@64B, optimized-binary@64B
  r75.0 optimized-binary 64B disabled rep 1 disk=fast(0.309ms) optimized-binary rate=15000/s payload=64B | achieved=11800.4/s (78.7%) | err=0.00% | p50=2433.023ms p99=5488.639ms p99.9=5537.791ms max=5540.594ms | leaderCPU=73.8% ELU=0.946 fsync/s=157.7 meta/s=9.2 AE/s=365.3 | genLagP99=0.195ms | UNSTABLE(achieved 78.7% of offered; p99 5488.639 ms; latency grew 626.51x across the window)
  r75.1 group-batch 1024B disabled rep 1 disk=slow(1.756ms) group-batch rate=15000/s payload=1024B | achieved=0/s (0.0%) | err=100.00% | p50=nullms p99=nullms p99.9=nullms max=nullms | leader=? | genLagP99=nullms | UNSTABLE(trial failed: connect EADDRINUSE 127.0.0.1:17002)
  r75.2 optimized-http 64B disabled rep 1 disk=slow(1.642ms) optimized-http rate=15000/s payload=64B | achieved=0/s (0.0%) | err=100.00% | p50=nullms p99=nullms p99.9=nullms max=nullms | leader=? | genLagP99=nullms | UNSTABLE(trial failed: connect EADDRINUSE 127.0.0.1:17002)
  r75.3 optimized-binary 1024B disabled rep 1 disk=fast(0.303ms) optimized-binary rate=15000/s payload=1024B | achieved=13893.7/s (92.6%) | err=0.00% | p50=1400.831ms p99=2134.015ms p99.9=2146.303ms max=2154.313ms | leaderCPU=93.4% ELU=0.982 fsync/s=218.7 meta/s=9.4 AE/s=460.9 | genLagP99=0.177ms | UNSTABLE(achieved 92.6% of offered; p99 2134.015 ms; latency grew 2.42x across the window)
  r76.0 group-batch 1024B disabled rep 2 disk=fast(0.32ms) group-batch rate=15000/s payload=1024B | achieved=11609.5/s (77.4%) | err=0.00% | p50=4489.215ms p99=7434.239ms p99.9=7577.599ms max=7857.21ms | leaderCPU=96.9% ELU=0.999 fsync/s=227.8 meta/s=9.7 AE/s=293.1 | genLagP99=0.356ms | UNSTABLE(achieved 77.4% of offered; p99 7434.239 ms; latency grew 3.14x across the window)
  r76.1 optimized-binary 1024B disabled rep 2 disk=fast(0.3ms) optimized-binary rate=15000/s payload=1024B | achieved=13754.1/s (91.7%) | err=0.00% | p50=1579.007ms p99=2301.951ms p99.9=2314.239ms max=2318.75ms | leaderCPU=93.9% ELU=0.983 fsync/s=215.3 meta/s=9.5 AE/s=452.4 | genLagP99=0.179ms | UNSTABLE(achieved 91.7% of offered; p99 2301.951 ms; latency grew 2.53x across the window)
  r76.2 optimized-binary 64B disabled rep 2 disk=fast(0.306ms) optimized-binary rate=15000/s payload=64B | achieved=14988.3/s (99.9%) | err=0.00% | p50=6.659ms p99=30.815ms p99.9=45.023ms max=48.873ms | leaderCPU=95.4% ELU=0.998 fsync/s=303.9 meta/s=9.7 AE/s=934.9 | genLagP99=0.072ms | STABLE
  r76.3 optimized-http 64B disabled rep 2 disk=fast(0.298ms) optimized-http rate=15000/s payload=64B | achieved=12928/s (86.2%) | err=0.00% | p50=2537.471ms p99=6688.767ms p99.9=6828.031ms max=6856.822ms | leaderCPU=92.2% ELU=0.996 fsync/s=241.9 meta/s=9.7 AE/s=600.8 | genLagP99=0.199ms | UNSTABLE(achieved 86.2% of offered; p99 6688.767 ms; latency grew 3.53x across the window)
  r77.0 optimized-binary 1024B disabled rep 3 disk=slow(1.667ms) optimized-binary rate=15000/s payload=1024B | achieved=9795/s (65.3%) | err=30.06% | p50=8093.695ms p99=10002.431ms p99.9=10027.007ms max=10031.859ms | leaderCPU=66.3% ELU=0.98 fsync/s=143.2 meta/s=9.1 AE/s=315.9 | genLagP99=0.725ms | UNSTABLE(achieved 65.3% of offered; error rate 30.06%; p99 10002.431 ms; latency grew 2.69x across the window)
  r77.1 optimized-http 64B disabled rep 3 disk=slow(1.62ms) optimized-http rate=15000/s payload=64B | achieved=12930.9/s (86.2%) | err=0.00% | p50=4247.551ms p99=5103.615ms p99.9=5111.807ms max=5115.621ms | leaderCPU=96.2% ELU=0.996 fsync/s=240.4 meta/s=9.7 AE/s=589.5 | genLagP99=0.328ms | UNSTABLE(achieved 86.2% of offered; p99 5103.615 ms)
  r77.2 group-batch 1024B disabled rep 3 disk=fast(0.294ms) group-batch rate=15000/s payload=1024B | achieved=10284.3/s (68.6%) | err=0.00% | p50=7114.751ms p99=9658.367ms p99.9=9682.943ms max=9689.925ms | leaderCPU=93.7% ELU=0.993 fsync/s=211.7 meta/s=9.6 AE/s=254.4 | genLagP99=0.672ms | UNSTABLE(achieved 68.6% of offered; p99 9658.367 ms; latency grew 2.94x across the window)
  r77.3 optimized-binary 64B disabled rep 3 disk=fast(0.296ms) optimized-binary rate=15000/s payload=64B | achieved=15002.5/s (100.0%) | err=0.00% | p50=12.463ms p99=205.311ms p99.9=212.863ms max=215.328ms | leaderCPU=97.9% ELU=0.995 fsync/s=241.9 meta/s=9.6 AE/s=614.7 | genLagP99=0.148ms | STABLE
  r78.0 group-batch 1024B disabled rep 4 disk=fast(0.335ms) group-batch rate=15000/s payload=1024B | achieved=10704.1/s (71.4%) | err=0.00% | p50=6619.135ms p99=9396.223ms p99.9=9445.375ms max=9504.826ms | leaderCPU=97.7% ELU=0.999 fsync/s=230.5 meta/s=9.6 AE/s=260.1 | genLagP99=0.563ms | UNSTABLE(achieved 71.4% of offered; p99 9396.223 ms; latency grew 2.5x across the window)
  r78.1 optimized-binary 1024B disabled rep 4 disk=fast(0.347ms) optimized-binary rate=15000/s payload=1024B | achieved=13257.4/s (88.4%) | err=0.00% | p50=2310.143ms p99=3237.887ms p99.9=3244.031ms max=3246.259ms | leaderCPU=92.1% ELU=0.986 fsync/s=208.1 meta/s=9.5 AE/s=439 | genLagP99=0.242ms | UNSTABLE(achieved 88.4% of offered; p99 3237.887 ms; latency grew 2.55x across the window)
  r79.0 optimized-binary 1024B disabled rep 5 disk=fast(0.322ms) optimized-binary rate=15000/s payload=1024B | achieved=10186.7/s (67.9%) | err=13.88% | p50=6070.271ms p99=10002.431ms p99.9=10027.007ms max=10031.989ms | leaderCPU=71.6% ELU=0.974 fsync/s=147.1 meta/s=9.3 AE/s=308.5 | genLagP99=0.539ms | UNSTABLE(achieved 67.9% of offered; error rate 13.88%; p99 10002.431 ms; latency grew 6.23x across the window)
  r79.1 group-batch 1024B disabled rep 5 disk=slow(1.637ms) group-batch rate=15000/s payload=1024B | achieved=10070/s (67.1%) | err=39.85% | p50=9396.223ms p99=10002.431ms p99.9=10018.815ms max=10030.686ms | leaderCPU=88.3% ELU=0.98 fsync/s=228.8 meta/s=9.6 AE/s=252.7 | genLagP99=0.789ms | UNSTABLE(achieved 67.1% of offered; error rate 39.85%; p99 10002.431 ms)
  group-batch@1024B stops at 15000/s (streak=2, mean achieved ratio=0.569)
  optimized-http@64B stops at 15000/s (streak=2, mean achieved ratio=0.575)
rung 20000/s: optimized-binary@1024B, optimized-binary@64B
  r80.0 optimized-binary 1024B disabled rep 1 disk=fast(0.309ms) optimized-binary rate=20000/s payload=1024B | achieved=13503/s (67.5%) | err=14.04% | p50=7557.119ms p99=10002.431ms p99.9=10002.431ms max=10024.571ms | leaderCPU=95.4% ELU=0.996 fsync/s=211.6 meta/s=9.3 AE/s=528.9 | genLagP99=1.281ms | UNSTABLE(achieved 67.5% of offered; error rate 14.04%; p99 10002.431 ms; latency grew 2.42x across the window)
  r80.1 optimized-binary 64B disabled rep 1 disk=fast(0.331ms) optimized-binary rate=20000/s payload=64B | achieved=0/s (0.0%) | err=100.00% | p50=nullms p99=nullms p99.9=nullms max=nullms | leader=? | genLagP99=nullms | UNSTABLE(trial failed: connect EADDRINUSE 127.0.0.1:17003)
  r81.0 optimized-binary 64B disabled rep 2 disk=fast(0.302ms) optimized-binary rate=20000/s payload=64B | achieved=0/s (0.0%) | err=100.00% | p50=nullms p99=nullms p99.9=nullms max=nullms | leader=? | genLagP99=nullms | UNSTABLE(trial failed: connect EADDRINUSE 127.0.0.1:17003)
  r81.1 optimized-binary 1024B disabled rep 2 disk=fast(0.326ms) optimized-binary rate=20000/s payload=1024B | achieved=13320.8/s (66.6%) | err=18.53% | p50=7962.623ms p99=10002.431ms p99.9=10002.431ms max=10020.174ms | leaderCPU=94.2% ELU=0.996 fsync/s=214.4 meta/s=9.6 AE/s=534.8 | genLagP99=1.356ms | UNSTABLE(achieved 66.6% of offered; error rate 18.53%; p99 10002.431 ms; latency grew 2.16x across the window)
  r82.0 optimized-binary 1024B disabled rep 3 disk=fast(0.323ms) optimized-binary rate=20000/s payload=1024B | achieved=0/s (0.0%) | err=100.00% | p50=nullms p99=nullms p99.9=nullms max=nullms | leader=? | genLagP99=nullms | UNSTABLE(trial failed: connect EADDRINUSE 127.0.0.1:17001)
  r82.1 optimized-binary 64B disabled rep 3 disk=fast(0.327ms) optimized-binary rate=20000/s payload=64B | achieved=0/s (0.0%) | err=100.00% | p50=nullms p99=nullms p99.9=nullms max=nullms | leader=? | genLagP99=nullms | UNSTABLE(trial failed: connect EADDRINUSE 127.0.0.1:17001)
  r83.0 optimized-binary 1024B disabled rep 4 disk=slow(1.866ms) optimized-binary rate=20000/s payload=1024B | achieved=0/s (0.0%) | err=100.00% | p50=nullms p99=nullms p99.9=nullms max=nullms | leader=? | genLagP99=nullms | UNSTABLE(trial failed: connect EADDRINUSE 127.0.0.1:17002)
  r84.0 optimized-binary 1024B disabled rep 5 disk=slow(1.743ms) optimized-binary rate=20000/s payload=1024B | achieved=0/s (0.0%) | err=100.00% | p50=nullms p99=nullms p99.9=nullms max=nullms | leader=? | genLagP99=nullms | UNSTABLE(trial failed: connect EADDRINUSE 127.0.0.1:17002)
  optimized-binary@1024B stops at 20000/s (streak=2, mean achieved ratio=0.268)
  optimized-binary@64B stops at 20000/s (streak=1, mean achieved ratio=0.000)
fraction 0.5 of each knee: baseline@1024B=250/s, group-commit@1024B=3000/s, pipeline-only@1024B=100/s, batch-only@1024B=250/s, group-batch@1024B=3000/s, group-batch-pipeline@1024B=3000/s, optimized-http@1024B=3000/s, optimized-binary@1024B=6000/s, transport-only@1024B=150/s, baseline@64B=150/s, optimized-http@64B=3000/s, optimized-binary@64B=5000/s, baseline@16384B=150/s, optimized-http@16384B=1500/s, optimized-binary@16384B=1500/s
  r85.0 batch-only 1024B disabled rep 1 disk=fast(0.326ms) batch-only rate=250/s payload=1024B | achieved=250/s (100.0%) | err=0.00% | p50=5.087ms p99=35.583ms p99.9=98.431ms max=109.814ms | leaderCPU=37% ELU=0.544 fsync/s=249.9 meta/s=212.2 AE/s=399.5 | genLagP99=14.543ms | STABLE
  r85.1 pipeline-only 1024B disabled rep 1 disk=fast(0.333ms) pipeline-only rate=100/s payload=1024B | achieved=99.5/s (99.5%) | err=0.00% | p50=18.223ms p99=114.239ms p99.9=144.511ms max=154.475ms | leaderCPU=18.6% ELU=0.794 fsync/s=100 meta/s=99.7 AE/s=200.6 | genLagP99=0.041ms | UNSTABLE(latency grew 4.15x across the window)
  r85.2 group-batch 1024B disabled rep 1 disk=slow(1.79ms) group-batch rate=3000/s payload=1024B | achieved=3000.9/s (100.0%) | err=0.00% | p50=12.271ms p99=20.063ms p99.9=24.543ms max=32.294ms | leaderCPU=43.3% ELU=1 fsync/s=258.9 meta/s=9.3 AE/s=262.4 | genLagP99=0.047ms | STABLE
  r85.3 group-commit 1024B disabled rep 1 disk=slow(1.652ms) group-commit rate=3000/s payload=1024B | achieved=3000.1/s (100.0%) | err=0.00% | p50=5.151ms p99=20.383ms p99.9=50.495ms max=62.804ms | leaderCPU=82% ELU=1 fsync/s=617.7 meta/s=9.8 AE/s=643.4 | genLagP99=0.105ms | STABLE
  r85.4 group-batch-pipeline 1024B disabled rep 1 disk=fast(0.412ms) group-batch-pipeline rate=3000/s payload=1024B | achieved=3000.3/s (100.0%) | err=0.00% | p50=17.855ms p99=27.311ms p99.9=35.679ms max=38.219ms | leaderCPU=92.1% ELU=1 fsync/s=118.3 meta/s=9.4 AE/s=1557.8 | genLagP99=0.079ms | STABLE
  r85.5 baseline 1024B disabled rep 1 disk=slow(1.856ms) baseline rate=250/s payload=1024B | achieved=250.4/s (100.2%) | err=0.00% | p50=58.079ms p99=82.623ms p99.9=90.943ms max=94.917ms | leaderCPU=20.3% ELU=1 fsync/s=249.8 meta/s=61.3 AE/s=61.3 | genLagP99=0.059ms | STABLE
  r85.6 optimized-http 1024B disabled rep 1 disk=slow(1.685ms) optimized-http rate=3000/s payload=1024B | achieved=3000.3/s (100.0%) | err=0.00% | p50=13.943ms p99=22.063ms p99.9=25.199ms max=28.126ms | leaderCPU=54.9% ELU=1 fsync/s=178 meta/s=9.3 AE/s=850 | genLagP99=0.061ms | STABLE
  r85.7 optimized-binary 16384B disabled rep 1 disk=slow(1.918ms) optimized-binary rate=1500/s payload=16384B | achieved=1500.5/s (100.0%) | err=0.00% | p50=8.163ms p99=19.503ms p99.9=25.071ms max=33.355ms | leaderCPU=58.8% ELU=1 fsync/s=478.3 meta/s=9.5 AE/s=1377 | genLagP99=0.063ms | STABLE
  r85.8 optimized-binary 1024B disabled rep 1 disk=fast(0.335ms) optimized-binary rate=6000/s payload=1024B | achieved=6002.6/s (100.0%) | err=0.00% | p50=11.103ms p99=19.903ms p99.9=25.071ms max=30.089ms | leaderCPU=58.7% ELU=1 fsync/s=192.2 meta/s=9.3 AE/s=692 | genLagP99=0.066ms | STABLE
  r85.9 optimized-http 16384B disabled rep 1 disk=slow(1.799ms) optimized-http rate=1500/s payload=16384B | achieved=1500.8/s (100.0%) | err=0.00% | p50=14.255ms p99=26.191ms p99.9=40.991ms max=45.488ms | leaderCPU=83.5% ELU=1 fsync/s=173.2 meta/s=9.4 AE/s=1266.5 | genLagP99=0.064ms | STABLE
  r85.10 transport-only 1024B disabled rep 1 disk=fast(0.328ms) transport-only rate=150/s payload=1024B | achieved=149.9/s (100.0%) | err=0.00% | p50=3.717ms p99=9.799ms p99.9=10.839ms max=16.138ms | leaderCPU=15.3% ELU=0.305 fsync/s=149.9 meta/s=138.4 AE/s=275.3 | genLagP99=0.042ms | STABLE
  r85.11 baseline 16384B disabled rep 1 disk=fast(0.337ms) baseline rate=150/s payload=16384B | achieved=149.9/s (100.0%) | err=0.00% | p50=4.979ms p99=18.735ms p99.9=19.519ms max=19.912ms | leaderCPU=28.1% ELU=0.372 fsync/s=149.9 meta/s=120.5 AE/s=231.5 | genLagP99=0.046ms | STABLE
  r85.12 baseline 64B disabled rep 1 disk=fast(0.343ms) baseline rate=150/s payload=64B | achieved=150.1/s (100.0%) | err=0.00% | p50=4.211ms p99=10.431ms p99.9=11.271ms max=12.669ms | leaderCPU=30.2% ELU=0.369 fsync/s=149.9 meta/s=135.4 AE/s=267.8 | genLagP99=0.053ms | STABLE
  r85.13 optimized-binary 64B disabled rep 1 disk=fast(0.369ms) optimized-binary rate=5000/s payload=64B | achieved=4999.4/s (100.0%) | err=0.00% | p50=3.231ms p99=15.815ms p99.9=20.239ms max=24.807ms | leaderCPU=63% ELU=1 fsync/s=559.1 meta/s=9.7 AE/s=2012 | genLagP99=0.063ms | STABLE
  r85.14 optimized-http 64B disabled rep 1 disk=slow(1.787ms) optimized-http rate=3000/s payload=64B | achieved=3000.1/s (100.0%) | err=0.00% | p50=13.639ms p99=21.407ms p99.9=24.255ms max=26.803ms | leaderCPU=52.3% ELU=1 fsync/s=183.4 meta/s=9.3 AE/s=829.4 | genLagP99=0.061ms | STABLE
  r86.0 group-batch 1024B disabled rep 2 disk=slow(1.753ms) group-batch rate=3000/s payload=1024B | achieved=2999.9/s (100.0%) | err=0.00% | p50=3.897ms p99=17.455ms p99.9=21.967ms max=27.385ms | leaderCPU=65.1% ELU=1 fsync/s=678.4 meta/s=9.7 AE/s=679.8 | genLagP99=0.053ms | STABLE
  r86.1 batch-only 1024B disabled rep 2 disk=fast(0.315ms) batch-only rate=250/s payload=1024B | achieved=250/s (100.0%) | err=0.00% | p50=5.851ms p99=10.823ms p99.9=14.239ms max=15.966ms | leaderCPU=38.8% ELU=0.571 fsync/s=249.9 meta/s=196.9 AE/s=365.6 | genLagP99=0.053ms | STABLE
  r86.2 group-batch-pipeline 1024B disabled rep 2 disk=fast(0.354ms) group-batch-pipeline rate=3000/s payload=1024B | achieved=2999.8/s (100.0%) | err=0.00% | p50=14.279ms p99=22.015ms p99.9=24.719ms max=27.958ms | leaderCPU=58.9% ELU=1 fsync/s=173.8 meta/s=9.3 AE/s=804.2 | genLagP99=0.054ms | STABLE
  r86.3 pipeline-only 1024B disabled rep 2 disk=slow(1.876ms) pipeline-only rate=100/s payload=1024B | achieved=100/s (100.0%) | err=0.00% | p50=98.175ms p99=239.487ms p99.9=281.087ms max=285.723ms | leaderCPU=20.2% ELU=0.939 fsync/s=100 meta/s=98 AE/s=184.2 | genLagP99=0.043ms | STABLE
  r86.4 optimized-http 1024B disabled rep 2 disk=slow(1.675ms) optimized-http rate=3000/s payload=1024B | achieved=2999.6/s (100.0%) | err=0.00% | p50=12.519ms p99=20.159ms p99.9=24.623ms max=28.411ms | leaderCPU=86.6% ELU=1 fsync/s=169 meta/s=9.6 AE/s=2098.6 | genLagP99=0.064ms | STABLE
  r86.5 group-commit 1024B disabled rep 2 disk=slow(1.817ms) group-commit rate=3000/s payload=1024B | achieved=2999.9/s (100.0%) | err=0.00% | p50=11.639ms p99=18.799ms p99.9=21.279ms max=23.997ms | leaderCPU=45.6% ELU=1 fsync/s=266.9 meta/s=9.4 AE/s=281.1 | genLagP99=0.053ms | STABLE
  r86.6 optimized-binary 1024B disabled rep 2 disk=slow(1.675ms) optimized-binary rate=6000/s payload=1024B | achieved=5999.3/s (100.0%) | err=0.00% | p50=10.591ms p99=18.527ms p99.9=23.311ms max=28.281ms | leaderCPU=55.1% ELU=1 fsync/s=212.5 meta/s=9.3 AE/s=776.4 | genLagP99=0.056ms | STABLE
  r86.7 baseline 1024B disabled rep 2 disk=slow(1.831ms) baseline rate=250/s payload=1024B | achieved=250.5/s (100.2%) | err=0.00% | p50=39.807ms p99=55.711ms p99.9=65.791ms max=69.754ms | leaderCPU=26% ELU=0.871 fsync/s=249.8 meta/s=116.8 AE/s=171.3 | genLagP99=0.064ms | STABLE
  r86.8 transport-only 1024B disabled rep 2 disk=fast(0.399ms) transport-only rate=150/s payload=1024B | achieved=150/s (100.0%) | err=0.00% | p50=3.933ms p99=10.359ms p99.9=16.127ms max=18.048ms | leaderCPU=23% ELU=0.338 fsync/s=149.9 meta/s=138.8 AE/s=274.9 | genLagP99=0.037ms | STABLE
  r86.9 optimized-binary 16384B disabled rep 2 disk=fast(0.374ms) optimized-binary rate=1500/s payload=16384B | achieved=1500/s (100.0%) | err=0.00% | p50=9.519ms p99=20.735ms p99.9=26.447ms max=33.568ms | leaderCPU=50.5% ELU=1 fsync/s=226.1 meta/s=9.3 AE/s=830.5 | genLagP99=0.057ms | STABLE
  r86.10 baseline 64B disabled rep 2 disk=slow(1.815ms) baseline rate=150/s payload=64B | achieved=150/s (100.0%) | err=0.00% | p50=21.407ms p99=34.271ms p99.9=37.951ms max=40.056ms | leaderCPU=20.3% ELU=0.738 fsync/s=149.9 meta/s=89 AE/s=143.9 | genLagP99=0.061ms | STABLE
  r86.11 optimized-http 16384B disabled rep 2 disk=slow(1.661ms) optimized-http rate=1500/s payload=16384B | achieved=1500.7/s (100.0%) | err=0.00% | p50=12.079ms p99=26.031ms p99.9=48.191ms max=55.242ms | leaderCPU=84.5% ELU=1 fsync/s=235.1 meta/s=9.5 AE/s=1201.8 | genLagP99=0.06ms | STABLE
  r86.12 optimized-http 64B disabled rep 2 disk=fast(0.337ms) optimized-http rate=3000/s payload=64B | achieved=3001.2/s (100.0%) | err=0.00% | p50=14.279ms p99=36.031ms p99.9=44.799ms max=48.766ms | leaderCPU=60.8% ELU=1 fsync/s=163.3 meta/s=9.3 AE/s=839.9 | genLagP99=0.069ms | STABLE
  r86.13 baseline 16384B disabled rep 2 disk=slow(1.855ms) baseline rate=150/s payload=16384B | achieved=150.1/s (100.1%) | err=0.00% | p50=21.455ms p99=35.519ms p99.9=41.599ms max=42.853ms | leaderCPU=23.5% ELU=0.706 fsync/s=149.9 meta/s=98.2 AE/s=161.3 | genLagP99=0.078ms | STABLE
  r86.14 optimized-binary 64B disabled rep 2 disk=fast(0.338ms) optimized-binary rate=5000/s payload=64B | achieved=4998.5/s (100.0%) | err=0.00% | p50=4.247ms p99=16.239ms p99.9=21.071ms max=30.335ms | leaderCPU=60.4% ELU=1 fsync/s=543.3 meta/s=9.7 AE/s=1943.2 | genLagP99=0.056ms | STABLE
  r87.0 group-batch-pipeline 1024B disabled rep 3 disk=slow(1.741ms) group-batch-pipeline rate=3000/s payload=1024B | achieved=2999.8/s (100.0%) | err=0.00% | p50=14.071ms p99=23.423ms p99.9=33.407ms max=37.525ms | leaderCPU=75.8% ELU=1 fsync/s=162.4 meta/s=9.4 AE/s=1402.4 | genLagP99=0.056ms | STABLE
  r87.1 group-batch 1024B disabled rep 3 disk=fast(0.326ms) group-batch rate=3000/s payload=1024B | achieved=2997.8/s (99.9%) | err=0.00% | p50=3.395ms p99=14.655ms p99.9=18.799ms max=25.022ms | leaderCPU=72.7% ELU=1 fsync/s=859 meta/s=9.8 AE/s=860.5 | genLagP99=0.047ms | STABLE
  r87.2 optimized-http 1024B disabled rep 3 disk=slow(1.904ms) optimized-http rate=3000/s payload=1024B | achieved=2999.9/s (100.0%) | err=0.00% | p50=13.551ms p99=21.871ms p99.9=26.079ms max=33.614ms | leaderCPU=53.1% ELU=1 fsync/s=184.8 meta/s=9.3 AE/s=811 | genLagP99=0.054ms | STABLE
  r87.3 batch-only 1024B disabled rep 3 disk=slow(1.664ms) batch-only rate=250/s payload=1024B | achieved=249.9/s (100.0%) | err=0.00% | p50=40.607ms p99=63.455ms p99.9=93.887ms max=105.712ms | leaderCPU=16.4% ELU=1 fsync/s=249.8 meta/s=81.8 AE/s=81.8 | genLagP99=0.065ms | STABLE
  r87.4 optimized-binary 1024B disabled rep 3 disk=slow(1.838ms) optimized-binary rate=6000/s payload=1024B | achieved=6001.7/s (100.0%) | err=0.00% | p50=9.151ms p99=17.135ms p99.9=20.111ms max=24.016ms | leaderCPU=61.3% ELU=1 fsync/s=377.9 meta/s=9.6 AE/s=1369.5 | genLagP99=0.058ms | STABLE
  r87.5 pipeline-only 1024B disabled rep 3 disk=fast(0.321ms) pipeline-only rate=100/s payload=1024B | achieved=100/s (100.0%) | err=0.00% | p50=10.951ms p99=28.111ms p99.9=34.303ms max=41.12ms | leaderCPU=20.7% ELU=0.562 fsync/s=100 meta/s=100 AE/s=200 | genLagP99=0.059ms | STABLE
