rung 100/s: baseline@1024B, optimized-http@1024B, optimized-binary@1024B, etcd@1024B
rung 200/s: baseline@1024B, optimized-http@1024B, optimized-binary@1024B, etcd@1024B
rung 300/s: baseline@1024B, optimized-http@1024B, optimized-binary@1024B, etcd@1024B
rung 500/s: baseline@1024B, optimized-http@1024B, optimized-binary@1024B, etcd@1024B
  r17.3 etcd 1024B disabled rep 3 disk=fast(0.469ms) etcd rate=500/s payload=1024B | achieved=500.1/s (100.0%) | err=0.00% | p50=1.42ms p99=2.507ms p99.9=6.787ms max=9.368ms | leaderCPU=65.7% ELU=null fsync/s=499.3 meta/s=9.9 AE/s=null | genLagP99=0.04ms | STABLE
  r18.0 optimized-binary 1024B disabled rep 4 disk=fast(0.463ms) optimized-binary rate=500/s payload=1024B | achieved=499.9/s (100.0%) | err=0.00% | p50=1.39ms p99=3.309ms p99.9=7.371ms max=11.154ms | leaderCPU=28.4% ELU=0.447 fsync/s=496.1 meta/s=9.7 AE/s=996.7 | genLagP99=0.05ms | STABLE
  r18.1 etcd 1024B disabled rep 4 disk=fast(0.366ms) etcd rate=500/s payload=1024B | achieved=499.8/s (100.0%) | err=0.00% | p50=9.407ms p99=15.679ms p99.9=20.191ms max=26.644ms | leaderCPU=41.6% ELU=null fsync/s=380.4 meta/s=9.5 AE/s=null | genLagP99=0.066ms | STABLE
  r18.2 optimized-http 1024B disabled rep 4 disk=slow(1.685ms) optimized-http rate=500/s payload=1024B | achieved=499.9/s (100.0%) | err=0.00% | p50=9.151ms p99=16.559ms p99.9=20.351ms max=24.844ms | leaderCPU=31.5% ELU=1 fsync/s=282.5 meta/s=9.3 AE/s=736.6 | genLagP99=0.076ms | STABLE
  r18.3 baseline 1024B disabled rep 4 disk=slow(1.844ms) baseline rate=500/s payload=1024B | achieved=505.3/s (101.1%) | err=0.00% | p50=169.087ms p99=283.647ms p99.9=309.759ms max=315.281ms | leaderCPU=28.7% ELU=0.944 fsync/s=499.6 meta/s=108.3 AE/s=154.7 | genLagP99=0.069ms | STABLE
  r19.0 etcd 1024B disabled rep 5 disk=fast(0.352ms) etcd rate=500/s payload=1024B | achieved=500/s (100.0%) | err=0.00% | p50=1.097ms p99=1.664ms p99.9=3.475ms max=8.207ms | leaderCPU=43.5% ELU=null fsync/s=499.8 meta/s=9.9 AE/s=null | genLagP99=0.051ms | STABLE
  r19.1 baseline 1024B disabled rep 5 disk=fast(0.347ms) baseline rate=500/s payload=1024B | achieved=492.2/s (98.4%) | err=0.00% | p50=7.411ms p99=349.439ms p99.9=366.335ms max=372.916ms | leaderCPU=43.3% ELU=0.85 fsync/s=498.2 meta/s=224.7 AE/s=351.4 | genLagP99=0.075ms | UNSTABLE(latency grew 42.85x across the window)
  r19.2 optimized-binary 1024B disabled rep 5 disk=slow(1.827ms) optimized-binary rate=500/s payload=1024B | achieved=499.9/s (100.0%) | err=0.00% | p50=8.215ms p99=15.743ms p99.9=17.775ms max=19.612ms | leaderCPU=16.2% ELU=1 fsync/s=288.1 meta/s=9.3 AE/s=773.5 | genLagP99=0.071ms | STABLE
  r19.3 optimized-http 1024B disabled rep 5 disk=slow(1.775ms) optimized-http rate=500/s payload=1024B | achieved=500.4/s (100.1%) | err=0.00% | p50=9.631ms p99=17.567ms p99.9=20.623ms max=22.971ms | leaderCPU=50.6% ELU=0.94 fsync/s=305.3 meta/s=9.4 AE/s=836.9 | genLagP99=0.092ms | STABLE
rung 750/s: baseline@1024B, optimized-http@1024B, optimized-binary@1024B, etcd@1024B
  r20.0 baseline 1024B disabled rep 1 disk=fast(0.455ms) baseline rate=750/s payload=1024B | achieved=750.2/s (100.0%) | err=0.00% | p50=14.991ms p99=21.967ms p99.9=27.647ms max=30.663ms | leaderCPU=63.1% ELU=1 fsync/s=749.7 meta/s=228.3 AE/s=228.2 | genLagP99=0.109ms | STABLE
  r20.1 optimized-http 1024B disabled rep 1 disk=fast(0.47ms) optimized-http rate=750/s payload=1024B | achieved=749.8/s (100.0%) | err=0.00% | p50=12.463ms p99=19.951ms p99.9=22.591ms max=25.112ms | leaderCPU=47.9% ELU=1 fsync/s=199.6 meta/s=9.3 AE/s=804.8 | genLagP99=0.082ms | STABLE
  r20.2 etcd 1024B disabled rep 1 disk=slow(1.782ms) etcd rate=750/s payload=1024B | achieved=750.4/s (100.0%) | err=0.00% | p50=8.439ms p99=14.919ms p99.9=19.183ms max=25.038ms | leaderCPU=63.7% ELU=null fsync/s=478.8 meta/s=9.6 AE/s=null | genLagP99=0.052ms | STABLE
  r20.3 optimized-binary 1024B disabled rep 1 disk=fast(0.368ms) optimized-binary rate=750/s payload=1024B | achieved=750/s (100.0%) | err=0.00% | p50=1.194ms p99=2.515ms p99.9=4.811ms max=8.504ms | leaderCPU=33.9% ELU=0.592 fsync/s=748.4 meta/s=9.9 AE/s=1497.1 | genLagP99=0.044ms | STABLE
  r21.0 optimized-http 1024B disabled rep 2 disk=fast(0.365ms) optimized-http rate=750/s payload=1024B | achieved=749.6/s (100.0%) | err=0.00% | p50=9.479ms p99=17.583ms p99.9=20.207ms max=22.849ms | leaderCPU=37.7% ELU=1 fsync/s=271.5 meta/s=9.3 AE/s=888.5 | genLagP99=0.061ms | STABLE
  r21.1 optimized-binary 1024B disabled rep 2 disk=slow(1.957ms) optimized-binary rate=750/s payload=1024B | achieved=750.5/s (100.1%) | err=0.00% | p50=7.351ms p99=15.471ms p99.9=18.991ms max=23.747ms | leaderCPU=29.8% ELU=0.88 fsync/s=423.4 meta/s=9.5 AE/s=1073.1 | genLagP99=0.045ms | STABLE
  r21.2 baseline 1024B disabled rep 2 disk=fast(0.357ms) baseline rate=750/s payload=1024B | achieved=670.1/s (89.3%) | err=0.00% | p50=10.119ms p99=2967.551ms p99.9=3039.231ms max=3082.446ms | leaderCPU=42.9% ELU=0.985 fsync/s=679.3 meta/s=230.7 AE/s=258.4 | genLagP99=0.071ms | UNSTABLE(achieved 89.3% of offered; p99 2967.551 ms; latency grew 231.39x across the window)
  r21.3 etcd 1024B disabled rep 2 disk=slow(1.723ms) etcd rate=750/s payload=1024B | achieved=750.1/s (100.0%) | err=0.00% | p50=9.623ms p99=55.455ms p99.9=178.943ms max=191.338ms | leaderCPU=61.3% ELU=null fsync/s=357.2 meta/s=9.4 AE/s=null | genLagP99=0.082ms | STABLE
  r22.0 optimized-binary 1024B disabled rep 3 disk=slow(1.682ms) optimized-binary rate=750/s payload=1024B | achieved=750/s (100.0%) | err=0.00% | p50=1.44ms p99=3.347ms p99.9=8.839ms max=13.446ms | leaderCPU=44.5% ELU=0.68 fsync/s=741 meta/s=9.8 AE/s=1490.3 | genLagP99=0.033ms | STABLE
  r22.1 etcd 1024B disabled rep 3 disk=fast(0.437ms) etcd rate=750/s payload=1024B | achieved=749.7/s (100.0%) | err=0.00% | p50=8.687ms p99=15.959ms p99.9=19.823ms max=26.051ms | leaderCPU=79.5% ELU=null fsync/s=450.4 meta/s=9.6 AE/s=null | genLagP99=0.071ms | STABLE
  r22.2 optimized-http 1024B disabled rep 3 disk=slow(1.717ms) optimized-http rate=750/s payload=1024B | achieved=750/s (100.0%) | err=0.00% | p50=11.143ms p99=19.583ms p99.9=23.375ms max=25.985ms | leaderCPU=45.2% ELU=1 fsync/s=233.7 meta/s=9.4 AE/s=884 | genLagP99=0.076ms | STABLE
  r22.3 baseline 1024B disabled rep 3 disk=slow(1.936ms) baseline rate=750/s payload=1024B | achieved=810/s (108.0%) | err=0.00% | p50=3915.775ms p99=6070.271ms p99.9=6148.095ms max=6165.261ms | leaderCPU=31.4% ELU=1 fsync/s=810 meta/s=12.7 AE/s=25.3 | genLagP99=0.087ms | UNSTABLE(p99 6070.271 ms)
  r23.0 etcd 1024B disabled rep 4 disk=intermediate(0.52ms) etcd rate=750/s payload=1024B | achieved=750/s (100.0%) | err=0.00% | p50=1.17ms p99=1.907ms p99.9=6.239ms max=8.568ms | leaderCPU=80.3% ELU=null fsync/s=748.9 meta/s=9.9 AE/s=null | genLagP99=0.048ms | STABLE
  r23.1 baseline 1024B disabled rep 4 disk=fast(0.333ms) baseline rate=750/s payload=1024B | achieved=432.3/s (57.6%) | err=37.77% | p50=8073.215ms p99=10002.431ms p99.9=10002.431ms max=10017.709ms | leaderCPU=25.3% ELU=1 fsync/s=432.3 meta/s=6.8 AE/s=13.5 | genLagP99=0.078ms | UNSTABLE(achieved 57.6% of offered; error rate 37.77%; p99 10002.431 ms; latency grew 3.28x across the window)
  r23.2 optimized-binary 1024B disabled rep 4 disk=slow(1.833ms) optimized-binary rate=750/s payload=1024B | achieved=750.4/s (100.0%) | err=0.00% | p50=1.681ms p99=13.295ms p99.9=16.751ms max=19.282ms | leaderCPU=33% ELU=0.796 fsync/s=535.9 meta/s=9.7 AE/s=1241.3 | genLagP99=0.044ms | STABLE
  r23.3 optimized-http 1024B disabled rep 4 disk=fast(0.357ms) optimized-http rate=750/s payload=1024B | achieved=750/s (100.0%) | err=0.00% | p50=1.567ms p99=4.719ms p99.9=8.287ms max=9.536ms | leaderCPU=66.1% ELU=0.88 fsync/s=740.3 meta/s=9.8 AE/s=1487.5 | genLagP99=0.058ms | STABLE
  r24.0 baseline 1024B disabled rep 5 disk=fast(0.346ms) baseline rate=750/s payload=1024B | achieved=472.1/s (62.9%) | err=32.05% | p50=7860.223ms p99=10002.431ms p99.9=10002.431ms max=10028.282ms | leaderCPU=19.9% ELU=1 fsync/s=472.1 meta/s=14.7 AE/s=14.7 | genLagP99=0.057ms | UNSTABLE(achieved 62.9% of offered; error rate 32.05%; p99 10002.431 ms; latency grew 2.52x across the window)
  r24.1 optimized-http 1024B disabled rep 5 disk=slow(1.689ms) optimized-http rate=750/s payload=1024B | achieved=750/s (100.0%) | err=0.00% | p50=9.759ms p99=17.487ms p99.9=23.599ms max=31.669ms | leaderCPU=39.4% ELU=1 fsync/s=262.1 meta/s=9.4 AE/s=904 | genLagP99=0.066ms | STABLE
  r24.2 etcd 1024B disabled rep 5 disk=slow(1.887ms) etcd rate=750/s payload=1024B | achieved=750.2/s (100.0%) | err=0.00% | p50=7.731ms p99=13.983ms p99.9=17.759ms max=28.002ms | leaderCPU=77.9% ELU=null fsync/s=525.9 meta/s=9.7 AE/s=null | genLagP99=0.1ms | STABLE
  r24.3 optimized-binary 1024B disabled rep 5 disk=fast(0.496ms) optimized-binary rate=750/s payload=1024B | achieved=750/s (100.0%) | err=0.00% | p50=1.359ms p99=3.889ms p99.9=6.443ms max=8.992ms | leaderCPU=49.5% ELU=0.752 fsync/s=743.1 meta/s=9.8 AE/s=1488.5 | genLagP99=0.073ms | STABLE
rung 1000/s: baseline@1024B, optimized-http@1024B, optimized-binary@1024B, etcd@1024B
  r25.0 optimized-http 1024B disabled rep 1 disk=intermediate(0.509ms) optimized-http rate=1000/s payload=1024B | achieved=1000.2/s (100.0%) | err=0.00% | p50=9.847ms p99=17.375ms p99.9=20.543ms max=25.769ms | leaderCPU=41.6% ELU=1 fsync/s=261.9 meta/s=9.3 AE/s=878.1 | genLagP99=0.071ms | STABLE
  r25.1 optimized-binary 1024B disabled rep 1 disk=slow(1.732ms) optimized-binary rate=1000/s payload=1024B | achieved=1000.1/s (100.0%) | err=0.00% | p50=8.135ms p99=15.359ms p99.9=18.271ms max=22.199ms | leaderCPU=27.4% ELU=0.983 fsync/s=353.6 meta/s=9.4 AE/s=1014.1 | genLagP99=0.056ms | STABLE
  r25.2 baseline 1024B disabled rep 1 disk=slow(1.708ms) baseline rate=1000/s payload=1024B | achieved=503.6/s (50.4%) | err=40.80% | p50=9248.767ms p99=10002.431ms p99.9=10010.623ms max=10030.355ms | leaderCPU=18.5% ELU=1 fsync/s=530.5 meta/s=8.7 AE/s=17.3 | genLagP99=0.241ms | UNSTABLE(achieved 50.4% of offered; error rate 40.8%; p99 10002.431 ms)
  r25.3 etcd 1024B disabled rep 1 disk=intermediate(0.623ms) etcd rate=1000/s payload=1024B | achieved=1000.4/s (100.0%) | err=0.00% | p50=1.242ms p99=2.485ms p99.9=6.535ms max=10.93ms | leaderCPU=94.6% ELU=null fsync/s=996.8 meta/s=9.9 AE/s=null | genLagP99=0.051ms | STABLE
  r26.0 optimized-binary 1024B disabled rep 2 disk=fast(0.377ms) optimized-binary rate=1000/s payload=1024B | achieved=1000/s (100.0%) | err=0.00% | p50=8.231ms p99=14.871ms p99.9=17.775ms max=22.832ms | leaderCPU=23.7% ELU=1 fsync/s=296.5 meta/s=9.4 AE/s=923.5 | genLagP99=0.056ms | STABLE
  r26.1 etcd 1024B disabled rep 2 disk=slow(1.741ms) etcd rate=1000/s payload=1024B | achieved=999.9/s (100.0%) | err=0.00% | p50=8.351ms p99=14.471ms p99.9=17.247ms max=24.73ms | leaderCPU=82.7% ELU=null fsync/s=577.4 meta/s=9.7 AE/s=null | genLagP99=0.037ms | STABLE
  r26.2 optimized-http 1024B disabled rep 2 disk=slow(1.676ms) optimized-http rate=1000/s payload=1024B | achieved=1000/s (100.0%) | err=0.00% | p50=9.151ms p99=17.423ms p99.9=19.775ms max=21.152ms | leaderCPU=55% ELU=0.999 fsync/s=442.5 meta/s=9.6 AE/s=1215.4 | genLagP99=0.064ms | STABLE
  r26.3 baseline 1024B disabled rep 2 disk=slow(1.671ms) baseline rate=1000/s payload=1024B | achieved=463/s (46.3%) | err=54.77% | p50=10002.431ms p99=10002.431ms p99.9=10010.623ms max=10029.887ms | leaderCPU=22.6% ELU=1 fsync/s=526.5 meta/s=8.3 AE/s=16.7 | genLagP99=0.351ms | UNSTABLE(achieved 46.3% of offered; error rate 54.77%; p99 10002.431 ms)
  r27.0 etcd 1024B disabled rep 3 disk=slow(1.65ms) etcd rate=1000/s payload=1024B | achieved=1000.1/s (100.0%) | err=0.00% | p50=9.207ms p99=14.623ms p99.9=19.375ms max=27.294ms | leaderCPU=55.5% ELU=null fsync/s=375.9 meta/s=9.5 AE/s=null | genLagP99=0.058ms | STABLE
  r27.1 baseline 1024B disabled rep 3 disk=slow(1.657ms) baseline rate=1000/s payload=1024B | achieved=1119.4/s (111.9%) | err=0.00% | p50=3839.999ms p99=6836.223ms p99.9=6901.759ms max=6915.991ms | leaderCPU=35.7% ELU=1 fsync/s=1113.8 meta/s=38.6 AE/s=54.6 | genLagP99=0.076ms | UNSTABLE(p99 6836.223 ms)
  r27.2 optimized-binary 1024B disabled rep 3 disk=fast(0.363ms) optimized-binary rate=1000/s payload=1024B | achieved=1000/s (100.0%) | err=0.00% | p50=1.081ms p99=2.509ms p99.9=5.571ms max=8.927ms | leaderCPU=47.6% ELU=0.784 fsync/s=990.5 meta/s=9.8 AE/s=1982.8 | genLagP99=0.049ms | STABLE
  r27.3 optimized-http 1024B disabled rep 3 disk=fast(0.341ms) optimized-http rate=1000/s payload=1024B | achieved=1000.2/s (100.0%) | err=0.00% | p50=10.135ms p99=18.079ms p99.9=20.751ms max=23.151ms | leaderCPU=41.2% ELU=1 fsync/s=253.2 meta/s=9.3 AE/s=860.5 | genLagP99=0.062ms | STABLE
  r28.0 baseline 1024B disabled rep 4 disk=slow(1.674ms) baseline rate=1000/s payload=1024B | achieved=739.8/s (74.0%) | err=20.67% | p50=7053.311ms p99=10002.431ms p99.9=10010.623ms max=10017.589ms | leaderCPU=25.1% ELU=1 fsync/s=775.5 meta/s=12.5 AE/s=25 | genLagP99=0.338ms | UNSTABLE(achieved 74% of offered; error rate 20.67%; p99 10002.431 ms)
  r28.1 optimized-http 1024B disabled rep 4 disk=fast(0.363ms) optimized-http rate=1000/s payload=1024B | achieved=999.6/s (100.0%) | err=0.00% | p50=2.987ms p99=15.767ms p99.9=18.415ms max=22.654ms | leaderCPU=60.8% ELU=0.999 fsync/s=683.3 meta/s=9.7 AE/s=1583.2 | genLagP99=0.065ms | STABLE
  r28.2 etcd 1024B disabled rep 4 disk=slow(1.885ms) etcd rate=1000/s payload=1024B | achieved=1000/s (100.0%) | err=0.00% | p50=8.487ms p99=14.511ms p99.9=17.631ms max=25.256ms | leaderCPU=75.9% ELU=null fsync/s=576.8 meta/s=9.7 AE/s=null | genLagP99=0.051ms | STABLE
  r28.3 optimized-binary 1024B disabled rep 4 disk=slow(1.806ms) optimized-binary rate=1000/s payload=1024B | achieved=1000.1/s (100.0%) | err=0.00% | p50=8.279ms p99=15.487ms p99.9=18.255ms max=20.626ms | leaderCPU=22.9% ELU=1 fsync/s=296.4 meta/s=9.4 AE/s=896.8 | genLagP99=0.06ms | STABLE
  r29.0 optimized-http 1024B disabled rep 5 disk=slow(1.672ms) optimized-http rate=1000/s payload=1024B | achieved=1000.4/s (100.0%) | err=0.00% | p50=2.727ms p99=12.927ms p99.9=16.415ms max=20.797ms | leaderCPU=69.3% ELU=0.998 fsync/s=815.5 meta/s=9.8 AE/s=1796.7 | genLagP99=0.056ms | STABLE
  r29.1 optimized-binary 1024B disabled rep 5 disk=fast(0.35ms) optimized-binary rate=1000/s payload=1024B | achieved=1000.2/s (100.0%) | err=0.00% | p50=8.375ms p99=15.495ms p99.9=19.007ms max=22.908ms | leaderCPU=26.9% ELU=1 fsync/s=296.1 meta/s=9.4 AE/s=941.6 | genLagP99=0.065ms | STABLE
  r29.2 baseline 1024B disabled rep 5 disk=slow(1.713ms) baseline rate=1000/s payload=1024B | achieved=1052.8/s (105.3%) | err=0.00% | p50=4132.863ms p99=6508.543ms p99.9=6569.983ms max=6581.087ms | leaderCPU=39.6% ELU=1 fsync/s=1052.8 meta/s=16.4 AE/s=32.9 | genLagP99=0.092ms | UNSTABLE(p99 6508.543 ms)
  r29.3 etcd 1024B disabled rep 5 disk=fast(0.496ms) etcd rate=1000/s payload=1024B | achieved=999.5/s (100.0%) | err=0.00% | p50=1.448ms p99=10.879ms p99.9=14.359ms max=16.845ms | leaderCPU=130.5% ELU=null fsync/s=965.8 meta/s=9.9 AE/s=null | genLagP99=0.104ms | STABLE
  baseline@1024B stops at 1000/s (streak=2, mean achieved ratio=0.776)
rung 1500/s: optimized-http@1024B, optimized-binary@1024B, etcd@1024B
  r30.0 optimized-http 1024B disabled rep 1 disk=slow(2.051ms) optimized-http rate=1500/s payload=1024B | achieved=1500.6/s (100.0%) | err=0.00% | p50=13.519ms p99=21.935ms p99.9=25.007ms max=30.133ms | leaderCPU=63.6% ELU=1 fsync/s=206.8 meta/s=9.3 AE/s=1072.8 | genLagP99=0.109ms | STABLE
  r30.1 optimized-binary 1024B disabled rep 1 disk=intermediate(0.512ms) optimized-binary rate=1500/s payload=1024B | achieved=1500/s (100.0%) | err=0.00% | p50=9.247ms p99=16.447ms p99.9=18.543ms max=20.159ms | leaderCPU=40.4% ELU=1 fsync/s=268.9 meta/s=9.3 AE/s=914.3 | genLagP99=0.114ms | STABLE
  r30.2 etcd 1024B disabled rep 1 disk=slow(1.815ms) etcd rate=1500/s payload=1024B | achieved=1500.7/s (100.0%) | err=0.00% | p50=1.469ms p99=13.647ms p99.9=17.663ms max=25.791ms | leaderCPU=120.9% ELU=null fsync/s=1046.5 meta/s=9.8 AE/s=null | genLagP99=0.041ms | STABLE
  r31.0 optimized-binary 1024B disabled rep 2 disk=fast(0.348ms) optimized-binary rate=1500/s payload=1024B | achieved=1500.5/s (100.0%) | err=0.00% | p50=8.567ms p99=15.439ms p99.9=17.855ms max=22.053ms | leaderCPU=28.6% ELU=1 fsync/s=292.4 meta/s=9.4 AE/s=949.5 | genLagP99=0.061ms | STABLE
  r31.1 etcd 1024B disabled rep 2 disk=slow(1.71ms) etcd rate=1500/s payload=1024B | achieved=1500.5/s (100.0%) | err=0.00% | p50=1.748ms p99=13.887ms p99.9=17.663ms max=29.053ms | leaderCPU=130.1% ELU=null fsync/s=1115.6 meta/s=9.8 AE/s=null | genLagP99=0.056ms | STABLE
  r31.2 optimized-http 1024B disabled rep 2 disk=intermediate(0.54ms) optimized-http rate=1500/s payload=1024B | achieved=1499.5/s (100.0%) | err=0.00% | p50=14.871ms p99=25.407ms p99.9=36.063ms max=40.696ms | leaderCPU=59.1% ELU=1 fsync/s=166.6 meta/s=9.3 AE/s=787 | genLagP99=0.113ms | STABLE
  r32.0 etcd 1024B disabled rep 3 disk=slow(1.97ms) etcd rate=1500/s payload=1024B | achieved=1500.5/s (100.0%) | err=0.00% | p50=1.557ms p99=13.983ms p99.9=18.031ms max=25.256ms | leaderCPU=123.6% ELU=null fsync/s=993.9 meta/s=9.8 AE/s=null | genLagP99=0.074ms | STABLE
  r32.1 optimized-http 1024B disabled rep 3 disk=fast(0.354ms) optimized-http rate=1500/s payload=1024B | achieved=1499.8/s (100.0%) | err=0.00% | p50=11.663ms p99=18.943ms p99.9=23.759ms max=28.068ms | leaderCPU=46% ELU=1 fsync/s=217.1 meta/s=9.3 AE/s=877.5 | genLagP99=0.067ms | STABLE
  r32.2 optimized-binary 1024B disabled rep 3 disk=slow(1.872ms) optimized-binary rate=1500/s payload=1024B | achieved=1501/s (100.1%) | err=0.00% | p50=3.229ms p99=14.695ms p99.9=17.183ms max=20.149ms | leaderCPU=51.4% ELU=1 fsync/s=661 meta/s=9.6 AE/s=1670.8 | genLagP99=0.111ms | STABLE
  r33.0 etcd 1024B disabled rep 4 disk=intermediate(0.521ms) etcd rate=1500/s payload=1024B | achieved=1499.3/s (100.0%) | err=0.00% | p50=8.263ms p99=15.407ms p99.9=19.967ms max=31.345ms | leaderCPU=134% ELU=null fsync/s=840.5 meta/s=9.7 AE/s=null | genLagP99=0.112ms | STABLE
  r33.1 optimized-binary 1024B disabled rep 4 disk=slow(1.72ms) optimized-binary rate=1500/s payload=1024B | achieved=1500.2/s (100.0%) | err=0.00% | p50=8.647ms p99=15.975ms p99.9=19.455ms max=21.99ms | leaderCPU=28.8% ELU=1 fsync/s=289.9 meta/s=9.4 AE/s=938 | genLagP99=0.067ms | STABLE
  r33.2 optimized-http 1024B disabled rep 4 disk=slow(1.762ms) optimized-http rate=1500/s payload=1024B | achieved=1500.1/s (100.0%) | err=0.00% | p50=11.919ms p99=20.255ms p99.9=31.327ms max=38.844ms | leaderCPU=46.7% ELU=1 fsync/s=211.3 meta/s=9.3 AE/s=873 | genLagP99=0.067ms | STABLE
  r34.0 optimized-http 1024B disabled rep 5 disk=slow(1.656ms) optimized-http rate=1500/s payload=1024B | achieved=1499.9/s (100.0%) | err=0.00% | p50=4.719ms p99=17.327ms p99.9=21.359ms max=27.871ms | leaderCPU=74.2% ELU=1 fsync/s=422.6 meta/s=9.7 AE/s=1835.4 | genLagP99=0.058ms | STABLE
  r34.1 etcd 1024B disabled rep 5 disk=fast(0.336ms) etcd rate=1500/s payload=1024B | achieved=1500/s (100.0%) | err=0.00% | p50=9.303ms p99=15.199ms p99.9=19.791ms max=27.006ms | leaderCPU=76.8% ELU=null fsync/s=366.6 meta/s=9.5 AE/s=null | genLagP99=0.051ms | STABLE
  r34.2 optimized-binary 1024B disabled rep 5 disk=slow(1.796ms) optimized-binary rate=1500/s payload=1024B | achieved=1500.2/s (100.0%) | err=0.00% | p50=3.107ms p99=14.815ms p99.9=17.855ms max=20.375ms | leaderCPU=54.2% ELU=1 fsync/s=673.3 meta/s=9.7 AE/s=1689.2 | genLagP99=0.113ms | STABLE
rung 2000/s: optimized-http@1024B, optimized-binary@1024B, etcd@1024B
  r35.0 optimized-binary 1024B disabled rep 1 disk=intermediate(0.508ms) optimized-binary rate=2000/s payload=1024B | achieved=2000.3/s (100.0%) | err=0.00% | p50=9.439ms p99=16.687ms p99.9=19.855ms max=24.101ms | leaderCPU=40.1% ELU=1 fsync/s=246 meta/s=9.3 AE/s=868.8 | genLagP99=0.108ms | STABLE
  r35.1 optimized-http 1024B disabled rep 1 disk=slow(1.993ms) optimized-http rate=2000/s payload=1024B | achieved=2000.9/s (100.0%) | err=0.00% | p50=14.047ms p99=22.591ms p99.9=25.231ms max=27.43ms | leaderCPU=73% ELU=1 fsync/s=169.8 meta/s=9.4 AE/s=1267 | genLagP99=0.114ms | STABLE
  r35.2 etcd 1024B disabled rep 1 disk=intermediate(0.544ms) etcd rate=2000/s payload=1024B | achieved=1999.8/s (100.0%) | err=0.00% | p50=9.711ms p99=16.975ms p99.9=23.119ms max=28.334ms | leaderCPU=153% ELU=null fsync/s=356 meta/s=9.6 AE/s=null | genLagP99=0.134ms | STABLE
  r36.0 optimized-http 1024B disabled rep 2 disk=slow(1.85ms) optimized-http rate=2000/s payload=1024B | achieved=2000.4/s (100.0%) | err=0.00% | p50=11.279ms p99=19.759ms p99.9=23.695ms max=30.606ms | leaderCPU=67.4% ELU=1 fsync/s=213.8 meta/s=9.5 AE/s=1619.5 | genLagP99=0.07ms | STABLE
  r36.1 optimized-binary 1024B disabled rep 2 disk=slow(1.909ms) optimized-binary rate=2000/s payload=1024B | achieved=2000.5/s (100.0%) | err=0.00% | p50=7.239ms p99=14.943ms p99.9=17.471ms max=20.538ms | leaderCPU=45.6% ELU=1 fsync/s=604.5 meta/s=9.6 AE/s=1715.2 | genLagP99=0.076ms | STABLE
  r36.2 etcd 1024B disabled rep 2 disk=fast(0.354ms) etcd rate=2000/s payload=1024B | achieved=2000.3/s (100.0%) | err=0.00% | p50=9.287ms p99=15.223ms p99.9=22.879ms max=31.75ms | leaderCPU=105.3% ELU=null fsync/s=366.6 meta/s=9.6 AE/s=null | genLagP99=0.059ms | STABLE
  r37.0 optimized-binary 1024B disabled rep 3 disk=slow(1.67ms) optimized-binary rate=2000/s payload=1024B | achieved=2000.3/s (100.0%) | err=0.00% | p50=2.273ms p99=13.903ms p99.9=16.399ms max=20.567ms | leaderCPU=46.3% ELU=1 fsync/s=827 meta/s=9.7 AE/s=2230.8 | genLagP99=0.065ms | STABLE
  r37.1 etcd 1024B disabled rep 3 disk=slow(1.734ms) etcd rate=2000/s payload=1024B | achieved=2000.3/s (100.0%) | err=0.00% | p50=8.175ms p99=14.487ms p99.9=20.239ms max=27.965ms | leaderCPU=135.3% ELU=null fsync/s=948.6 meta/s=9.8 AE/s=null | genLagP99=0.058ms | STABLE
  r37.2 optimized-http 1024B disabled rep 3 disk=slow(1.867ms) optimized-http rate=2000/s payload=1024B | achieved=2000.1/s (100.0%) | err=0.00% | p50=10.383ms p99=18.431ms p99.9=21.919ms max=25.271ms | leaderCPU=65.5% ELU=1 fsync/s=246.8 meta/s=9.6 AE/s=1638.2 | genLagP99=0.058ms | STABLE
  r38.0 etcd 1024B disabled rep 4 disk=fast(0.349ms) etcd rate=2000/s payload=1024B | achieved=1999.2/s (100.0%) | err=0.00% | p50=9.151ms p99=15.183ms p99.9=21.119ms max=27.955ms | leaderCPU=116.9% ELU=null fsync/s=707.5 meta/s=9.7 AE/s=null | genLagP99=0.06ms | STABLE
  r38.1 optimized-http 1024B disabled rep 4 disk=slow(1.72ms) optimized-http rate=2000/s payload=1024B | achieved=1999.4/s (100.0%) | err=0.00% | p50=11.823ms p99=18.767ms p99.9=24.303ms max=32.424ms | leaderCPU=44.3% ELU=1 fsync/s=211.7 meta/s=9.3 AE/s=886 | genLagP99=0.054ms | STABLE
  r38.2 optimized-binary 1024B disabled rep 4 disk=slow(1.745ms) optimized-binary rate=2000/s payload=1024B | achieved=1998.3/s (99.9%) | err=0.00% | p50=2.213ms p99=14.527ms p99.9=17.983ms max=20.47ms | leaderCPU=45.2% ELU=1 fsync/s=845.3 meta/s=9.7 AE/s=2228.5 | genLagP99=0.067ms | STABLE
  r39.0 etcd 1024B disabled rep 5 disk=slow(1.825ms) etcd rate=2000/s payload=1024B | achieved=2000.5/s (100.0%) | err=0.00% | p50=7.763ms p99=15.495ms p99.9=21.023ms max=29.017ms | leaderCPU=134.8% ELU=null fsync/s=1057.2 meta/s=9.8 AE/s=null | genLagP99=0.06ms | STABLE
  r39.1 optimized-binary 1024B disabled rep 5 disk=fast(0.363ms) optimized-binary rate=2000/s payload=1024B | achieved=2000.3/s (100.0%) | err=0.00% | p50=9.007ms p99=26.511ms p99.9=48.095ms max=54.984ms | leaderCPU=33.3% ELU=1 fsync/s=271.7 meta/s=9.3 AE/s=883.7 | genLagP99=0.058ms | STABLE
  r39.2 optimized-http 1024B disabled rep 5 disk=slow(1.734ms) optimized-http rate=2000/s payload=1024B | achieved=1999.5/s (100.0%) | err=0.00% | p50=11.815ms p99=19.391ms p99.9=25.231ms max=34.943ms | leaderCPU=53.1% ELU=1 fsync/s=215.9 meta/s=9.3 AE/s=1159.7 | genLagP99=0.059ms | STABLE
rung 3000/s: optimized-http@1024B, optimized-binary@1024B, etcd@1024B
  r40.0 optimized-http 1024B disabled rep 1 disk=slow(1.743ms) optimized-http rate=3000/s payload=1024B | achieved=2999.8/s (100.0%) | err=0.00% | p50=13.447ms p99=25.983ms p99.9=29.151ms max=31.847ms | leaderCPU=82.9% ELU=1 fsync/s=164.8 meta/s=9.4 AE/s=1655.3 | genLagP99=0.073ms | STABLE
  r40.1 etcd 1024B disabled rep 1 disk=fast(0.37ms) etcd rate=3000/s payload=1024B | achieved=2998.8/s (100.0%) | err=0.00% | p50=8.783ms p99=15.839ms p99.9=24.159ms max=31.052ms | leaderCPU=186.1% ELU=null fsync/s=952.2 meta/s=9.8 AE/s=null | genLagP99=0.065ms | STABLE
  r40.2 optimized-binary 1024B disabled rep 1 disk=slow(1.809ms) optimized-binary rate=3000/s payload=1024B | achieved=2999.8/s (100.0%) | err=0.00% | p50=8.839ms p99=17.151ms p99.9=20.975ms max=32.076ms | leaderCPU=45.6% ELU=1 fsync/s=365.4 meta/s=9.4 AE/s=1205.7 | genLagP99=0.063ms | STABLE
  r41.0 optimized-binary 1024B disabled rep 2 disk=slow(1.709ms) optimized-binary rate=3000/s payload=1024B | achieved=3000.1/s (100.0%) | err=0.00% | p50=8.071ms p99=18.223ms p99.9=23.183ms max=28.171ms | leaderCPU=52.3% ELU=1 fsync/s=501.5 meta/s=9.5 AE/s=1634 | genLagP99=0.061ms | STABLE
  r41.1 optimized-http 1024B disabled rep 2 disk=slow(1.748ms) optimized-http rate=3000/s payload=1024B | achieved=2999.7/s (100.0%) | err=0.00% | p50=17.807ms p99=27.167ms p99.9=30.927ms max=36.413ms | leaderCPU=71.7% ELU=1 fsync/s=134.2 meta/s=9.2 AE/s=763.6 | genLagP99=0.081ms | STABLE
  r41.2 etcd 1024B disabled rep 2 disk=slow(1.734ms) etcd rate=3000/s payload=1024B | achieved=2999.9/s (100.0%) | err=0.00% | p50=2.767ms p99=15.663ms p99.9=21.199ms max=30.153ms | leaderCPU=233% ELU=null fsync/s=1248.4 meta/s=9.8 AE/s=null | genLagP99=0.081ms | STABLE
  r42.0 optimized-http 1024B disabled rep 3 disk=slow(1.745ms) optimized-http rate=3000/s payload=1024B | achieved=3000.6/s (100.0%) | err=0.00% | p50=18.127ms p99=27.439ms p99.9=30.191ms max=34.036ms | leaderCPU=64.7% ELU=1 fsync/s=134.6 meta/s=9.2 AE/s=763.6 | genLagP99=0.084ms | STABLE
  r42.1 optimized-binary 1024B disabled rep 3 disk=slow(1.669ms) optimized-binary rate=3000/s payload=1024B | achieved=3000.6/s (100.0%) | err=0.00% | p50=8.879ms p99=15.607ms p99.9=18.655ms max=29.039ms | leaderCPU=36.1% ELU=1 fsync/s=280.5 meta/s=9.3 AE/s=921 | genLagP99=0.057ms | STABLE
  r42.2 etcd 1024B disabled rep 3 disk=slow(1.748ms) etcd rate=3000/s payload=1024B | achieved=3000.1/s (100.0%) | err=0.00% | p50=7.487ms p99=15.127ms p99.9=21.935ms max=30.936ms | leaderCPU=171.3% ELU=null fsync/s=1122.5 meta/s=9.8 AE/s=null | genLagP99=0.051ms | STABLE
  r43.0 optimized-binary 1024B disabled rep 4 disk=slow(1.822ms) optimized-binary rate=3000/s payload=1024B | achieved=3000.1/s (100.0%) | err=0.00% | p50=4.017ms p99=14.807ms p99.9=19.343ms max=24.891ms | leaderCPU=48.4% ELU=1 fsync/s=656.1 meta/s=9.7 AE/s=2066.6 | genLagP99=0.056ms | STABLE
  r43.1 etcd 1024B disabled rep 4 disk=slow(1.904ms) etcd rate=3000/s payload=1024B | achieved=3000/s (100.0%) | err=0.00% | p50=7.579ms p99=14.415ms p99.9=20.095ms max=28.901ms | leaderCPU=187.7% ELU=null fsync/s=1096.9 meta/s=9.8 AE/s=null | genLagP99=0.051ms | STABLE
  r43.2 optimized-http 1024B disabled rep 4 disk=slow(1.835ms) optimized-http rate=3000/s payload=1024B | achieved=3000.7/s (100.0%) | err=0.00% | p50=12.951ms p99=21.215ms p99.9=24.335ms max=28.102ms | leaderCPU=59.8% ELU=1 fsync/s=184.6 meta/s=9.4 AE/s=1235.4 | genLagP99=0.057ms | STABLE
  r44.0 etcd 1024B disabled rep 5 disk=slow(1.889ms) etcd rate=3000/s payload=1024B | achieved=2999.8/s (100.0%) | err=0.00% | p50=7.899ms p99=15.039ms p99.9=23.295ms max=31.036ms | leaderCPU=171.8% ELU=null fsync/s=1051.1 meta/s=9.8 AE/s=null | genLagP99=0.055ms | STABLE
  r44.1 optimized-http 1024B disabled rep 5 disk=slow(1.852ms) optimized-http rate=3000/s payload=1024B | achieved=3000.3/s (100.0%) | err=0.00% | p50=12.255ms p99=19.295ms p99.9=21.807ms max=24.83ms | leaderCPU=73.6% ELU=1 fsync/s=186.5 meta/s=9.5 AE/s=1697.3 | genLagP99=0.058ms | STABLE
  r44.2 optimized-binary 1024B disabled rep 5 disk=fast(0.357ms) optimized-binary rate=3000/s payload=1024B | achieved=3000.3/s (100.0%) | err=0.00% | p50=9.007ms p99=16.511ms p99.9=19.455ms max=22.263ms | leaderCPU=32.3% ELU=1 fsync/s=275.3 meta/s=9.3 AE/s=886.1 | genLagP99=0.049ms | STABLE
rung 4000/s: optimized-http@1024B, optimized-binary@1024B, etcd@1024B
  r45.0 etcd 1024B disabled rep 1 disk=slow(1.866ms) etcd rate=4000/s payload=1024B | achieved=4000.3/s (100.0%) | err=0.00% | p50=8.999ms p99=17.087ms p99.9=22.399ms max=28.851ms | leaderCPU=181.9% ELU=null fsync/s=648 meta/s=9.8 AE/s=null | genLagP99=0.052ms | STABLE
  r45.1 optimized-binary 1024B disabled rep 1 disk=slow(1.943ms) optimized-binary rate=4000/s payload=1024B | achieved=4001.5/s (100.0%) | err=0.00% | p50=7.663ms p99=15.087ms p99.9=18.031ms max=21.377ms | leaderCPU=48.1% ELU=1 fsync/s=545.4 meta/s=9.6 AE/s=1747.6 | genLagP99=0.048ms | STABLE
  r45.2 optimized-http 1024B disabled rep 1 disk=fast(0.354ms) optimized-http rate=4000/s payload=1024B | achieved=3999.1/s (100.0%) | err=0.00% | p50=13.743ms p99=21.551ms p99.9=24.959ms max=32.636ms | leaderCPU=54% ELU=1 fsync/s=182 meta/s=9.3 AE/s=826.9 | genLagP99=0.046ms | STABLE
  r46.0 optimized-http 1024B disabled rep 2 disk=slow(1.683ms) optimized-http rate=4000/s payload=1024B | achieved=3999.7/s (100.0%) | err=0.00% | p50=12.983ms p99=20.271ms p99.9=24.255ms max=27.065ms | leaderCPU=72.7% ELU=1 fsync/s=174.7 meta/s=9.5 AE/s=1530.8 | genLagP99=0.049ms | STABLE
  r46.1 etcd 1024B disabled rep 2 disk=fast(0.347ms) etcd rate=4000/s payload=1024B | achieved=4000/s (100.0%) | err=0.00% | p50=9.287ms p99=15.831ms p99.9=22.463ms max=26.715ms | leaderCPU=172.7% ELU=null fsync/s=363.9 meta/s=9.7 AE/s=null | genLagP99=0.052ms | STABLE
  r46.2 optimized-binary 1024B disabled rep 2 disk=slow(1.648ms) optimized-binary rate=4000/s payload=1024B | achieved=3999.8/s (100.0%) | err=0.00% | p50=8.879ms p99=16.087ms p99.9=20.687ms max=26.199ms | leaderCPU=39.6% ELU=1 fsync/s=310.6 meta/s=9.4 AE/s=1054.4 | genLagP99=0.051ms | STABLE
  r47.0 optimized-binary 1024B disabled rep 3 disk=slow(1.713ms) optimized-binary rate=4000/s payload=1024B | achieved=4000.4/s (100.0%) | err=0.00% | p50=8.975ms p99=15.679ms p99.9=18.431ms max=22.36ms | leaderCPU=39.1% ELU=1 fsync/s=271.8 meta/s=9.4 AE/s=926.4 | genLagP99=0.05ms | STABLE
  r47.1 optimized-http 1024B disabled rep 3 disk=slow(1.744ms) optimized-http rate=4000/s payload=1024B | achieved=4000.1/s (100.0%) | err=0.00% | p50=12.935ms p99=20.447ms p99.9=24.591ms max=29.566ms | leaderCPU=71.2% ELU=1 fsync/s=178.9 meta/s=9.4 AE/s=1381.8 | genLagP99=0.047ms | STABLE
  r47.2 etcd 1024B disabled rep 3 disk=fast(0.338ms) etcd rate=4000/s payload=1024B | achieved=3998.5/s (100.0%) | err=0.00% | p50=8.863ms p99=15.935ms p99.9=23.551ms max=30.257ms | leaderCPU=198.1% ELU=null fsync/s=866.2 meta/s=9.8 AE/s=null | genLagP99=0.057ms | STABLE
  r48.0 optimized-http 1024B disabled rep 4 disk=slow(1.784ms) optimized-http rate=4000/s payload=1024B | achieved=4000.5/s (100.0%) | err=0.00% | p50=13.791ms p99=20.703ms p99.9=22.879ms max=25.151ms | leaderCPU=55.1% ELU=1 fsync/s=182.2 meta/s=9.3 AE/s=836.5 | genLagP99=0.052ms | STABLE
  r48.1 optimized-binary 1024B disabled rep 4 disk=slow(1.681ms) optimized-binary rate=4000/s payload=1024B | achieved=3998.7/s (100.0%) | err=0.00% | p50=2.645ms p99=15.895ms p99.9=19.631ms max=24.665ms | leaderCPU=53.1% ELU=1 fsync/s=644.1 meta/s=9.7 AE/s=2234.5 | genLagP99=0.046ms | STABLE
  r48.2 etcd 1024B disabled rep 4 disk=slow(1.81ms) etcd rate=4000/s payload=1024B | achieved=4000/s (100.0%) | err=0.00% | p50=9.463ms p99=16.831ms p99.9=24.511ms max=29.284ms | leaderCPU=155.4% ELU=null fsync/s=363 meta/s=9.7 AE/s=null | genLagP99=0.055ms | STABLE
  r49.0 optimized-binary 1024B disabled rep 5 disk=slow(1.927ms) optimized-binary rate=4000/s payload=1024B | achieved=4001.6/s (100.0%) | err=0.00% | p50=7.591ms p99=14.711ms p99.9=18.255ms max=22.431ms | leaderCPU=49.1% ELU=0.999 fsync/s=560.4 meta/s=9.6 AE/s=1801 | genLagP99=0.047ms | STABLE
  r49.1 etcd 1024B disabled rep 5 disk=fast(0.314ms) etcd rate=4000/s payload=1024B | achieved=3998.8/s (100.0%) | err=0.00% | p50=8.903ms p99=15.831ms p99.9=23.647ms max=31.539ms | leaderCPU=166.5% ELU=null fsync/s=799.5 meta/s=9.8 AE/s=null | genLagP99=0.059ms | STABLE
  r49.2 optimized-http 1024B disabled rep 5 disk=slow(1.983ms) optimized-http rate=4000/s payload=1024B | achieved=4000.8/s (100.0%) | err=0.00% | p50=13.975ms p99=21.967ms p99.9=28.127ms max=31.493ms | leaderCPU=51.9% ELU=1 fsync/s=178.9 meta/s=9.3 AE/s=817.8 | genLagP99=0.049ms | STABLE
rung 5000/s: optimized-http@1024B, optimized-binary@1024B, etcd@1024B
  r50.0 etcd 1024B disabled rep 1 disk=slow(2.029ms) etcd rate=5000/s payload=1024B | achieved=4999.7/s (100.0%) | err=0.00% | p50=4.743ms p99=15.303ms p99.9=24.111ms max=30.324ms | leaderCPU=246.3% ELU=null fsync/s=1225.8 meta/s=10.1 AE/s=null | genLagP99=0.048ms | STABLE
  r50.1 optimized-http 1024B disabled rep 1 disk=slow(1.837ms) optimized-http rate=5000/s payload=1024B | achieved=4999.6/s (100.0%) | err=0.00% | p50=15.439ms p99=23.743ms p99.9=26.799ms max=32.126ms | leaderCPU=57.7% ELU=1 fsync/s=156.8 meta/s=9.3 AE/s=813.9 | genLagP99=0.048ms | STABLE
  r50.2 optimized-binary 1024B disabled rep 1 disk=slow(1.694ms) optimized-binary rate=5000/s payload=1024B | achieved=5000/s (100.0%) | err=0.00% | p50=9.103ms p99=16.079ms p99.9=18.863ms max=21.354ms | leaderCPU=45.4% ELU=1 fsync/s=259.9 meta/s=9.4 AE/s=959 | genLagP99=0.051ms | STABLE
  r51.0 etcd 1024B disabled rep 2 disk=slow(1.769ms) etcd rate=5000/s payload=1024B | achieved=4997.8/s (100.0%) | err=0.00% | p50=8.911ms p99=16.623ms p99.9=24.495ms max=28.571ms | leaderCPU=218.7% ELU=null fsync/s=819.8 meta/s=9.8 AE/s=null | genLagP99=0.053ms | STABLE
  r51.1 optimized-binary 1024B disabled rep 2 disk=slow(1.85ms) optimized-binary rate=5000/s payload=1024B | achieved=5001.6/s (100.0%) | err=0.00% | p50=9.407ms p99=17.263ms p99.9=19.327ms max=21.366ms | leaderCPU=41.3% ELU=1 fsync/s=254.3 meta/s=9.3 AE/s=932.6 | genLagP99=0.048ms | STABLE
  r51.2 optimized-http 1024B disabled rep 2 disk=slow(1.945ms) optimized-http rate=5000/s payload=1024B | achieved=5001.4/s (100.0%) | err=0.00% | p50=14.863ms p99=22.079ms p99.9=26.831ms max=30.238ms | leaderCPU=79.2% ELU=1 fsync/s=149.4 meta/s=9.4 AE/s=1447.1 | genLagP99=0.05ms | STABLE
  r52.0 optimized-http 1024B disabled rep 3 disk=fast(0.341ms) optimized-http rate=5000/s payload=1024B | achieved=4999.6/s (100.0%) | err=0.00% | p50=14.863ms p99=22.767ms p99.9=26.143ms max=28.458ms | leaderCPU=83.7% ELU=1 fsync/s=146.3 meta/s=9.4 AE/s=1596.3 | genLagP99=0.053ms | STABLE
  r52.1 etcd 1024B disabled rep 3 disk=slow(1.686ms) etcd rate=5000/s payload=1024B | achieved=4999.9/s (100.0%) | err=0.00% | p50=9.511ms p99=16.655ms p99.9=23.631ms max=29.152ms | leaderCPU=211.5% ELU=null fsync/s=360.4 meta/s=9.8 AE/s=null | genLagP99=0.056ms | STABLE
  r52.2 optimized-binary 1024B disabled rep 3 disk=slow(1.83ms) optimized-binary rate=5000/s payload=1024B | achieved=4999.8/s (100.0%) | err=0.00% | p50=8.711ms p99=16.911ms p99.9=19.759ms max=25.527ms | leaderCPU=48.9% ELU=1 fsync/s=393.9 meta/s=9.4 AE/s=1359.7 | genLagP99=0.054ms | STABLE
  r53.0 optimized-binary 1024B disabled rep 4 disk=slow(1.935ms) optimized-binary rate=5000/s payload=1024B | achieved=5001.6/s (100.0%) | err=0.00% | p50=7.403ms p99=16.063ms p99.9=18.943ms max=25.874ms | leaderCPU=53.4% ELU=1 fsync/s=534.7 meta/s=9.6 AE/s=1856.5 | genLagP99=0.044ms | STABLE
  r53.1 optimized-http 1024B disabled rep 4 disk=fast(0.334ms) optimized-http rate=5000/s payload=1024B | achieved=5001.1/s (100.0%) | err=0.00% | p50=15.503ms p99=23.663ms p99.9=29.007ms max=31.976ms | leaderCPU=62.5% ELU=1 fsync/s=154.7 meta/s=9.3 AE/s=806 | genLagP99=0.053ms | STABLE
