rung 100/s: baseline@1024B, optimized-http@1024B, optimized-binary@1024B, etcd@1024B
rung 200/s: baseline@1024B, optimized-http@1024B, optimized-binary@1024B, etcd@1024B
rung 300/s: baseline@1024B, optimized-http@1024B, optimized-binary@1024B, etcd@1024B
rung 500/s: baseline@1024B, optimized-http@1024B, optimized-binary@1024B, etcd@1024B
rung 750/s: baseline@1024B, optimized-http@1024B, optimized-binary@1024B, etcd@1024B
rung 1000/s: baseline@1024B, optimized-http@1024B, optimized-binary@1024B, etcd@1024B
  baseline@1024B stops at 1000/s (streak=2, mean achieved ratio=0.776)
rung 1500/s: optimized-http@1024B, optimized-binary@1024B, etcd@1024B
rung 2000/s: optimized-http@1024B, optimized-binary@1024B, etcd@1024B
rung 3000/s: optimized-http@1024B, optimized-binary@1024B, etcd@1024B
rung 4000/s: optimized-http@1024B, optimized-binary@1024B, etcd@1024B
rung 5000/s: optimized-http@1024B, optimized-binary@1024B, etcd@1024B
  r53.2 etcd 1024B disabled rep 4 disk=slow(1.682ms) etcd rate=5000/s payload=1024B | achieved=5001.6/s (100.0%) | err=0.00% | p50=7.319ms p99=15.991ms p99.9=23.983ms max=29.134ms | leaderCPU=232.3% ELU=null fsync/s=1171.5 meta/s=9.9 AE/s=null | genLagP99=0.057ms | STABLE
  r54.0 optimized-http 1024B disabled rep 5 disk=slow(1.859ms) optimized-http rate=5000/s payload=1024B | achieved=5000.1/s (100.0%) | err=0.00% | p50=14.831ms p99=22.575ms p99.9=25.919ms max=29.539ms | leaderCPU=56.5% ELU=1 fsync/s=163.1 meta/s=9.3 AE/s=818.4 | genLagP99=0.045ms | STABLE
  r54.1 optimized-binary 1024B disabled rep 5 disk=slow(1.708ms) optimized-binary rate=5000/s payload=1024B | achieved=4999.4/s (100.0%) | err=0.00% | p50=2.629ms p99=15.463ms p99.9=18.527ms max=24.322ms | leaderCPU=59.9% ELU=1 fsync/s=629.8 meta/s=9.7 AE/s=2268.1 | genLagP99=0.049ms | STABLE
  r54.2 etcd 1024B disabled rep 5 disk=slow(1.676ms) etcd rate=5000/s payload=1024B | achieved=5000.1/s (100.0%) | err=0.00% | p50=9.679ms p99=16.943ms p99.9=23.103ms max=28.461ms | leaderCPU=190.6% ELU=null fsync/s=354.8 meta/s=9.8 AE/s=null | genLagP99=0.052ms | STABLE
rung 6000/s: optimized-http@1024B, optimized-binary@1024B, etcd@1024B
  r55.0 optimized-binary 1024B disabled rep 1 disk=slow(1.755ms) optimized-binary rate=6000/s payload=1024B | achieved=5997.9/s (100.0%) | err=0.00% | p50=9.847ms p99=17.151ms p99.9=20.175ms max=28.169ms | leaderCPU=50.6% ELU=1 fsync/s=239.8 meta/s=9.3 AE/s=882.4 | genLagP99=0.052ms | STABLE
  r55.1 etcd 1024B disabled rep 1 disk=slow(2.041ms) etcd rate=6000/s payload=1024B | achieved=5999.9/s (100.0%) | err=0.00% | p50=7.635ms p99=16.343ms p99.9=24.143ms max=31.288ms | leaderCPU=275.1% ELU=null fsync/s=1131.5 meta/s=10.1 AE/s=null | genLagP99=0.056ms | STABLE
  r55.2 optimized-http 1024B disabled rep 1 disk=slow(1.861ms) optimized-http rate=6000/s payload=1024B | achieved=6005.1/s (100.1%) | err=0.00% | p50=17.407ms p99=28.575ms p99.9=34.815ms max=39.274ms | leaderCPU=65.2% ELU=1 fsync/s=136.1 meta/s=9.2 AE/s=755 | genLagP99=0.054ms | STABLE
  r56.0 etcd 1024B disabled rep 2 disk=slow(1.886ms) etcd rate=6000/s payload=1024B | achieved=5999/s (100.0%) | err=0.00% | p50=9.407ms p99=17.727ms p99.9=25.519ms max=31.695ms | leaderCPU=224.1% ELU=null fsync/s=364.6 meta/s=9.8 AE/s=null | genLagP99=0.057ms | STABLE
  r56.1 optimized-http 1024B disabled rep 2 disk=slow(1.731ms) optimized-http rate=6000/s payload=1024B | achieved=6000.3/s (100.0%) | err=0.00% | p50=16.831ms p99=24.847ms p99.9=28.703ms max=34.709ms | leaderCPU=69% ELU=1 fsync/s=138.9 meta/s=9.3 AE/s=859.8 | genLagP99=0.055ms | STABLE
  r56.2 optimized-binary 1024B disabled rep 2 disk=slow(1.773ms) optimized-binary rate=6000/s payload=1024B | achieved=5998.1/s (100.0%) | err=0.00% | p50=4.399ms p99=17.695ms p99.9=21.519ms max=25.887ms | leaderCPU=63.7% ELU=1 fsync/s=525.1 meta/s=9.6 AE/s=1924.5 | genLagP99=0.054ms | STABLE
  r57.0 etcd 1024B disabled rep 3 disk=slow(1.867ms) etcd rate=6000/s payload=1024B | achieved=6000.3/s (100.0%) | err=0.00% | p50=9.639ms p99=18.271ms p99.9=26.895ms max=33.134ms | leaderCPU=234.7% ELU=null fsync/s=353.8 meta/s=9.8 AE/s=null | genLagP99=0.057ms | STABLE
  r57.1 optimized-binary 1024B disabled rep 3 disk=slow(1.788ms) optimized-binary rate=6000/s payload=1024B | achieved=6000.1/s (100.0%) | err=0.00% | p50=9.495ms p99=17.071ms p99.9=19.743ms max=23.825ms | leaderCPU=52.9% ELU=1 fsync/s=309.3 meta/s=9.4 AE/s=1139.9 | genLagP99=0.052ms | STABLE
  r57.2 optimized-http 1024B disabled rep 3 disk=slow(1.709ms) optimized-http rate=6000/s payload=1024B | achieved=5999.4/s (100.0%) | err=0.00% | p50=17.311ms p99=25.119ms p99.9=29.135ms max=34.176ms | leaderCPU=67.1% ELU=1 fsync/s=136.6 meta/s=9.3 AE/s=745.7 | genLagP99=0.058ms | STABLE
  r58.0 optimized-http 1024B disabled rep 4 disk=slow(1.964ms) optimized-http rate=6000/s payload=1024B | achieved=6000.5/s (100.0%) | err=0.00% | p50=16.847ms p99=25.951ms p99.9=30.943ms max=35.465ms | leaderCPU=79.2% ELU=1 fsync/s=131.9 meta/s=9.4 AE/s=1176.3 | genLagP99=0.054ms | STABLE
  r58.1 etcd 1024B disabled rep 4 disk=fast(0.353ms) etcd rate=6000/s payload=1024B | achieved=5997.4/s (100.0%) | err=0.00% | p50=9.135ms p99=17.535ms p99.9=24.783ms max=29.611ms | leaderCPU=247.7% ELU=null fsync/s=745.4 meta/s=9.9 AE/s=null | genLagP99=0.055ms | STABLE
  r58.2 optimized-binary 1024B disabled rep 4 disk=slow(1.839ms) optimized-binary rate=6000/s payload=1024B | achieved=5999.8/s (100.0%) | err=0.00% | p50=10.183ms p99=18.463ms p99.9=21.743ms max=29.331ms | leaderCPU=50.8% ELU=1 fsync/s=224.6 meta/s=9.3 AE/s=828.4 | genLagP99=0.047ms | STABLE
  r59.0 optimized-binary 1024B disabled rep 5 disk=slow(1.894ms) optimized-binary rate=6000/s payload=1024B | achieved=6001.9/s (100.0%) | err=0.00% | p50=7.103ms p99=16.103ms p99.9=19.519ms max=23.742ms | leaderCPU=56.2% ELU=1 fsync/s=504.4 meta/s=9.6 AE/s=1839.2 | genLagP99=0.049ms | STABLE
  r59.1 optimized-http 1024B disabled rep 5 disk=fast(0.326ms) optimized-http rate=6000/s payload=1024B | achieved=6000.2/s (100.0%) | err=0.00% | p50=16.767ms p99=25.791ms p99.9=29.599ms max=32.308ms | leaderCPU=91.4% ELU=1 fsync/s=125.8 meta/s=9.4 AE/s=1555.8 | genLagP99=0.055ms | STABLE
  r59.2 etcd 1024B disabled rep 5 disk=slow(1.648ms) etcd rate=6000/s payload=1024B | achieved=6000.3/s (100.0%) | err=0.00% | p50=9.647ms p99=18.063ms p99.9=25.295ms max=30.787ms | leaderCPU=233.4% ELU=null fsync/s=358.1 meta/s=9.8 AE/s=null | genLagP99=0.062ms | STABLE
rung 8000/s: optimized-http@1024B, optimized-binary@1024B, etcd@1024B
  r60.0 optimized-http 1024B disabled rep 1 disk=slow(1.683ms) optimized-http rate=8000/s payload=1024B | achieved=8204.7/s (102.6%) | err=0.00% | p50=701.439ms p99=1174.527ms p99.9=1204.223ms max=1217.481ms | leaderCPU=81.3% ELU=0.999 fsync/s=158.2 meta/s=9.4 AE/s=705.7 | genLagP99=0.102ms | UNSTABLE(p99 1174.527 ms)
  r60.1 optimized-binary 1024B disabled rep 1 disk=fast(0.333ms) optimized-binary rate=8000/s payload=1024B | achieved=7998.5/s (100.0%) | err=0.00% | p50=4.427ms p99=21.631ms p99.9=32.191ms max=38.003ms | leaderCPU=69.4% ELU=1 fsync/s=429.4 meta/s=9.6 AE/s=1527.7 | genLagP99=0.062ms | STABLE
  r60.2 etcd 1024B disabled rep 1 disk=slow(1.867ms) etcd rate=8000/s payload=1024B | achieved=7999.9/s (100.0%) | err=0.00% | p50=9.983ms p99=23.007ms p99.9=27.263ms max=31.292ms | leaderCPU=323.8% ELU=null fsync/s=346.7 meta/s=9.9 AE/s=null | genLagP99=0.106ms | STABLE
  r61.0 optimized-binary 1024B disabled rep 2 disk=slow(1.763ms) optimized-binary rate=8000/s payload=1024B | achieved=8001/s (100.0%) | err=0.00% | p50=2.873ms p99=17.359ms p99.9=22.911ms max=26.257ms | leaderCPU=78.2% ELU=1 fsync/s=614.9 meta/s=9.8 AE/s=2200.2 | genLagP99=0.057ms | STABLE
  r61.1 etcd 1024B disabled rep 2 disk=fast(0.325ms) etcd rate=8000/s payload=1024B | achieved=7999.3/s (100.0%) | err=0.00% | p50=10.191ms p99=27.311ms p99.9=36.223ms max=40.868ms | leaderCPU=308% ELU=null fsync/s=341.6 meta/s=9.8 AE/s=null | genLagP99=0.119ms | STABLE
  r61.2 optimized-http 1024B disabled rep 2 disk=slow(1.77ms) optimized-http rate=8000/s payload=1024B | achieved=8286/s (103.6%) | err=0.00% | p50=1052.671ms p99=1618.943ms p99.9=1647.615ms max=1660.206ms | leaderCPU=77.3% ELU=1 fsync/s=161.9 meta/s=9.3 AE/s=629.1 | genLagP99=0.101ms | UNSTABLE(p99 1618.943 ms)
  r62.0 etcd 1024B disabled rep 3 disk=fast(0.349ms) etcd rate=8000/s payload=1024B | achieved=7997/s (100.0%) | err=0.00% | p50=9.447ms p99=23.727ms p99.9=34.239ms max=40.023ms | leaderCPU=349.7% ELU=null fsync/s=745.5 meta/s=10.1 AE/s=null | genLagP99=0.07ms | STABLE
  r62.1 optimized-http 1024B disabled rep 3 disk=slow(1.765ms) optimized-http rate=8000/s payload=1024B | achieved=7526.6/s (94.1%) | err=0.00% | p50=1222.655ms p99=1831.935ms p99.9=1844.223ms max=1854.951ms | leaderCPU=69.2% ELU=1 fsync/s=147.6 meta/s=9.3 AE/s=431 | genLagP99=0.099ms | UNSTABLE(achieved 94.1% of offered; p99 1831.935 ms; latency grew 2.18x across the window)
  r62.2 optimized-binary 1024B disabled rep 3 disk=slow(1.747ms) optimized-binary rate=8000/s payload=1024B | achieved=7999.5/s (100.0%) | err=0.00% | p50=11.551ms p99=21.439ms p99.9=26.159ms max=34.261ms | leaderCPU=58% ELU=1 fsync/s=202.6 meta/s=9.3 AE/s=708.5 | genLagP99=0.059ms | STABLE
  r63.0 etcd 1024B disabled rep 4 disk=slow(1.753ms) etcd rate=8000/s payload=1024B | achieved=8000.2/s (100.0%) | err=0.00% | p50=9.439ms p99=19.839ms p99.9=24.607ms max=28.106ms | leaderCPU=302.6% ELU=null fsync/s=608.4 meta/s=10 AE/s=null | genLagP99=0.086ms | STABLE
  r63.1 optimized-binary 1024B disabled rep 4 disk=slow(1.661ms) optimized-binary rate=8000/s payload=1024B | achieved=8001.4/s (100.0%) | err=0.00% | p50=12.151ms p99=21.791ms p99.9=26.767ms max=31.371ms | leaderCPU=58.8% ELU=1 fsync/s=171.5 meta/s=9.3 AE/s=589.9 | genLagP99=0.068ms | STABLE
  r63.2 optimized-http 1024B disabled rep 4 disk=slow(1.719ms) optimized-http rate=8000/s payload=1024B | achieved=7525.9/s (94.1%) | err=0.00% | p50=1396.735ms p99=1858.559ms p99.9=1872.895ms max=1884.715ms | leaderCPU=67.6% ELU=0.999 fsync/s=146.2 meta/s=9.3 AE/s=435.1 | genLagP99=0.1ms | UNSTABLE(achieved 94.1% of offered; p99 1858.559 ms)
  r64.0 optimized-http 1024B disabled rep 5 disk=fast(0.358ms) optimized-http rate=8000/s payload=1024B | achieved=7672.3/s (95.9%) | err=0.00% | p50=446.975ms p99=858.623ms p99.9=871.935ms max=877.667ms | leaderCPU=76% ELU=1 fsync/s=147.7 meta/s=9.3 AE/s=597.3 | genLagP99=0.099ms | UNSTABLE(achieved 95.9% of offered; latency grew 40.36x across the window)
  r64.1 etcd 1024B disabled rep 5 disk=slow(1.672ms) etcd rate=8000/s payload=1024B | achieved=8001.4/s (100.0%) | err=0.00% | p50=9.799ms p99=20.047ms p99.9=24.687ms max=28.892ms | leaderCPU=326.1% ELU=null fsync/s=353.1 meta/s=9.9 AE/s=null | genLagP99=0.078ms | STABLE
  r64.2 optimized-binary 1024B disabled rep 5 disk=slow(1.746ms) optimized-binary rate=8000/s payload=1024B | achieved=8003.4/s (100.0%) | err=0.00% | p50=4.651ms p99=21.103ms p99.9=38.239ms max=46.773ms | leaderCPU=68.2% ELU=0.999 fsync/s=429.2 meta/s=9.6 AE/s=1524.8 | genLagP99=0.053ms | STABLE
rung 10000/s: optimized-http@1024B, optimized-binary@1024B, etcd@1024B
  r65.0 optimized-binary 1024B disabled rep 1 disk=fast(0.347ms) optimized-binary rate=10000/s payload=1024B | achieved=9995/s (100.0%) | err=0.00% | p50=16.119ms p99=31.487ms p99.9=36.479ms max=40.852ms | leaderCPU=61.6% ELU=0.98 fsync/s=164.3 meta/s=9.3 AE/s=443.6 | genLagP99=0.088ms | STABLE
  r65.1 optimized-http 1024B disabled rep 1 disk=slow(1.773ms) optimized-http rate=10000/s payload=1024B | achieved=7485/s (74.9%) | err=0.00% | p50=5156.863ms p99=8191.999ms p99.9=8249.343ms max=8265.879ms | leaderCPU=67.1% ELU=1 fsync/s=146.2 meta/s=9.2 AE/s=443.6 | genLagP99=0.168ms | UNSTABLE(achieved 74.9% of offered; p99 8191.999 ms; latency grew 3.02x across the window)
  r65.2 etcd 1024B disabled rep 1 disk=slow(1.876ms) etcd rate=10000/s payload=1024B | achieved=10014.4/s (100.1%) | err=0.00% | p50=59.999ms p99=153.855ms p99.9=161.279ms max=168.187ms | leaderCPU=385.1% ELU=null fsync/s=833 meta/s=10.3 AE/s=null | genLagP99=0.379ms | STABLE
  r66.0 optimized-http 1024B disabled rep 2 disk=slow(1.735ms) optimized-http rate=10000/s payload=1024B | achieved=8920.1/s (89.2%) | err=0.00% | p50=3749.887ms p99=4591.615ms p99.9=4616.191ms max=4620.613ms | leaderCPU=73.1% ELU=0.998 fsync/s=178.2 meta/s=9.4 AE/s=498.1 | genLagP99=0.167ms | UNSTABLE(achieved 89.2% of offered; p99 4591.615 ms)
  r66.1 optimized-binary 1024B disabled rep 2 disk=fast(0.34ms) optimized-binary rate=10000/s payload=1024B | achieved=9990.5/s (99.9%) | err=0.00% | p50=3.989ms p99=28.143ms p99.9=32.799ms max=37.2ms | leaderCPU=80.5% ELU=0.992 fsync/s=428.3 meta/s=9.7 AE/s=1462.8 | genLagP99=0.07ms | STABLE
  r66.2 etcd 1024B disabled rep 2 disk=slow(1.922ms) etcd rate=10000/s payload=1024B | achieved=9765.6/s (97.7%) | err=0.00% | p50=510.975ms p99=698.879ms p99.9=713.215ms max=721.381ms | leaderCPU=316.1% ELU=null fsync/s=313 meta/s=10.1 AE/s=null | genLagP99=0.457ms | UNSTABLE(achieved 97.7% of offered)
  r67.0 optimized-binary 1024B disabled rep 3 disk=slow(1.777ms) optimized-binary rate=10000/s payload=1024B | achieved=10079.1/s (100.8%) | err=0.00% | p50=20.751ms p99=130.111ms p99.9=153.599ms max=165.658ms | leaderCPU=67.3% ELU=0.976 fsync/s=175.4 meta/s=9.3 AE/s=479.4 | genLagP99=0.106ms | STABLE
  r67.1 etcd 1024B disabled rep 3 disk=fast(0.348ms) etcd rate=10000/s payload=1024B | achieved=9504.3/s (95.0%) | err=0.00% | p50=398.079ms p99=1060.863ms p99.9=1078.271ms max=1086.577ms | leaderCPU=349.8% ELU=null fsync/s=744.6 meta/s=10.1 AE/s=null | genLagP99=0.389ms | UNSTABLE(achieved 95% of offered; p99 1060.863 ms; latency grew 442.18x across the window)
  r67.2 optimized-http 1024B disabled rep 3 disk=slow(1.753ms) optimized-http rate=10000/s payload=1024B | achieved=7454.9/s (74.5%) | err=0.00% | p50=5394.431ms p99=8384.511ms p99.9=8454.143ms max=8458.94ms | leaderCPU=67.5% ELU=0.999 fsync/s=146.7 meta/s=9.3 AE/s=441.8 | genLagP99=0.175ms | UNSTABLE(achieved 74.5% of offered; p99 8384.511 ms; latency grew 2.87x across the window)
  r68.0 etcd 1024B disabled rep 4 disk=slow(1.822ms) etcd rate=10000/s payload=1024B | achieved=9943.9/s (99.4%) | err=0.00% | p50=11.359ms p99=154.239ms p99.9=166.143ms max=173.518ms | leaderCPU=384.5% ELU=null fsync/s=864.6 meta/s=10.1 AE/s=null | genLagP99=0.345ms | UNSTABLE(latency grew 5.69x across the window)
  r68.1 optimized-http 1024B disabled rep 4 disk=slow(1.708ms) optimized-http rate=10000/s payload=1024B | achieved=9282.8/s (92.8%) | err=0.00% | p50=3071.999ms p99=3954.687ms p99.9=3973.119ms max=3985.26ms | leaderCPU=79.5% ELU=0.998 fsync/s=182.3 meta/s=9.4 AE/s=510.1 | genLagP99=0.128ms | UNSTABLE(achieved 92.8% of offered; p99 3954.687 ms)
  r68.2 optimized-binary 1024B disabled rep 4 disk=fast(0.345ms) optimized-binary rate=10000/s payload=1024B | achieved=9991/s (99.9%) | err=0.00% | p50=4.093ms p99=38.367ms p99.9=45.823ms max=52.435ms | leaderCPU=78.3% ELU=0.991 fsync/s=421.7 meta/s=9.7 AE/s=1434.1 | genLagP99=0.071ms | UNSTABLE(latency grew 5.24x across the window)
  r69.0 etcd 1024B disabled rep 5 disk=slow(1.757ms) etcd rate=10000/s payload=1024B | achieved=9643.5/s (96.4%) | err=0.00% | p50=868.863ms p99=1079.295ms p99.9=1103.871ms max=1114.255ms | leaderCPU=275% ELU=null fsync/s=312.4 meta/s=10 AE/s=null | genLagP99=0.438ms | UNSTABLE(achieved 96.4% of offered; p99 1079.295 ms)
  r69.1 optimized-binary 1024B disabled rep 5 disk=slow(1.694ms) optimized-binary rate=10000/s payload=1024B | achieved=10076.2/s (100.8%) | err=0.00% | p50=18.527ms p99=156.671ms p99.9=168.063ms max=173.837ms | leaderCPU=73.7% ELU=0.974 fsync/s=201.8 meta/s=9.3 AE/s=580.1 | genLagP99=0.099ms | STABLE
  r69.2 optimized-http 1024B disabled rep 5 disk=fast(0.358ms) optimized-http rate=10000/s payload=1024B | achieved=9984.9/s (99.8%) | err=0.00% | p50=17.903ms p99=45.503ms p99.9=56.351ms max=61.272ms | leaderCPU=98.3% ELU=1 fsync/s=191.7 meta/s=9.6 AE/s=868.5 | genLagP99=0.09ms | STABLE
  optimized-http@1024B stops at 10000/s (streak=2, mean achieved ratio=0.863)
rung 12000/s: optimized-binary@1024B, etcd@1024B
  r70.0 optimized-binary 1024B disabled rep 1 disk=fast(0.346ms) optimized-binary rate=12000/s payload=1024B | achieved=11998/s (100.0%) | err=0.00% | p50=5.235ms p99=14.255ms p99.9=25.327ms max=30.245ms | leaderCPU=85.5% ELU=0.999 fsync/s=366.1 meta/s=9.7 AE/s=1228.2 | genLagP99=0.077ms | STABLE
  r70.1 etcd 1024B disabled rep 1 disk=fast(0.341ms) etcd rate=12000/s payload=1024B | achieved=9436/s (78.6%) | err=0.00% | p50=3887.103ms p99=6746.111ms p99.9=6803.455ms max=6811.696ms | leaderCPU=249.7% ELU=null fsync/s=303.5 meta/s=10 AE/s=null | genLagP99=1.225ms | UNSTABLE(achieved 78.6% of offered; p99 6746.111 ms; latency grew 3.35x across the window)
  r71.0 etcd 1024B disabled rep 2 disk=slow(1.736ms) etcd rate=12000/s payload=1024B | achieved=11604.5/s (96.7%) | err=0.00% | p50=3.141ms p99=2174.975ms p99.9=2213.887ms max=2226.901ms | leaderCPU=477.7% ELU=null fsync/s=1199.5 meta/s=10.4 AE/s=null | genLagP99=0.365ms | UNSTABLE(achieved 96.7% of offered; p99 2174.975 ms; latency grew 742.9x across the window)
  r71.1 optimized-binary 1024B disabled rep 2 disk=slow(1.814ms) optimized-binary rate=12000/s payload=1024B | achieved=10261/s (85.5%) | err=0.00% | p50=2953.215ms p99=4534.271ms p99.9=4567.039ms max=4573.229ms | leaderCPU=66.8% ELU=0.943 fsync/s=121.8 meta/s=9.2 AE/s=248.2 | genLagP99=0.158ms | UNSTABLE(achieved 85.5% of offered; p99 4534.271 ms; latency grew 2.71x across the window)
  r72.0 optimized-binary 1024B disabled rep 3 disk=slow(1.764ms) optimized-binary rate=12000/s payload=1024B | achieved=10137.5/s (84.5%) | err=0.00% | p50=3012.607ms p99=4661.247ms p99.9=4689.919ms max=4697.149ms | leaderCPU=66% ELU=0.943 fsync/s=119.9 meta/s=9.1 AE/s=244.6 | genLagP99=0.178ms | UNSTABLE(achieved 84.5% of offered; p99 4661.247 ms; latency grew 2.95x across the window)
  r72.1 etcd 1024B disabled rep 3 disk=slow(1.7ms) etcd rate=12000/s payload=1024B | achieved=10106.1/s (84.2%) | err=0.00% | p50=2711.551ms p99=4939.775ms p99.9=4993.023ms max=5007.202ms | leaderCPU=320.8% ELU=null fsync/s=318.7 meta/s=10.2 AE/s=null | genLagP99=0.548ms | UNSTABLE(achieved 84.2% of offered; p99 4939.775 ms; latency grew 3.5x across the window)
  r73.0 etcd 1024B disabled rep 4 disk=slow(1.758ms) etcd rate=12000/s payload=1024B | achieved=10401.8/s (86.7%) | err=0.00% | p50=2320.383ms p99=4624.383ms p99.9=4665.343ms max=4681.27ms | leaderCPU=298% ELU=null fsync/s=332.8 meta/s=10.1 AE/s=null | genLagP99=0.498ms | UNSTABLE(achieved 86.7% of offered; p99 4624.383 ms; latency grew 3.87x across the window)
  r73.1 optimized-binary 1024B disabled rep 4 disk=slow(1.704ms) optimized-binary rate=12000/s payload=1024B | achieved=10518.4/s (87.7%) | err=0.00% | p50=2557.951ms p99=3663.871ms p99.9=3688.447ms max=3698.373ms | leaderCPU=69.2% ELU=0.94 fsync/s=120.7 meta/s=9.2 AE/s=244.6 | genLagP99=0.144ms | UNSTABLE(achieved 87.7% of offered; p99 3663.871 ms; latency grew 2.38x across the window)
  r74.0 optimized-binary 1024B disabled rep 5 disk=fast(0.324ms) optimized-binary rate=12000/s payload=1024B | achieved=11998.8/s (100.0%) | err=0.00% | p50=4.803ms p99=12.927ms p99.9=20.911ms max=26.602ms | leaderCPU=89.5% ELU=1 fsync/s=392.6 meta/s=9.7 AE/s=1312.3 | genLagP99=0.079ms | STABLE
  r74.1 etcd 1024B disabled rep 5 disk=fast(0.359ms) etcd rate=12000/s payload=1024B | achieved=9569/s (79.7%) | err=0.00% | p50=3244.031ms p99=6197.247ms p99.9=6262.783ms max=6270.739ms | leaderCPU=295.9% ELU=null fsync/s=305.2 meta/s=10 AE/s=null | genLagP99=0.951ms | UNSTABLE(achieved 79.7% of offered; p99 6197.247 ms; latency grew 4.03x across the window)
  etcd@1024B stops at 12000/s (streak=2, mean achieved ratio=0.852)
rung 15000/s: optimized-binary@1024B
  r75.0 optimized-binary 1024B disabled rep 1 disk=slow(1.814ms) optimized-binary rate=15000/s payload=1024B | achieved=10981.2/s (73.2%) | err=0.00% | p50=6881.279ms p99=7368.703ms p99.9=7380.991ms max=7384.728ms | leaderCPU=75% ELU=0.983 fsync/s=163.2 meta/s=9.3 AE/s=371.6 | genLagP99=0.811ms | UNSTABLE(achieved 73.2% of offered; p99 7368.703 ms)
  r76.0 optimized-binary 1024B disabled rep 2 disk=fast(0.398ms) optimized-binary rate=15000/s payload=1024B | achieved=13935.4/s (92.9%) | err=0.00% | p50=1628.159ms p99=2138.111ms p99.9=2156.543ms max=2162.299ms | leaderCPU=91.6% ELU=0.982 fsync/s=215.2 meta/s=9.4 AE/s=452.1 | genLagP99=0.241ms | UNSTABLE(achieved 92.9% of offered; p99 2138.111 ms; latency grew 2.03x across the window)
  r77.0 optimized-binary 1024B disabled rep 3 disk=fast(0.345ms) optimized-binary rate=15000/s payload=1024B | achieved=14029.6/s (93.5%) | err=0.00% | p50=1512.447ms p99=2044.927ms p99.9=2059.263ms max=2063.915ms | leaderCPU=93.3% ELU=0.982 fsync/s=213.9 meta/s=9.5 AE/s=448 | genLagP99=0.22ms | UNSTABLE(achieved 93.5% of offered; p99 2044.927 ms; latency grew 2.02x across the window)
  r78.0 optimized-binary 1024B disabled rep 4 disk=fast(0.358ms) optimized-binary rate=15000/s payload=1024B | achieved=14081.6/s (93.9%) | err=0.00% | p50=1353.727ms p99=1844.223ms p99.9=1855.487ms max=1859.05ms | leaderCPU=91.8% ELU=0.981 fsync/s=214.8 meta/s=9.6 AE/s=450.4 | genLagP99=0.218ms | UNSTABLE(achieved 93.9% of offered; p99 1844.223 ms; latency grew 2.25x across the window)
  r79.0 optimized-binary 1024B disabled rep 5 disk=fast(0.363ms) optimized-binary rate=15000/s payload=1024B | achieved=14105.9/s (94.0%) | err=0.00% | p50=1422.335ms p99=1905.663ms p99.9=1926.143ms max=1934.215ms | leaderCPU=92% ELU=0.983 fsync/s=218.1 meta/s=9.5 AE/s=461.9 | genLagP99=0.224ms | UNSTABLE(achieved 94% of offered; p99 1905.663 ms; latency grew 2.08x across the window)
  optimized-binary@1024B stops at 15000/s (streak=2, mean achieved ratio=0.895)
fraction 0.5 of each knee: baseline@1024B=250/s, optimized-http@1024B=3000/s, optimized-binary@1024B=5000/s, etcd@1024B=4000/s
  r80.0 baseline 1024B disabled rep 1 disk=fast(0.339ms) baseline rate=250/s payload=1024B | achieved=249.5/s (99.8%) | err=0.00% | p50=40.255ms p99=60.831ms p99.9=68.159ms max=70.324ms | leaderCPU=17.2% ELU=0.95 fsync/s=250.1 meta/s=96 AE/s=119.3 | genLagP99=0.067ms | UNSTABLE(latency grew 5.58x across the window)
  r80.1 optimized-http 1024B disabled rep 1 disk=slow(1.696ms) optimized-http rate=3000/s payload=1024B | achieved=3000.4/s (100.0%) | err=0.00% | p50=12.943ms p99=20.383ms p99.9=24.079ms max=31.569ms | leaderCPU=48.9% ELU=1 fsync/s=192.1 meta/s=9.3 AE/s=839.6 | genLagP99=0.044ms | STABLE
  r80.2 etcd 1024B disabled rep 1 disk=slow(1.875ms) etcd rate=4000/s payload=1024B | achieved=3999.3/s (100.0%) | err=0.00% | p50=8.187ms p99=15.743ms p99.9=22.847ms max=30.036ms | leaderCPU=214.9% ELU=null fsync/s=1010.9 meta/s=9.8 AE/s=null | genLagP99=0.047ms | STABLE
  r80.3 optimized-binary 1024B disabled rep 1 disk=slow(1.665ms) optimized-binary rate=5000/s payload=1024B | achieved=5002.3/s (100.0%) | err=0.00% | p50=3.937ms p99=16.231ms p99.9=19.599ms max=23.264ms | leaderCPU=63.2% ELU=1 fsync/s=507.3 meta/s=9.7 AE/s=1782.8 | genLagP99=0.062ms | STABLE
  r81.0 optimized-http 1024B disabled rep 2 disk=fast(0.343ms) optimized-http rate=3000/s payload=1024B | achieved=3000.3/s (100.0%) | err=0.00% | p50=13.695ms p99=22.591ms p99.9=27.695ms max=31.833ms | leaderCPU=54.2% ELU=1 fsync/s=182.6 meta/s=9.3 AE/s=814.6 | genLagP99=0.061ms | STABLE
  r81.1 optimized-binary 1024B disabled rep 2 disk=slow(1.822ms) optimized-binary rate=5000/s payload=1024B | achieved=5000.4/s (100.0%) | err=0.00% | p50=9.959ms p99=18.591ms p99.9=23.631ms max=29.381ms | leaderCPU=47.3% ELU=1 fsync/s=232.3 meta/s=9.3 AE/s=841 | genLagP99=0.057ms | STABLE
  r81.2 baseline 1024B disabled rep 2 disk=slow(1.666ms) baseline rate=250/s payload=1024B | achieved=250.4/s (100.2%) | err=0.00% | p50=8.631ms p99=241.279ms p99.9=363.519ms max=379.16ms | leaderCPU=31.3% ELU=0.767 fsync/s=249.9 meta/s=143.3 AE/s=238 | genLagP99=0.051ms | STABLE
  r81.3 etcd 1024B disabled rep 2 disk=fast(0.369ms) etcd rate=4000/s payload=1024B | achieved=3998.6/s (100.0%) | err=0.00% | p50=9.159ms p99=135.167ms p99.9=227.839ms max=244.721ms | leaderCPU=224.1% ELU=null fsync/s=790.4 meta/s=9.7 AE/s=null | genLagP99=0.092ms | STABLE
  r82.0 optimized-binary 1024B disabled rep 3 disk=slow(1.748ms) optimized-binary rate=5000/s payload=1024B | achieved=5000.3/s (100.0%) | err=0.00% | p50=9.127ms p99=16.879ms p99.9=19.679ms max=22.742ms | leaderCPU=53.3% ELU=1 fsync/s=368.9 meta/s=9.4 AE/s=1303.3 | genLagP99=0.052ms | STABLE
  r82.1 etcd 1024B disabled rep 3 disk=slow(1.759ms) etcd rate=4000/s payload=1024B | achieved=3999.5/s (100.0%) | err=0.00% | p50=8.991ms p99=16.399ms p99.9=21.263ms max=28.351ms | leaderCPU=192.7% ELU=null fsync/s=643.4 meta/s=9.8 AE/s=null | genLagP99=0.064ms | STABLE
  r82.2 optimized-http 1024B disabled rep 3 disk=slow(1.769ms) optimized-http rate=3000/s payload=1024B | achieved=2998.8/s (100.0%) | err=0.00% | p50=18.623ms p99=28.495ms p99.9=34.015ms max=45.285ms | leaderCPU=67.6% ELU=1 fsync/s=127.8 meta/s=9.2 AE/s=742.9 | genLagP99=0.087ms | STABLE
  r82.3 baseline 1024B disabled rep 3 disk=slow(1.772ms) baseline rate=250/s payload=1024B | achieved=250.8/s (100.3%) | err=0.00% | p50=48.703ms p99=85.951ms p99.9=99.647ms max=113.7ms | leaderCPU=26% ELU=0.964 fsync/s=249.8 meta/s=79.2 AE/s=93.1 | genLagP99=0.081ms | STABLE
  r83.0 etcd 1024B disabled rep 4 disk=fast(0.464ms) etcd rate=4000/s payload=1024B | achieved=3998.3/s (100.0%) | err=0.00% | p50=9.423ms p99=19.903ms p99.9=28.175ms max=33.602ms | leaderCPU=251.8% ELU=null fsync/s=792.4 meta/s=9.8 AE/s=null | genLagP99=0.175ms | STABLE
  r83.1 baseline 1024B disabled rep 4 disk=slow(1.934ms) baseline rate=250/s payload=1024B | achieved=249.9/s (100.0%) | err=0.00% | p50=60.319ms p99=81.663ms p99.9=92.991ms max=99.503ms | leaderCPU=17.9% ELU=1 fsync/s=249.9 meta/s=58.4 AE/s=58.4 | genLagP99=0.056ms | STABLE
  r83.2 optimized-binary 1024B disabled rep 4 disk=slow(1.862ms) optimized-binary rate=5000/s payload=1024B | achieved=5002.4/s (100.0%) | err=0.00% | p50=4.727ms p99=16.143ms p99.9=19.711ms max=22.755ms | leaderCPU=61% ELU=1 fsync/s=543.5 meta/s=9.6 AE/s=1911 | genLagP99=0.061ms | STABLE
  r83.3 optimized-http 1024B disabled rep 4 disk=fast(0.382ms) optimized-http rate=3000/s payload=1024B | achieved=2999.5/s (100.0%) | err=0.00% | p50=12.495ms p99=19.247ms p99.9=22.559ms max=25.197ms | leaderCPU=77.3% ELU=1 fsync/s=179.8 meta/s=9.6 AE/s=1714 | genLagP99=0.059ms | STABLE
  r84.0 baseline 1024B disabled rep 5 disk=slow(1.771ms) baseline rate=250/s payload=1024B | achieved=250.2/s (100.1%) | err=0.00% | p50=56.383ms p99=77.631ms p99.9=83.711ms max=86.637ms | leaderCPU=18.9% ELU=1 fsync/s=249.9 meta/s=62.5 AE/s=62.5 | genLagP99=0.086ms | STABLE
  r84.1 optimized-http 1024B disabled rep 5 disk=slow(1.682ms) optimized-http rate=3000/s payload=1024B | achieved=3000.2/s (100.0%) | err=0.00% | p50=12.871ms p99=20.207ms p99.9=25.967ms max=34.01ms | leaderCPU=54.5% ELU=1 fsync/s=190.3 meta/s=9.3 AE/s=1005.2 | genLagP99=0.057ms | STABLE
  r84.2 etcd 1024B disabled rep 5 disk=slow(1.724ms) etcd rate=4000/s payload=1024B | achieved=3999.4/s (100.0%) | err=0.00% | p50=9.247ms p99=16.223ms p99.9=24.047ms max=31.042ms | leaderCPU=194.8% ELU=null fsync/s=363.1 meta/s=9.7 AE/s=null | genLagP99=0.061ms | STABLE
  r84.3 optimized-binary 1024B disabled rep 5 disk=slow(1.687ms) optimized-binary rate=5000/s payload=1024B | achieved=4999.9/s (100.0%) | err=0.00% | p50=5.703ms p99=15.599ms p99.9=30.063ms max=41.523ms | leaderCPU=58.4% ELU=1 fsync/s=555.8 meta/s=9.6 AE/s=1987.1 | genLagP99=0.052ms | STABLE
fraction 0.8 of each knee: baseline@1024B=400/s, optimized-http@1024B=4800/s, optimized-binary@1024B=8000/s, etcd@1024B=6400/s
  r85.0 optimized-http 1024B disabled rep 1 disk=slow(1.805ms) optimized-http rate=4800/s payload=1024B | achieved=4801.3/s (100.0%) | err=0.00% | p50=15.335ms p99=22.767ms p99.9=25.471ms max=28.484ms | leaderCPU=59.7% ELU=1 fsync/s=157.9 meta/s=9.3 AE/s=821.4 | genLagP99=0.057ms | STABLE
  r85.1 optimized-binary 1024B disabled rep 1 disk=slow(1.743ms) optimized-binary rate=8000/s payload=1024B | achieved=7999.6/s (100.0%) | err=0.00% | p50=3.539ms p99=18.367ms p99.9=23.231ms max=30.545ms | leaderCPU=72.6% ELU=1 fsync/s=465.6 meta/s=9.7 AE/s=1648.8 | genLagP99=0.066ms | STABLE
  r85.2 baseline 1024B disabled rep 1 disk=slow(1.761ms) baseline rate=400/s payload=1024B | achieved=402.7/s (100.7%) | err=0.00% | p50=84.735ms p99=114.943ms p99.9=122.751ms max=126.808ms | leaderCPU=21.4% ELU=0.934 fsync/s=399.1 meta/s=89.6 AE/s=127.2 | genLagP99=0.052ms | STABLE
  r85.3 etcd 1024B disabled rep 1 disk=fast(0.351ms) etcd rate=6400/s payload=1024B | achieved=6397.3/s (100.0%) | err=0.00% | p50=9.095ms p99=17.647ms p99.9=22.959ms max=27.286ms | leaderCPU=205.2% ELU=null fsync/s=793 meta/s=9.9 AE/s=null | genLagP99=0.07ms | STABLE
  r86.0 optimized-binary 1024B disabled rep 2 disk=slow(1.784ms) optimized-binary rate=8000/s payload=1024B | achieved=8001.4/s (100.0%) | err=0.00% | p50=11.935ms p99=21.327ms p99.9=26.159ms max=29.664ms | leaderCPU=57.6% ELU=1 fsync/s=170.6 meta/s=9.3 AE/s=587.4 | genLagP99=0.068ms | STABLE
  r86.1 etcd 1024B disabled rep 2 disk=slow(1.717ms) etcd rate=6400/s payload=1024B | achieved=6399.8/s (100.0%) | err=0.00% | p50=3.437ms p99=16.399ms p99.9=23.727ms max=29.089ms | leaderCPU=317.5% ELU=null fsync/s=1206.8 meta/s=9.9 AE/s=null | genLagP99=0.056ms | STABLE
  r86.2 optimized-http 1024B disabled rep 2 disk=slow(1.709ms) optimized-http rate=4800/s payload=1024B | achieved=4800.8/s (100.0%) | err=0.00% | p50=15.383ms p99=24.447ms p99.9=29.247ms max=34.864ms | leaderCPU=57.8% ELU=1 fsync/s=158.6 meta/s=9.3 AE/s=792.1 | genLagP99=0.055ms | STABLE
  r86.3 baseline 1024B disabled rep 2 disk=slow(1.77ms) baseline rate=400/s payload=1024B | achieved=402.7/s (100.7%) | err=0.00% | p50=79.807ms p99=164.735ms p99.9=186.367ms max=192.959ms | leaderCPU=22.4% ELU=0.905 fsync/s=399.9 meta/s=94.4 AE/s=145.2 | genLagP99=0.065ms | STABLE
  r87.0 etcd 1024B disabled rep 3 disk=fast(0.357ms) etcd rate=6400/s payload=1024B | achieved=6398/s (100.0%) | err=0.00% | p50=9.111ms p99=18.255ms p99.9=24.719ms max=28.777ms | leaderCPU=310.2% ELU=null fsync/s=779.9 meta/s=9.9 AE/s=null | genLagP99=0.061ms | STABLE
  r87.1 baseline 1024B disabled rep 3 disk=slow(1.895ms) baseline rate=400/s payload=1024B | achieved=401.4/s (100.4%) | err=0.00% | p50=167.551ms p99=262.015ms p99.9=281.599ms max=298.82ms | leaderCPU=17.1% ELU=1 fsync/s=399.8 meta/s=23.9 AE/s=23.9 | genLagP99=0.059ms | STABLE
  r87.2 optimized-binary 1024B disabled rep 3 disk=slow(1.868ms) optimized-binary rate=8000/s payload=1024B | achieved=8003.7/s (100.0%) | err=0.00% | p50=3.059ms p99=16.351ms p99.9=22.127ms max=29.38ms | leaderCPU=81.4% ELU=0.999 fsync/s=603.6 meta/s=9.8 AE/s=2163.4 | genLagP99=0.06ms | STABLE
  r87.3 optimized-http 1024B disabled rep 3 disk=fast(0.341ms) optimized-http rate=4800/s payload=1024B | achieved=4801.1/s (100.0%) | err=0.00% | p50=16.007ms p99=24.239ms p99.9=30.175ms max=35.557ms | leaderCPU=62.4% ELU=1 fsync/s=151.3 meta/s=9.3 AE/s=792.5 | genLagP99=0.053ms | STABLE
  r88.0 baseline 1024B disabled rep 4 disk=slow(1.949ms) baseline rate=400/s payload=1024B | achieved=402.6/s (100.7%) | err=0.00% | p50=144.255ms p99=195.583ms p99.9=208.383ms max=211.461ms | leaderCPU=20.2% ELU=0.942 fsync/s=399.4 meta/s=68 AE/s=98.9 | genLagP99=0.047ms | STABLE
  r88.1 optimized-http 1024B disabled rep 4 disk=fast(0.35ms) optimized-http rate=4800/s payload=1024B | achieved=4800.9/s (100.0%) | err=0.00% | p50=14.903ms p99=21.919ms p99.9=25.935ms max=33.269ms | leaderCPU=82.8% ELU=1 fsync/s=144.3 meta/s=9.4 AE/s=1695.5 | genLagP99=0.065ms | STABLE
  r88.2 etcd 1024B disabled rep 4 disk=slow(1.864ms) etcd rate=6400/s payload=1024B | achieved=6399.9/s (100.0%) | err=0.00% | p50=9.775ms p99=19.103ms p99.9=25.919ms max=30.703ms | leaderCPU=305.9% ELU=null fsync/s=353 meta/s=9.8 AE/s=null | genLagP99=0.069ms | STABLE
  r88.3 optimized-binary 1024B disabled rep 4 disk=slow(1.754ms) optimized-binary rate=8000/s payload=1024B | achieved=8003.7/s (100.0%) | err=0.00% | p50=3.173ms p99=20.927ms p99.9=32.399ms max=40.855ms | leaderCPU=76.3% ELU=0.999 fsync/s=571 meta/s=9.8 AE/s=2036.5 | genLagP99=0.071ms | STABLE
  r89.0 optimized-http 1024B disabled rep 5 disk=fast(0.351ms) optimized-http rate=4800/s payload=1024B | achieved=4801.2/s (100.0%) | err=0.00% | p50=15.783ms p99=24.191ms p99.9=27.055ms max=30.25ms | leaderCPU=60.7% ELU=1 fsync/s=153.2 meta/s=9.3 AE/s=797.9 | genLagP99=0.052ms | STABLE
  r89.1 optimized-binary 1024B disabled rep 5 disk=slow(1.875ms) optimized-binary rate=8000/s payload=1024B | achieved=8004.1/s (100.1%) | err=0.00% | p50=10.871ms p99=20.639ms p99.9=24.543ms max=29.698ms | leaderCPU=63.2% ELU=0.999 fsync/s=274.4 meta/s=9.3 AE/s=970.5 | genLagP99=0.07ms | STABLE
  r89.2 baseline 1024B disabled rep 5 disk=fast(0.341ms) baseline rate=400/s payload=1024B | achieved=398.6/s (99.7%) | err=0.00% | p50=5.719ms p99=87.359ms p99.9=123.263ms max=142.678ms | leaderCPU=41.5% ELU=0.66 fsync/s=399.9 meta/s=233.5 AE/s=417.1 | genLagP99=0.041ms | STABLE
  r89.3 etcd 1024B disabled rep 5 disk=slow(1.854ms) etcd rate=6400/s payload=1024B | achieved=6400.4/s (100.0%) | err=0.00% | p50=9.759ms p99=19.167ms p99.9=26.431ms max=30.829ms | leaderCPU=247% ELU=null fsync/s=350.1 meta/s=9.8 AE/s=null | genLagP99=0.042ms | STABLE
baseline 1024B: knee=500/s maxStable=502.6/s p99@knee=522.239ms
etcd 1024B: knee=8000/s maxStable=7999.56/s p99@knee=23.183ms
optimized-binary 1024B: knee=10000/s maxStable=10026.36/s p99@knee=135.807ms
optimized-http 1024B: knee=6000/s maxStable=6001.1/s p99@knee=25.951ms
