rung 100/s: baseline@1024B, optimized-http@1024B, optimized-binary@1024B, etcd@1024B
  r0.0 baseline 1024B disabled rep 1 disk=fast(0.361ms) baseline rate=100/s payload=1024B | achieved=100/s (100.0%) | err=0.00% | p50=4.443ms p99=14.175ms p99.9=15.319ms max=15.707ms | leaderCPU=26.4% ELU=0.302 fsync/s=99.9 meta/s=90.5 AE/s=179.6 | genLagP99=0.038ms | STABLE
  r0.1 optimized-http 1024B disabled rep 1 disk=fast(0.369ms) optimized-http rate=100/s payload=1024B | achieved=100/s (100.0%) | err=0.00% | p50=2.075ms p99=4.623ms p99.9=7.271ms max=10.452ms | leaderCPU=17.9% ELU=0.208 fsync/s=100 meta/s=9.3 AE/s=199.9 | genLagP99=0.032ms | STABLE
  r0.2 etcd 1024B disabled rep 1 disk=fast(0.375ms) etcd rate=100/s payload=1024B | achieved=100/s (100.0%) | err=0.00% | p50=1.559ms p99=3.223ms p99.9=4.319ms max=4.757ms | leaderCPU=17% ELU=null fsync/s=100 meta/s=9.8 AE/s=null | genLagP99=0.035ms | STABLE
  r0.3 optimized-binary 1024B disabled rep 1 disk=fast(0.335ms) optimized-binary rate=100/s payload=1024B | achieved=100/s (100.0%) | err=0.00% | p50=1.732ms p99=3.915ms p99.9=5.395ms max=5.613ms | leaderCPU=11.6% ELU=0.152 fsync/s=100 meta/s=9.4 AE/s=199.9 | genLagP99=0.043ms | STABLE
  r1.0 optimized-http 1024B disabled rep 2 disk=fast(0.357ms) optimized-http rate=100/s payload=1024B | achieved=100/s (100.0%) | err=0.00% | p50=2.315ms p99=5.039ms p99.9=15.167ms max=17.85ms | leaderCPU=19.8% ELU=0.232 fsync/s=100 meta/s=8.8 AE/s=200.1 | genLagP99=0.055ms | STABLE
  r1.1 optimized-binary 1024B disabled rep 2 disk=fast(0.398ms) optimized-binary rate=100/s payload=1024B | achieved=100/s (100.0%) | err=0.00% | p50=1.817ms p99=3.715ms p99.9=7.127ms max=11.603ms | leaderCPU=13.5% ELU=0.162 fsync/s=100 meta/s=9.3 AE/s=199.9 | genLagP99=0.067ms | STABLE
  r1.2 baseline 1024B disabled rep 2 disk=fast(0.38ms) baseline rate=100/s payload=1024B | achieved=100/s (100.0%) | err=0.00% | p50=4.747ms p99=15.423ms p99.9=16.295ms max=49.946ms | leaderCPU=26.3% ELU=0.321 fsync/s=100 meta/s=90.1 AE/s=179.4 | genLagP99=0.058ms | STABLE
  r1.3 etcd 1024B disabled rep 2 disk=fast(0.365ms) etcd rate=100/s payload=1024B | achieved=100/s (100.0%) | err=0.00% | p50=1.635ms p99=3.481ms p99.9=7.687ms max=7.775ms | leaderCPU=18.9% ELU=null fsync/s=99.9 meta/s=9.8 AE/s=null | genLagP99=0.038ms | STABLE
  r2.0 optimized-binary 1024B disabled rep 3 disk=fast(0.353ms) optimized-binary rate=100/s payload=1024B | achieved=100/s (100.0%) | err=0.00% | p50=1.8ms p99=4.195ms p99.9=5.522ms max=5.522ms | leaderCPU=14.4% ELU=0.157 fsync/s=100 meta/s=9.3 AE/s=199.9 | genLagP99=0.047ms | STABLE
  r2.1 etcd 1024B disabled rep 3 disk=fast(0.358ms) etcd rate=100/s payload=1024B | achieved=100/s (100.0%) | err=0.00% | p50=1.547ms p99=3.307ms p99.9=4.723ms max=5.353ms | leaderCPU=14.1% ELU=null fsync/s=100 meta/s=9.8 AE/s=null | genLagP99=0.046ms | STABLE
  r2.2 optimized-http 1024B disabled rep 3 disk=fast(0.392ms) optimized-http rate=100/s payload=1024B | achieved=100/s (100.0%) | err=0.00% | p50=2.127ms p99=4.907ms p99.9=7.587ms max=9.752ms | leaderCPU=18.2% ELU=0.22 fsync/s=99.9 meta/s=8.8 AE/s=199.8 | genLagP99=0.063ms | STABLE
  r2.3 baseline 1024B disabled rep 3 disk=fast(0.383ms) baseline rate=100/s payload=1024B | achieved=100/s (100.0%) | err=0.00% | p50=4.479ms p99=14.447ms p99.9=15.807ms max=16.088ms | leaderCPU=25.5% ELU=0.317 fsync/s=99.9 meta/s=91.2 AE/s=181.3 | genLagP99=0.058ms | STABLE
  r3.0 etcd 1024B disabled rep 4 disk=fast(0.405ms) etcd rate=100/s payload=1024B | achieved=100/s (100.0%) | err=0.00% | p50=1.625ms p99=2.589ms p99.9=4.527ms max=6.917ms | leaderCPU=15.9% ELU=null fsync/s=100 meta/s=9.9 AE/s=null | genLagP99=0.05ms | STABLE
  r3.1 baseline 1024B disabled rep 4 disk=fast(0.389ms) baseline rate=100/s payload=1024B | achieved=100/s (100.0%) | err=0.00% | p50=4.199ms p99=13.767ms p99.9=15.511ms max=15.787ms | leaderCPU=17.8% ELU=0.28 fsync/s=100 meta/s=89.5 AE/s=177.8 | genLagP99=0.051ms | STABLE
  r3.2 optimized-binary 1024B disabled rep 4 disk=fast(0.363ms) optimized-binary rate=100/s payload=1024B | achieved=100/s (100.0%) | err=0.00% | p50=1.766ms p99=4.479ms p99.9=8.759ms max=21.866ms | leaderCPU=13.1% ELU=0.158 fsync/s=99.9 meta/s=9.3 AE/s=199.8 | genLagP99=0.056ms | STABLE
  r3.3 optimized-http 1024B disabled rep 4 disk=fast(0.362ms) optimized-http rate=100/s payload=1024B | achieved=100/s (100.0%) | err=0.00% | p50=1.994ms p99=4.587ms p99.9=8.171ms max=9.366ms | leaderCPU=19.7% ELU=0.2 fsync/s=100 meta/s=9.3 AE/s=199.9 | genLagP99=0.034ms | STABLE
  r4.0 baseline 1024B disabled rep 5 disk=fast(0.348ms) baseline rate=100/s payload=1024B | achieved=100/s (100.0%) | err=0.00% | p50=4.459ms p99=15.015ms p99.9=18.399ms max=21.07ms | leaderCPU=22.7% ELU=0.309 fsync/s=100 meta/s=89.3 AE/s=177.3 | genLagP99=0.069ms | STABLE
  r4.1 optimized-http 1024B disabled rep 5 disk=fast(0.332ms) optimized-http rate=100/s payload=1024B | achieved=100/s (100.0%) | err=0.00% | p50=2.163ms p99=5.175ms p99.9=8.019ms max=9.243ms | leaderCPU=17.6% ELU=0.223 fsync/s=100 meta/s=9.3 AE/s=199.9 | genLagP99=0.071ms | STABLE
  r4.2 etcd 1024B disabled rep 5 disk=fast(0.378ms) etcd rate=100/s payload=1024B | achieved=100/s (100.0%) | err=0.00% | p50=1.695ms p99=3.365ms p99.9=9.663ms max=14.247ms | leaderCPU=14.9% ELU=null fsync/s=100 meta/s=9.8 AE/s=null | genLagP99=0.068ms | STABLE
  r4.3 optimized-binary 1024B disabled rep 5 disk=fast(0.393ms) optimized-binary rate=100/s payload=1024B | achieved=100/s (100.0%) | err=0.00% | p50=1.805ms p99=4.155ms p99.9=6.235ms max=9.622ms | leaderCPU=13.3% ELU=0.166 fsync/s=100 meta/s=9.1 AE/s=200 | genLagP99=0.075ms | STABLE
rung 200/s: baseline@1024B, optimized-http@1024B, optimized-binary@1024B, etcd@1024B
  r5.0 optimized-http 1024B disabled rep 1 disk=fast(0.412ms) optimized-http rate=200/s payload=1024B | achieved=200/s (100.0%) | err=0.00% | p50=1.877ms p99=204.927ms p99.9=434.943ms max=494.226ms | leaderCPU=29.4% ELU=0.328 fsync/s=195.3 meta/s=9.6 AE/s=390.7 | genLagP99=145.663ms | STABLE
  r5.1 optimized-binary 1024B disabled rep 1 disk=intermediate(0.627ms) optimized-binary rate=200/s payload=1024B | achieved=200/s (100.0%) | err=0.00% | p50=1.487ms p99=2.621ms p99.9=3.343ms max=8.492ms | leaderCPU=13.9% ELU=0.228 fsync/s=200.1 meta/s=9.6 AE/s=400.2 | genLagP99=0.041ms | STABLE
  r5.2 baseline 1024B disabled rep 1 disk=fast(0.368ms) baseline rate=200/s payload=1024B | achieved=200/s (100.0%) | err=0.00% | p50=4.719ms p99=9.319ms p99.9=12.367ms max=15.587ms | leaderCPU=42.2% ELU=0.502 fsync/s=199.9 meta/s=174.9 AE/s=322.6 | genLagP99=0.042ms | STABLE
  r5.3 etcd 1024B disabled rep 1 disk=fast(0.349ms) etcd rate=200/s payload=1024B | achieved=200/s (100.0%) | err=0.00% | p50=1.348ms p99=2.131ms p99.9=2.621ms max=4.616ms | leaderCPU=30.7% ELU=null fsync/s=199.8 meta/s=9.9 AE/s=null | genLagP99=0.041ms | STABLE
  r6.0 optimized-binary 1024B disabled rep 2 disk=fast(0.338ms) optimized-binary rate=200/s payload=1024B | achieved=199.9/s (100.0%) | err=0.00% | p50=4.115ms p99=10.495ms p99.9=13.831ms max=14.615ms | leaderCPU=19% ELU=0.57 fsync/s=199.1 meta/s=9.3 AE/s=398.6 | genLagP99=0.037ms | STABLE
  r6.1 etcd 1024B disabled rep 2 disk=slow(1.738ms) etcd rate=200/s payload=1024B | achieved=200/s (100.0%) | err=0.00% | p50=4.069ms p99=6.403ms p99.9=9.695ms max=11.489ms | leaderCPU=20.9% ELU=null fsync/s=199.9 meta/s=9.5 AE/s=null | genLagP99=0.027ms | STABLE
  r6.2 optimized-http 1024B disabled rep 2 disk=slow(1.748ms) optimized-http rate=200/s payload=1024B | achieved=200/s (100.0%) | err=0.00% | p50=3.891ms p99=9.759ms p99.9=13.719ms max=15.568ms | leaderCPU=22.8% ELU=0.482 fsync/s=199.8 meta/s=9.4 AE/s=399.6 | genLagP99=0.036ms | STABLE
  r6.3 baseline 1024B disabled rep 2 disk=fast(0.366ms) baseline rate=200/s payload=1024B | achieved=200/s (100.0%) | err=0.00% | p50=5.775ms p99=13.599ms p99.9=15.807ms max=89.04ms | leaderCPU=36.9% ELU=0.505 fsync/s=200 meta/s=150.7 AE/s=281.8 | genLagP99=0.056ms | STABLE
  r7.0 etcd 1024B disabled rep 3 disk=fast(0.371ms) etcd rate=200/s payload=1024B | achieved=197.5/s (98.8%) | err=0.00% | p50=1.458ms p99=306.175ms p99.9=472.319ms max=492.001ms | leaderCPU=29.8% ELU=null fsync/s=187.4 meta/s=9.5 AE/s=null | genLagP99=5.599ms | STABLE
  r7.1 baseline 1024B disabled rep 3 disk=intermediate(0.603ms) baseline rate=200/s payload=1024B | achieved=200.1/s (100.0%) | err=0.00% | p50=4.987ms p99=11.087ms p99.9=20.271ms max=25.964ms | leaderCPU=35.6% ELU=0.528 fsync/s=200 meta/s=176.1 AE/s=323.6 | genLagP99=0.082ms | STABLE
  r7.2 optimized-binary 1024B disabled rep 3 disk=fast(0.394ms) optimized-binary rate=200/s payload=1024B | achieved=199.9/s (100.0%) | err=0.00% | p50=2.295ms p99=8.439ms p99.9=10.135ms max=17.757ms | leaderCPU=18.4% ELU=0.379 fsync/s=200 meta/s=9.4 AE/s=400 | genLagP99=0.03ms | STABLE
  r7.3 optimized-http 1024B disabled rep 3 disk=slow(1.691ms) optimized-http rate=200/s payload=1024B | achieved=200/s (100.0%) | err=0.00% | p50=3.399ms p99=9.175ms p99.9=11.367ms max=11.671ms | leaderCPU=18.9% ELU=0.474 fsync/s=199.9 meta/s=9.5 AE/s=399.8 | genLagP99=0.05ms | STABLE
  r8.0 baseline 1024B disabled rep 4 disk=fast(0.321ms) baseline rate=200/s payload=1024B | achieved=199.7/s (99.8%) | err=0.00% | p50=32.991ms p99=49.951ms p99.9=53.247ms max=56.768ms | leaderCPU=19.8% ELU=0.94 fsync/s=199.9 meta/s=93 AE/s=112.5 | genLagP99=0.054ms | STABLE
  r8.1 optimized-http 1024B disabled rep 4 disk=slow(1.643ms) optimized-http rate=200/s payload=1024B | achieved=200/s (100.0%) | err=0.00% | p50=1.935ms p99=3.045ms p99.9=4.375ms max=5.494ms | leaderCPU=24.7% ELU=0.334 fsync/s=199.9 meta/s=9.7 AE/s=399.9 | genLagP99=0.048ms | STABLE
  r8.2 etcd 1024B disabled rep 4 disk=fast(0.382ms) etcd rate=200/s payload=1024B | achieved=201.7/s (100.8%) | err=0.00% | p50=3.993ms p99=332.031ms p99.9=390.399ms max=397.922ms | leaderCPU=23.4% ELU=null fsync/s=184.3 meta/s=9.1 AE/s=null | genLagP99=11.271ms | STABLE
  r8.3 optimized-binary 1024B disabled rep 4 disk=slow(1.696ms) optimized-binary rate=200/s payload=1024B | achieved=200/s (100.0%) | err=0.00% | p50=1.49ms p99=8.075ms p99.9=13.143ms max=15.768ms | leaderCPU=10.9% ELU=0.314 fsync/s=199.9 meta/s=9.6 AE/s=399.9 | genLagP99=0.045ms | STABLE
  r9.0 optimized-http 1024B disabled rep 5 disk=fast(0.333ms) optimized-http rate=200/s payload=1024B | achieved=200/s (100.0%) | err=0.00% | p50=1.827ms p99=3.181ms p99.9=4.995ms max=8.81ms | leaderCPU=26.7% ELU=0.308 fsync/s=199.8 meta/s=9.7 AE/s=399.7 | genLagP99=0.036ms | STABLE
  r9.1 optimized-binary 1024B disabled rep 5 disk=fast(0.379ms) optimized-binary rate=200/s payload=1024B | achieved=200/s (100.0%) | err=0.00% | p50=1.587ms p99=2.981ms p99.9=7.607ms max=22.198ms | leaderCPU=21.5% ELU=0.245 fsync/s=200 meta/s=9.7 AE/s=400 | genLagP99=0.052ms | STABLE
  r9.2 baseline 1024B disabled rep 5 disk=fast(0.339ms) baseline rate=200/s payload=1024B | achieved=200/s (100.0%) | err=0.00% | p50=4.539ms p99=9.047ms p99.9=11.487ms max=14.885ms | leaderCPU=34.1% ELU=0.486 fsync/s=200 meta/s=175.4 AE/s=326.6 | genLagP99=0.021ms | STABLE
  r9.3 etcd 1024B disabled rep 5 disk=fast(0.359ms) etcd rate=200/s payload=1024B | achieved=200/s (100.0%) | err=0.00% | p50=1.294ms p99=2.081ms p99.9=2.723ms max=5.16ms | leaderCPU=40.3% ELU=null fsync/s=199.8 meta/s=9.9 AE/s=null | genLagP99=0.033ms | STABLE
rung 300/s: baseline@1024B, optimized-http@1024B, optimized-binary@1024B, etcd@1024B
  r10.0 optimized-binary 1024B disabled rep 1 disk=fast(0.308ms) optimized-binary rate=300/s payload=1024B | achieved=299.9/s (100.0%) | err=0.00% | p50=5.583ms p99=11.303ms p99.9=14.207ms max=18.181ms | leaderCPU=17.4% ELU=0.747 fsync/s=292.1 meta/s=9.4 AE/s=589.2 | genLagP99=0.042ms | STABLE
  r10.1 etcd 1024B disabled rep 1 disk=slow(1.915ms) etcd rate=300/s payload=1024B | achieved=300.1/s (100.0%) | err=0.00% | p50=2.723ms p99=8.655ms p99.9=12.463ms max=17.05ms | leaderCPU=40.9% ELU=null fsync/s=299.7 meta/s=9.7 AE/s=null | genLagP99=0.042ms | STABLE
  r10.2 optimized-http 1024B disabled rep 1 disk=fast(0.386ms) optimized-http rate=300/s payload=1024B | achieved=300/s (100.0%) | err=0.00% | p50=1.673ms p99=2.921ms p99.9=4.647ms max=8.993ms | leaderCPU=34% ELU=0.432 fsync/s=300.1 meta/s=9.8 AE/s=600.1 | genLagP99=0.043ms | STABLE
  r10.3 baseline 1024B disabled rep 1 disk=fast(0.324ms) baseline rate=300/s payload=1024B | achieved=299.9/s (100.0%) | err=0.00% | p50=7.015ms p99=12.071ms p99.9=15.263ms max=16.584ms | leaderCPU=47.2% ELU=0.678 fsync/s=299.9 meta/s=204.1 AE/s=354.9 | genLagP99=0.057ms | STABLE
  r11.0 etcd 1024B disabled rep 2 disk=fast(0.414ms) etcd rate=300/s payload=1024B | achieved=299.9/s (100.0%) | err=0.00% | p50=5.743ms p99=13.287ms p99.9=21.311ms max=30.394ms | leaderCPU=41.9% ELU=null fsync/s=298.7 meta/s=9.4 AE/s=null | genLagP99=0.061ms | STABLE
  r11.1 baseline 1024B disabled rep 2 disk=slow(1.875ms) baseline rate=300/s payload=1024B | achieved=300.4/s (100.2%) | err=0.00% | p50=83.007ms p99=114.943ms p99.9=125.183ms max=129.647ms | leaderCPU=21.9% ELU=1 fsync/s=299.6 meta/s=47.4 AE/s=47.4 | genLagP99=0.078ms | STABLE
  r11.2 optimized-binary 1024B disabled rep 2 disk=slow(1.73ms) optimized-binary rate=300/s payload=1024B | achieved=300.1/s (100.0%) | err=0.00% | p50=1.621ms p99=9.751ms p99.9=12.799ms max=18.787ms | leaderCPU=25.8% ELU=0.523 fsync/s=297.7 meta/s=9.7 AE/s=597 | genLagP99=0.067ms | STABLE
  r11.3 optimized-http 1024B disabled rep 2 disk=fast(0.41ms) optimized-http rate=300/s payload=1024B | achieved=300/s (100.0%) | err=0.00% | p50=1.924ms p99=3.567ms p99.9=6.199ms max=8.77ms | leaderCPU=42.3% ELU=0.512 fsync/s=300 meta/s=9.7 AE/s=600 | genLagP99=0.063ms | STABLE
  r12.0 baseline 1024B disabled rep 3 disk=fast(0.411ms) baseline rate=300/s payload=1024B | achieved=300.1/s (100.0%) | err=0.00% | p50=7.031ms p99=11.551ms p99.9=15.655ms max=18.669ms | leaderCPU=45.5% ELU=0.677 fsync/s=300.1 meta/s=204.3 AE/s=356.9 | genLagP99=0.079ms | STABLE
  r12.1 optimized-http 1024B disabled rep 3 disk=fast(0.403ms) optimized-http rate=300/s payload=1024B | achieved=300.1/s (100.0%) | err=0.00% | p50=8.623ms p99=16.239ms p99.9=19.903ms max=21.494ms | leaderCPU=37.6% ELU=0.978 fsync/s=274.1 meta/s=9.3 AE/s=585.8 | genLagP99=0.079ms | STABLE
  r12.2 etcd 1024B disabled rep 3 disk=slow(1.922ms) etcd rate=300/s payload=1024B | achieved=300.1/s (100.0%) | err=0.00% | p50=5.591ms p99=14.511ms p99.9=26.095ms max=34.003ms | leaderCPU=36.3% ELU=null fsync/s=298.3 meta/s=9.4 AE/s=null | genLagP99=0.056ms | STABLE
  r12.3 optimized-binary 1024B disabled rep 3 disk=slow(1.687ms) optimized-binary rate=300/s payload=1024B | achieved=300.1/s (100.0%) | err=0.00% | p50=3.741ms p99=10.559ms p99.9=12.895ms max=14.591ms | leaderCPU=22.8% ELU=0.636 fsync/s=296.3 meta/s=9.6 AE/s=595.3 | genLagP99=0.044ms | STABLE
  r13.0 optimized-http 1024B disabled rep 4 disk=fast(0.397ms) optimized-http rate=300/s payload=1024B | achieved=300/s (100.0%) | err=0.00% | p50=1.943ms p99=3.905ms p99.9=6.631ms max=9.029ms | leaderCPU=44.8% ELU=0.518 fsync/s=299.9 meta/s=9.7 AE/s=599.9 | genLagP99=0.056ms | STABLE
  r13.1 optimized-binary 1024B disabled rep 4 disk=fast(0.421ms) optimized-binary rate=300/s payload=1024B | achieved=300/s (100.0%) | err=0.00% | p50=1.451ms p99=2.617ms p99.9=3.605ms max=6.202ms | leaderCPU=25.5% ELU=0.341 fsync/s=299.9 meta/s=9.8 AE/s=599.7 | genLagP99=0.057ms | STABLE
  r13.2 baseline 1024B disabled rep 4 disk=fast(0.394ms) baseline rate=300/s payload=1024B | achieved=299.9/s (100.0%) | err=0.00% | p50=7.375ms p99=12.759ms p99.9=16.255ms max=19.877ms | leaderCPU=48.1% ELU=0.701 fsync/s=300 meta/s=202.6 AE/s=346 | genLagP99=0.08ms | STABLE
  r13.3 etcd 1024B disabled rep 4 disk=fast(0.404ms) etcd rate=300/s payload=1024B | achieved=299.9/s (100.0%) | err=0.00% | p50=5.911ms p99=13.151ms p99.9=17.903ms max=18.656ms | leaderCPU=44.2% ELU=null fsync/s=298.8 meta/s=9.4 AE/s=null | genLagP99=0.062ms | STABLE
  r14.0 optimized-binary 1024B disabled rep 5 disk=slow(1.762ms) optimized-binary rate=300/s payload=1024B | achieved=299.9/s (100.0%) | err=0.00% | p50=5.743ms p99=12.103ms p99.9=20.559ms max=33.301ms | leaderCPU=19.4% ELU=0.792 fsync/s=292.1 meta/s=9.4 AE/s=589 | genLagP99=0.061ms | STABLE
  r14.1 etcd 1024B disabled rep 5 disk=slow(1.667ms) etcd rate=300/s payload=1024B | achieved=300/s (100.0%) | err=0.00% | p50=1.218ms p99=1.87ms p99.9=2.527ms max=4.792ms | leaderCPU=30.5% ELU=null fsync/s=299.9 meta/s=9.9 AE/s=null | genLagP99=0.041ms | STABLE
  r14.2 optimized-http 1024B disabled rep 5 disk=fast(0.315ms) optimized-http rate=300/s payload=1024B | achieved=300/s (100.0%) | err=0.00% | p50=1.641ms p99=3.147ms p99.9=10.983ms max=15.937ms | leaderCPU=39% ELU=0.427 fsync/s=299.8 meta/s=9.8 AE/s=599.9 | genLagP99=0.032ms | STABLE
  r14.3 baseline 1024B disabled rep 5 disk=fast(0.395ms) baseline rate=300/s payload=1024B | achieved=300/s (100.0%) | err=0.00% | p50=6.307ms p99=10.775ms p99.9=21.407ms max=28.941ms | leaderCPU=45.8% ELU=0.653 fsync/s=299.8 meta/s=213.3 AE/s=381.9 | genLagP99=0.05ms | STABLE
rung 500/s: baseline@1024B, optimized-http@1024B, optimized-binary@1024B, etcd@1024B
  r15.0 etcd 1024B disabled rep 1 disk=fast(0.345ms) etcd rate=500/s payload=1024B | achieved=500.1/s (100.0%) | err=0.00% | p50=9.775ms p99=15.519ms p99.9=20.815ms max=26.554ms | leaderCPU=48.2% ELU=null fsync/s=356.1 meta/s=9.4 AE/s=null | genLagP99=0.072ms | STABLE
  r15.1 baseline 1024B disabled rep 1 disk=slow(1.801ms) baseline rate=500/s payload=1024B | achieved=510.3/s (102.0%) | err=0.00% | p50=277.247ms p99=535.551ms p99.9=581.119ms max=611.998ms | leaderCPU=29.1% ELU=0.986 fsync/s=504.1 meta/s=53.1 AE/s=66.7 | genLagP99=0.076ms | STABLE
  r15.2 optimized-binary 1024B disabled rep 1 disk=fast(0.374ms) optimized-binary rate=500/s payload=1024B | achieved=500/s (100.0%) | err=0.00% | p50=1.194ms p99=2.435ms p99.9=6.291ms max=12.501ms | leaderCPU=32.5% ELU=0.473 fsync/s=499.5 meta/s=9.8 AE/s=999 | genLagP99=0.067ms | STABLE
  r15.3 optimized-http 1024B disabled rep 1 disk=fast(0.346ms) optimized-http rate=500/s payload=1024B | achieved=499.8/s (100.0%) | err=0.00% | p50=9.759ms p99=16.975ms p99.9=19.087ms max=21.009ms | leaderCPU=45.9% ELU=0.979 fsync/s=280.6 meta/s=9.5 AE/s=823.6 | genLagP99=0.074ms | STABLE
  r16.0 baseline 1024B disabled rep 2 disk=slow(1.763ms) baseline rate=500/s payload=1024B | achieved=489.8/s (98.0%) | err=0.00% | p50=12.351ms p99=465.919ms p99.9=493.311ms max=519.429ms | leaderCPU=40.9% ELU=0.948 fsync/s=495.5 meta/s=147.8 AE/s=198.6 | genLagP99=0.091ms | UNSTABLE(achieved 98% of offered; latency grew 42.43x across the window)
  r16.1 optimized-http 1024B disabled rep 2 disk=slow(1.695ms) optimized-http rate=500/s payload=1024B | achieved=500.4/s (100.1%) | err=0.00% | p50=1.527ms p99=16.511ms p99.9=21.007ms max=22.788ms | leaderCPU=42.3% ELU=0.701 fsync/s=431.1 meta/s=9.7 AE/s=938 | genLagP99=0.04ms | STABLE
  r16.2 etcd 1024B disabled rep 2 disk=fast(0.291ms) etcd rate=500/s payload=1024B | achieved=500/s (100.0%) | err=0.00% | p50=1.162ms p99=1.911ms p99.9=3.127ms max=8.616ms | leaderCPU=62.6% ELU=null fsync/s=499.8 meta/s=9.9 AE/s=null | genLagP99=0.045ms | STABLE
  r16.3 optimized-binary 1024B disabled rep 2 disk=fast(0.317ms) optimized-binary rate=500/s payload=1024B | achieved=500/s (100.0%) | err=0.00% | p50=1.349ms p99=7.579ms p99.9=38.399ms max=64.326ms | leaderCPU=36.4% ELU=0.525 fsync/s=495.5 meta/s=9.8 AE/s=991.5 | genLagP99=0.09ms | STABLE
  r17.0 optimized-http 1024B disabled rep 3 disk=fast(0.335ms) optimized-http rate=500/s payload=1024B | achieved=500.1/s (100.0%) | err=0.00% | p50=1.784ms p99=7.463ms p99.9=38.399ms max=50.268ms | leaderCPU=60.5% ELU=0.745 fsync/s=494.1 meta/s=9.8 AE/s=991.5 | genLagP99=0.095ms | STABLE
  r17.1 optimized-binary 1024B disabled rep 3 disk=fast(0.332ms) optimized-binary rate=500/s payload=1024B | achieved=500/s (100.0%) | err=0.00% | p50=8.271ms p99=15.199ms p99.9=17.615ms max=19.071ms | leaderCPU=19.8% ELU=1 fsync/s=289.6 meta/s=9.4 AE/s=789.4 | genLagP99=0.068ms | STABLE
  r17.2 baseline 1024B disabled rep 3 disk=slow(1.832ms) baseline rate=500/s payload=1024B | achieved=515.4/s (103.1%) | err=0.00% | p50=167.935ms p99=577.535ms p99.9=618.495ms max=628.731ms | leaderCPU=32.8% ELU=0.944 fsync/s=509.1 meta/s=123.5 AE/s=174.6 | genLagP99=0.049ms | STABLE
